Archive member included to satisfy reference by file (symbol)

/usr/lib/gcc/arm-none-eabi/9.2.1/thumb/v6-m/nofp/libgcc.a(_dvmd_tls.o)
                              CMakeFiles/psion_recreate.dir/tree/downloaded_tools/pico/pico-sdk/src/rp2_common/pico_divider/divider.S.obj (__aeabi_idiv0)
/usr/lib/gcc/arm-none-eabi/9.2.1/../../../arm-none-eabi/lib/thumb/v6-m/nofp/libc.a(lib_a-atexit.o)
                              /usr/lib/gcc/arm-none-eabi/9.2.1/../../../arm-none-eabi/lib/thumb/v6-m/nofp/crt0.o (atexit)
/usr/lib/gcc/arm-none-eabi/9.2.1/../../../arm-none-eabi/lib/thumb/v6-m/nofp/libc.a(lib_a-atoi.o)
                              CMakeFiles/psion_recreate.dir/match.c.obj (atoi)
/usr/lib/gcc/arm-none-eabi/9.2.1/../../../arm-none-eabi/lib/thumb/v6-m/nofp/libc.a(lib_a-calloc.o)
                              CMakeFiles/psion_recreate.dir/tree/downloaded_tools/pico/pico-sdk/src/rp2_common/pico_malloc/pico_malloc.c.obj (calloc)
/usr/lib/gcc/arm-none-eabi/9.2.1/../../../arm-none-eabi/lib/thumb/v6-m/nofp/libc.a(lib_a-callocr.o)
                              /usr/lib/gcc/arm-none-eabi/9.2.1/../../../arm-none-eabi/lib/thumb/v6-m/nofp/libc.a(lib_a-calloc.o) (_calloc_r)
/usr/lib/gcc/arm-none-eabi/9.2.1/../../../arm-none-eabi/lib/thumb/v6-m/nofp/libc.a(lib_a-ctype_.o)
                              CMakeFiles/psion_recreate.dir/emulator.c.obj (_ctype_)
/usr/lib/gcc/arm-none-eabi/9.2.1/../../../arm-none-eabi/lib/thumb/v6-m/nofp/libc.a(lib_a-fclose.o)
                              CMakeFiles/psion_recreate.dir/emulator.c.obj (fclose)
/usr/lib/gcc/arm-none-eabi/9.2.1/../../../arm-none-eabi/lib/thumb/v6-m/nofp/libc.a(lib_a-fflush.o)
                              /usr/lib/gcc/arm-none-eabi/9.2.1/../../../arm-none-eabi/lib/thumb/v6-m/nofp/libc.a(lib_a-fclose.o) (__sflush_r)
/usr/lib/gcc/arm-none-eabi/9.2.1/../../../arm-none-eabi/lib/thumb/v6-m/nofp/libc.a(lib_a-findfp.o)
                              /usr/lib/gcc/arm-none-eabi/9.2.1/../../../arm-none-eabi/lib/thumb/v6-m/nofp/libc.a(lib_a-fclose.o) (__sinit)
/usr/lib/gcc/arm-none-eabi/9.2.1/../../../arm-none-eabi/lib/thumb/v6-m/nofp/libc.a(lib_a-fini.o)
                              /usr/lib/gcc/arm-none-eabi/9.2.1/../../../arm-none-eabi/lib/thumb/v6-m/nofp/crt0.o (__libc_fini_array)
/usr/lib/gcc/arm-none-eabi/9.2.1/../../../arm-none-eabi/lib/thumb/v6-m/nofp/libc.a(lib_a-fopen.o)
                              CMakeFiles/psion_recreate.dir/emulator.c.obj (fopen)
/usr/lib/gcc/arm-none-eabi/9.2.1/../../../arm-none-eabi/lib/thumb/v6-m/nofp/libc.a(lib_a-fprintf.o)
                              CMakeFiles/psion_recreate.dir/emulator.c.obj (fprintf)
/usr/lib/gcc/arm-none-eabi/9.2.1/../../../arm-none-eabi/lib/thumb/v6-m/nofp/libc.a(lib_a-fputc.o)
                              CMakeFiles/psion_recreate.dir/emulator.c.obj (fputc)
/usr/lib/gcc/arm-none-eabi/9.2.1/../../../arm-none-eabi/lib/thumb/v6-m/nofp/libc.a(lib_a-freer.o)
                              /usr/lib/gcc/arm-none-eabi/9.2.1/../../../arm-none-eabi/lib/thumb/v6-m/nofp/libc.a(lib_a-fclose.o) (_free_r)
/usr/lib/gcc/arm-none-eabi/9.2.1/../../../arm-none-eabi/lib/thumb/v6-m/nofp/libc.a(lib_a-fseek.o)
                              /usr/lib/gcc/arm-none-eabi/9.2.1/../../../arm-none-eabi/lib/thumb/v6-m/nofp/libc.a(lib_a-fopen.o) (_fseek_r)
/usr/lib/gcc/arm-none-eabi/9.2.1/../../../arm-none-eabi/lib/thumb/v6-m/nofp/libc.a(lib_a-fseeko.o)
                              /usr/lib/gcc/arm-none-eabi/9.2.1/../../../arm-none-eabi/lib/thumb/v6-m/nofp/libc.a(lib_a-fseek.o) (_fseeko_r)
/usr/lib/gcc/arm-none-eabi/9.2.1/../../../arm-none-eabi/lib/thumb/v6-m/nofp/libc.a(lib_a-fstatr.o)
                              /usr/lib/gcc/arm-none-eabi/9.2.1/../../../arm-none-eabi/lib/thumb/v6-m/nofp/libc.a(lib_a-fseeko.o) (_fstat_r)
/usr/lib/gcc/arm-none-eabi/9.2.1/../../../arm-none-eabi/lib/thumb/v6-m/nofp/libc.a(lib_a-ftello.o)
                              /usr/lib/gcc/arm-none-eabi/9.2.1/../../../arm-none-eabi/lib/thumb/v6-m/nofp/libc.a(lib_a-fseeko.o) (_ftello_r)
/usr/lib/gcc/arm-none-eabi/9.2.1/../../../arm-none-eabi/lib/thumb/v6-m/nofp/libc.a(lib_a-fwalk.o)
                              /usr/lib/gcc/arm-none-eabi/9.2.1/../../../arm-none-eabi/lib/thumb/v6-m/nofp/libc.a(lib_a-findfp.o) (_fwalk)
/usr/lib/gcc/arm-none-eabi/9.2.1/../../../arm-none-eabi/lib/thumb/v6-m/nofp/libc.a(lib_a-impure.o)
                              /usr/lib/gcc/arm-none-eabi/9.2.1/../../../arm-none-eabi/lib/thumb/v6-m/nofp/libc.a(lib_a-fflush.o) (_global_impure_ptr)
/usr/lib/gcc/arm-none-eabi/9.2.1/../../../arm-none-eabi/lib/thumb/v6-m/nofp/libc.a(lib_a-init.o)
                              /usr/lib/gcc/arm-none-eabi/9.2.1/../../../arm-none-eabi/lib/thumb/v6-m/nofp/crt0.o (__libc_init_array)
/usr/lib/gcc/arm-none-eabi/9.2.1/../../../arm-none-eabi/lib/thumb/v6-m/nofp/libc.a(lib_a-makebuf.o)
                              /usr/lib/gcc/arm-none-eabi/9.2.1/../../../arm-none-eabi/lib/thumb/v6-m/nofp/libc.a(lib_a-fseeko.o) (__smakebuf_r)
[...]
Memory Configuration

Name             Origin             Length             Attributes
FLASH            0x0000000010000000 0x0000000000200000 xr
RAM              0x0000000020000000 0x0000000000040000 xrw
SCRATCH_X        0x0000000020040000 0x0000000000001000 xrw
SCRATCH_Y        0x0000000020041000 0x0000000000001000 xrw
*default*        0x0000000000000000 0xffffffffffffffff

Linker script and memory map

LOAD /usr/lib/gcc/arm-none-eabi/9.2.1/thumb/v6-m/nofp/crti.o
LOAD /usr/lib/gcc/arm-none-eabi/9.2.1/thumb/v6-m/nofp/crtbegin.o
LOAD /usr/lib/gcc/arm-none-eabi/9.2.1/../../../arm-none-eabi/lib/thumb/v6-m/nofp/crt0.o

.flash_begin    0x0000000010000000        0x0
                0x0000000010000000                __flash_binary_start = .

.boot2          0x0000000010000000      0x100
                0x0000000010000000                __boot2_start__ = .
 *(.boot2)
 .boot2         0x0000000010000000      0x100 /tmp/cc2OQy4N.o
                0x0000000010000100                __boot2_end__ = .
                0x0000000000000001                ASSERT (((__boot2_end__ - __boot2_start__) == 0x100), ERROR: Pico second stage bootloader must be 256 bytes in size)

.text           0x0000000010000100    0x1d3e0
                0x0000000010000100                __logical_binary_start = .
 *(.vectors)
 .vectors       0x0000000010000100       0xd4 CMakeFiles/psion_recreate.dir/tree/downloaded_tools/pico/pico-sdk/src/rp2_common/pico_standard_link/crt0.S.obj
                0x0000000010000100                __vectors
                0x0000000010000100                __VECTOR_TABLE
                0x00000000100001c0                isr_invalid
                0x00000000100001c0                __default_isrs_start
                0x00000000100001c2                isr_nmi
                0x00000000100001c4                isr_hardfault
                0x00000000100001c6                isr_svcall
                0x00000000100001c8                isr_pendsv
                0x00000000100001ca                isr_systick
                0x00000000100001cc                isr_irq30
                0x00000000100001cc                __unhandled_user_irq
                0x00000000100001cc                isr_irq13
                0x00000000100001cc                isr_irq27
                0x00000000100001cc                isr_irq31
                0x00000000100001cc                isr_irq5
                0x00000000100001cc                isr_irq11
                0x00000000100001cc                isr_irq23
                0x00000000100001cc                isr_irq18
                0x00000000100001cc                isr_irq28
                0x00000000100001cc                isr_irq19
                0x00000000100001cc                isr_irq0
                0x00000000100001cc                isr_irq6
                0x00000000100001cc                isr_irq22
                0x00000000100001cc                isr_irq17
                0x00000000100001cc                isr_irq14
                0x00000000100001cc                isr_irq2
                0x00000000100001cc                isr_irq10
                0x00000000100001cc                isr_irq8
                0x00000000100001cc                isr_irq24
                0x00000000100001cc                isr_irq1
                0x00000000100001cc                isr_irq7
                0x00000000100001cc                isr_irq21
                0x00000000100001cc                isr_irq20
                0x00000000100001cc                isr_irq15
                0x00000000100001cc                isr_irq25
                0x00000000100001cc                isr_irq4
                0x00000000100001cc                isr_irq16
                0x00000000100001cc                isr_irq29
                0x00000000100001cc                isr_irq26
                0x00000000100001cc                __default_isrs_end
                0x00000000100001cc                isr_irq3
                0x00000000100001cc                isr_irq12
                0x00000000100001cc                isr_irq9
                0x00000000100001d2                unhandled_user_irq_num_in_r0
 *(.binary_info_header)
 .binary_info_header
                0x00000000100001d4       0x14 CMakeFiles/psion_recreate.dir/tree/downloaded_tools/pico/pico-sdk/src/rp2_common/pico_standard_link/crt0.S.obj
                0x00000000100001e8                __binary_info_header_end = .
 *(.reset)
 .reset         0x00000000100001e8       0xa8 CMakeFiles/psion_recreate.dir/tree/downloaded_tools/pico/pico-sdk/src/rp2_common/pico_standard_link/crt0.S.obj
                0x00000000100001e8                _entry_point
                0x0000000010000266                __get_current_exception
 .reset         0x0000000010000290       0x30 CMakeFiles/psion_recreate.dir/tree/downloaded_tools/pico/pico-sdk/src/rp2_common/pico_standard_link/binary_info.c.obj
 *(.init)
 .init          0x00000000100002c0        0x4 /usr/lib/gcc/arm-none-eabi/9.2.1/thumb/v6-m/nofp/crti.o
                0x00000000100002c0                _init
 *(EXCLUDE_FILE(*libm.a: *libc.a:*lib_a-mem*.o *libgcc.a:) .text*)
 .text          0x00000000100002c4       0x98 /usr/lib/gcc/arm-none-eabi/9.2.1/thumb/v6-m/nofp/crtbegin.o
 .text.core1_main
                0x000000001000035c       0x7c CMakeFiles/psion_recreate.dir/psion_recreate.c.obj
                0x000000001000035c                core1_main
 .text.latch2_set_mask
                0x00000000100003d8      0x344 CMakeFiles/psion_recreate.dir/psion_recreate.c.obj
                0x00000000100003d8                latch2_set_mask
 .text.latch2_clear_mask
                0x000000001000071c      0x344 CMakeFiles/psion_recreate.dir/psion_recreate.c.obj
                0x000000001000071c                latch2_clear_mask
 .text.read_165
                0x0000000010000a60       0xdc CMakeFiles/psion_recreate.dir/psion_recreate.c.obj
                0x0000000010000a60                read_165
 .text.write_595
                0x0000000010000b3c       0x50 CMakeFiles/psion_recreate.dir/psion_recreate.c.obj
                0x0000000010000b3c                write_595
 .text.menu_loop_tasks
                0x0000000010000b8c       0x18 CMakeFiles/psion_recreate.dir/psion_recreate.c.obj
                0x0000000010000b8c                menu_loop_tasks
 .text.startup.main
                0x0000000010000ba4      0x1ac CMakeFiles/psion_recreate.dir/psion_recreate.c.obj
                0x0000000010000ba4                main
 .text.Set_Page_Address
                0x0000000010000d50       0x24 CMakeFiles/psion_recreate.dir/display.c.obj
                0x0000000010000d50                Set_Page_Address
 .text.Set_Column_Address
                0x0000000010000d74       0x28 CMakeFiles/psion_recreate.dir/display.c.obj
                0x0000000010000d74                Set_Column_Address
 .text.initialise_oled
                0x0000000010000d9c      0x1c4 CMakeFiles/psion_recreate.dir/display.c.obj
                0x0000000010000d9c                initialise_oled
 .text.clear_oled
                0x0000000010000f60       0x74 CMakeFiles/psion_recreate.dir/display.c.obj
                0x0000000010000f60                clear_oled
 .text.i_printxy
                0x0000000010000fd4       0x90 CMakeFiles/psion_recreate.dir/font.c.obj
                0x0000000010000fd4                i_printxy
 .text.printxy  0x0000000010001064        0x8 CMakeFiles/psion_recreate.dir/font.c.obj
                0x0000000010001064                printxy
 .text.printxy_str
                0x000000001000106c       0x24 CMakeFiles/psion_recreate.dir/font.c.obj
                0x000000001000106c                printxy_str
 .text.printxy_hex
                0x0000000010001090       0x34 CMakeFiles/psion_recreate.dir/font.c.obj
                0x0000000010001090                printxy_hex
 .text.display_clear
                0x00000000100010c4       0x30 CMakeFiles/psion_recreate.dir/font.c.obj
                0x00000000100010c4                display_clear
 .text.print_nl
                0x00000000100010f4       0x20 CMakeFiles/psion_recreate.dir/font.c.obj
                0x00000000100010f4                print_nl
 .text.print_str
                0x0000000010001114       0x64 CMakeFiles/psion_recreate.dir/font.c.obj
                0x0000000010001114                print_str
 .text.handle_power_off
                0x0000000010001178       0x28 CMakeFiles/psion_recreate.dir/emulator.c.obj
                0x0000000010001178                handle_power_off
 .text.handle_sca
                0x00000000100011a0       0xb8 CMakeFiles/psion_recreate.dir/emulator.c.obj
                0x00000000100011a0                handle_sca
 .text.serial_set_rdrf
                0x0000000010001258       0x1c CMakeFiles/psion_recreate.dir/emulator.c.obj
                0x0000000010001258                serial_set_rdrf
 .text.put_display_char
                0x0000000010001274       0x2c CMakeFiles/psion_recreate.dir/emulator.c.obj
                0x0000000010001274                put_display_char
 .text.write_display_extra
                0x00000000100012a0       0x14 CMakeFiles/psion_recreate.dir/emulator.c.obj
                0x00000000100012a0                write_display_extra
 .text.dump_lcd
                0x00000000100012b4      0x1dc CMakeFiles/psion_recreate.dir/emulator.c.obj
                0x00000000100012b4                dump_lcd
 .text.handle_lcd_write
                0x0000000010001490      0x1f0 CMakeFiles/psion_recreate.dir/emulator.c.obj
                0x0000000010001490                handle_lcd_write
 .text.display_save
                0x0000000010001680       0x18 CMakeFiles/psion_recreate.dir/emulator.c.obj
                0x0000000010001680                display_save
 .text.display_restore
                0x0000000010001698       0x24 CMakeFiles/psion_recreate.dir/emulator.c.obj
                0x0000000010001698                display_restore
 .text.port2_ddr
                0x00000000100016bc       0xf8 CMakeFiles/psion_recreate.dir/emulator.c.obj
                0x00000000100016bc                port2_ddr
 .text.write_port6
                0x00000000100017b4       0xc0 CMakeFiles/psion_recreate.dir/emulator.c.obj
                0x00000000100017b4                write_port6
 .text.port6_ddr
                0x0000000010001874      0x11c CMakeFiles/psion_recreate.dir/emulator.c.obj
                0x0000000010001874                port6_ddr
 .text.RD_REF   0x0000000010001990      0x338 CMakeFiles/psion_recreate.dir/emulator.c.obj
                0x0000000010001990                RD_REF
 .text.RD_ADDR  0x0000000010001cc8      0x304 CMakeFiles/psion_recreate.dir/emulator.c.obj
                0x0000000010001cc8                RD_ADDR
 .text.RDW_ADDR
                0x0000000010001fcc       0x94 CMakeFiles/psion_recreate.dir/emulator.c.obj
                0x0000000010001fcc                RDW_ADDR
 .text.WR_ADDR  0x0000000010002060      0x2ac CMakeFiles/psion_recreate.dir/emulator.c.obj
                0x0000000010002060                WR_ADDR
 .text.interrupt_request
                0x000000001000230c       0x38 CMakeFiles/psion_recreate.dir/emulator.c.obj
                0x000000001000230c                interrupt_request
 .text.tick_1s  0x0000000010002344      0x120 CMakeFiles/psion_recreate.dir/emulator.c.obj
                0x0000000010002344                tick_1s
 .text.initialise_emulator
                0x0000000010002464       0xa4 CMakeFiles/psion_recreate.dir/emulator.c.obj
                0x0000000010002464                initialise_emulator
 .text.after_ram_restore_init
                0x0000000010002508       0x44 CMakeFiles/psion_recreate.dir/emulator.c.obj
                0x0000000010002508                after_ram_restore_init
 .text.loop_emulator
                0x000000001000254c     0xb2f0 CMakeFiles/psion_recreate.dir/emulator.c.obj
                0x000000001000254c                loop_emulator
 .text.ifm_null
                0x000000001000d83c        0x4 CMakeFiles/psion_recreate.dir/wireless.c.obj
                0x000000001000d83c                ifm_null
 .text.rfn_null
                0x000000001000d840        0x4 CMakeFiles/psion_recreate.dir/wireless.c.obj
                0x000000001000d840                rfn_null
 .text.rfn_send_done
                0x000000001000d844        0xc CMakeFiles/psion_recreate.dir/wireless.c.obj
                0x000000001000d844                rfn_send_done
 .text.btfn_key
                0x000000001000d850       0x30 CMakeFiles/psion_recreate.dir/wireless.c.obj
                0x000000001000d850                btfn_key
 .text.ifm_ipd  0x000000001000d880       0x18 CMakeFiles/psion_recreate.dir/wireless.c.obj
                0x000000001000d880                ifm_ipd
 .text.ifm_recv
                0x000000001000d898       0x18 CMakeFiles/psion_recreate.dir/wireless.c.obj
                0x000000001000d898                ifm_recv
 .text.on_uart_rx
                0x000000001000d8b0       0x78 CMakeFiles/psion_recreate.dir/wireless.c.obj
                0x000000001000d8b0                on_uart_rx
 .text.ufn_ram  0x000000001000d928        0x4 CMakeFiles/psion_recreate.dir/wireless.c.obj
                0x000000001000d928                ufn_ram
 .text.ifn2_ipd
                0x000000001000d92c       0x34 CMakeFiles/psion_recreate.dir/wireless.c.obj
                0x000000001000d92c                ifn2_ipd
 .text.ufn_eeprom_read
                0x000000001000d960      0x1bc CMakeFiles/psion_recreate.dir/wireless.c.obj
                0x000000001000d960                ufn_eeprom_read
 .text.ifn2_btdata
                0x000000001000db1c      0x134 CMakeFiles/psion_recreate.dir/wireless.c.obj
                0x000000001000db1c                ifn2_btdata
 .text.ifn_next_is_ok
                0x000000001000dc50       0x50 CMakeFiles/psion_recreate.dir/wireless.c.obj
                0x000000001000dc50                ifn_next_is_ok
 .text.ifn_ready
                0x000000001000dca0       0xa0 CMakeFiles/psion_recreate.dir/wireless.c.obj
                0x000000001000dca0                ifn_ready
 .text.ifn_check_ok
                0x000000001000dd40       0x84 CMakeFiles/psion_recreate.dir/wireless.c.obj
                0x000000001000dd40                ifn_check_ok
 .text.ifn_startdisc
                0x000000001000ddc4      0x174 CMakeFiles/psion_recreate.dir/wireless.c.obj
                0x000000001000ddc4                ifn_startdisc
 .text.ifn_busy
                0x000000001000df38       0x60 CMakeFiles/psion_recreate.dir/wireless.c.obj
                0x000000001000df38                ifn_busy
 .text.ifn_closed
                0x000000001000df98       0x60 CMakeFiles/psion_recreate.dir/wireless.c.obj
                0x000000001000df98                ifn_closed
 .text.ifn_recv
                0x000000001000dff8       0xb0 CMakeFiles/psion_recreate.dir/wireless.c.obj
                0x000000001000dff8                ifn_recv
 .text.ifn_ignore
                0x000000001000e0a8       0x68 CMakeFiles/psion_recreate.dir/wireless.c.obj
                0x000000001000e0a8                ifn_ignore
 .text.ifn_connect
                0x000000001000e110       0x78 CMakeFiles/psion_recreate.dir/wireless.c.obj
                0x000000001000e110                ifn_connect
 .text.ifn_cipsend
                0x000000001000e188       0xb0 CMakeFiles/psion_recreate.dir/wireless.c.obj
                0x000000001000e188                ifn_cipsend
 .text.wireless_init
                0x000000001000e238       0xa4 CMakeFiles/psion_recreate.dir/wireless.c.obj
                0x000000001000e238                wireless_init
 .text.stringify_float
                0x000000001000e2dc      0x118 CMakeFiles/psion_recreate.dir/wireless.c.obj
                0x000000001000e2dc                stringify_float
 .text.ufn_index
                0x000000001000e3f4      0x108 CMakeFiles/psion_recreate.dir/wireless.c.obj
                0x000000001000e3f4                ufn_index
 .text.get_n_bytes_then
                0x000000001000e4fc      0x118 CMakeFiles/psion_recreate.dir/wireless.c.obj
                0x000000001000e4fc                get_n_bytes_then
 .text.ifn_ipd  0x000000001000e614       0x70 CMakeFiles/psion_recreate.dir/wireless.c.obj
                0x000000001000e614                ifn_ipd
 .text.ifn_btdata
                0x000000001000e684       0x70 CMakeFiles/psion_recreate.dir/wireless.c.obj
                0x000000001000e684                ifn_btdata
 .text.send_bt_reply
                0x000000001000e6f4       0x8c CMakeFiles/psion_recreate.dir/wireless.c.obj
                0x000000001000e6f4                send_bt_reply
 .text.btfn_hello
                0x000000001000e780       0x1c CMakeFiles/psion_recreate.dir/wireless.c.obj
                0x000000001000e780                btfn_hello
 .text.btfn_mem_wr
                0x000000001000e79c       0x2c CMakeFiles/psion_recreate.dir/wireless.c.obj
                0x000000001000e79c                btfn_mem_wr
 .text.btfn_eeprom_rd
                0x000000001000e7c8      0x158 CMakeFiles/psion_recreate.dir/wireless.c.obj
                0x000000001000e7c8                btfn_eeprom_rd
 .text.btfn_display
                0x000000001000e920       0x3c CMakeFiles/psion_recreate.dir/wireless.c.obj
                0x000000001000e920                btfn_display
 .text.btfn_eeprom_wr
                0x000000001000e95c       0x40 CMakeFiles/psion_recreate.dir/wireless.c.obj
                0x000000001000e95c                btfn_eeprom_wr
 .text.btfn_processor_status
                0x000000001000e99c      0x214 CMakeFiles/psion_recreate.dir/wireless.c.obj
                0x000000001000e99c                btfn_processor_status
 .text.send_reply
                0x000000001000ebb0       0x84 CMakeFiles/psion_recreate.dir/wireless.c.obj
                0x000000001000ebb0                send_reply
 .text.ufn_memory_write
                0x000000001000ec34       0x40 CMakeFiles/psion_recreate.dir/wireless.c.obj
                0x000000001000ec34                ufn_memory_write
 .text.ufn_memory_0
                0x000000001000ec74      0x124 CMakeFiles/psion_recreate.dir/wireless.c.obj
                0x000000001000ec74                ufn_memory_0
 .text.ufn_eeprom_write
                0x000000001000ed98       0x54 CMakeFiles/psion_recreate.dir/wireless.c.obj
                0x000000001000ed98                ufn_eeprom_write
 .text.ufn_memory_addr
                0x000000001000edec      0x104 CMakeFiles/psion_recreate.dir/wireless.c.obj
                0x000000001000edec                ufn_memory_addr
 .text.ufn_memory_at
                0x000000001000eef0       0x3c CMakeFiles/psion_recreate.dir/wireless.c.obj
                0x000000001000eef0                ufn_memory_at
 .text.btfn_mem_rd
                0x000000001000ef2c       0x2c CMakeFiles/psion_recreate.dir/wireless.c.obj
                0x000000001000ef2c                btfn_mem_rd
 .text.wireless_taskloop
                0x000000001000ef58      0x4e8 CMakeFiles/psion_recreate.dir/wireless.c.obj
                0x000000001000ef58                wireless_taskloop
 .text.rtc_tasks
                0x000000001000f440      0x290 CMakeFiles/psion_recreate.dir/rtc.c.obj
                0x000000001000f440                rtc_tasks
 .text.i2c_set_delay_value
                0x000000001000f6d0        0xc CMakeFiles/psion_recreate.dir/i2c.c.obj
                0x000000001000f6d0                i2c_set_delay_value
 .text.i2c_start
                0x000000001000f6dc       0x68 CMakeFiles/psion_recreate.dir/i2c.c.obj
                0x000000001000f6dc                i2c_start
 .text.i2c_stop
                0x000000001000f744       0x80 CMakeFiles/psion_recreate.dir/i2c.c.obj
                0x000000001000f744                i2c_stop
 .text.i2c_send_byte
                0x000000001000f7c4       0xe0 CMakeFiles/psion_recreate.dir/i2c.c.obj
                0x000000001000f7c4                i2c_send_byte
 .text.i2c_recv_byte
                0x000000001000f8a4      0x108 CMakeFiles/psion_recreate.dir/i2c.c.obj
                0x000000001000f8a4                i2c_recv_byte
 .text.i2c_read_bytes
                0x000000001000f9ac      0x184 CMakeFiles/psion_recreate.dir/i2c.c.obj
                0x000000001000f9ac                i2c_read_bytes
 .text.i2c_send_bytes
                0x000000001000fb30       0xe8 CMakeFiles/psion_recreate.dir/i2c.c.obj
                0x000000001000fb30                i2c_send_bytes
 .text.match    0x000000001000fc18      0x464 CMakeFiles/psion_recreate.dir/match.c.obj
                0x000000001000fc18                match
 .text.read_eeprom
                0x000000001001007c       0x34 CMakeFiles/psion_recreate.dir/eeprom.c.obj
                0x000000001001007c                read_eeprom
 .text.write_eeprom
                0x00000000100100b0       0x48 CMakeFiles/psion_recreate.dir/eeprom.c.obj
                0x00000000100100b0                write_eeprom
 .text.eeprom_ram_dump
                0x00000000100100f8       0xdc CMakeFiles/psion_recreate.dir/eeprom.c.obj
                0x00000000100100f8                eeprom_ram_dump
 .text.eeprom_ram_restore
                0x00000000100101d4       0xa0 CMakeFiles/psion_recreate.dir/eeprom.c.obj
                0x00000000100101d4                eeprom_ram_restore
 .text.eeprom_perform_restore
                0x0000000010010274       0x1c CMakeFiles/psion_recreate.dir/eeprom.c.obj
                0x0000000010010274                eeprom_perform_restore
 .text.eeprom_perform_dump
                0x0000000010010290       0x1c CMakeFiles/psion_recreate.dir/eeprom.c.obj
                0x0000000010010290                eeprom_perform_dump
 .text.eeprom_tasks
                0x00000000100102ac       0x94 CMakeFiles/psion_recreate.dir/eeprom.c.obj
                0x00000000100102ac                eeprom_tasks
 .text.init_menu_top
                0x0000000010010340        0x4 CMakeFiles/psion_recreate.dir/menu.c.obj
                0x0000000010010340                init_menu_top
 .text.menu_exit
                0x0000000010010344        0xc CMakeFiles/psion_recreate.dir/menu.c.obj
                0x0000000010010344                menu_exit
 .text.menu_back
                0x0000000010010350       0x18 CMakeFiles/psion_recreate.dir/menu.c.obj
                0x0000000010010350                menu_back
 .text.menu_goto_eeprom
                0x0000000010010368       0x1c CMakeFiles/psion_recreate.dir/menu.c.obj
                0x0000000010010368                menu_goto_eeprom
 .text.menu_goto_mems
                0x0000000010010384       0x1c CMakeFiles/psion_recreate.dir/menu.c.obj
                0x0000000010010384                menu_goto_mems
 .text.menu_goto_rtc
                0x00000000100103a0       0x1c CMakeFiles/psion_recreate.dir/menu.c.obj
                0x00000000100103a0                menu_goto_rtc
 .text.menu_rtc_varset
                0x00000000100103bc        0xc CMakeFiles/psion_recreate.dir/menu.c.obj
                0x00000000100103bc                menu_rtc_varset
 .text.menu_rtc_regset
                0x00000000100103c8        0xc CMakeFiles/psion_recreate.dir/menu.c.obj
                0x00000000100103c8                menu_rtc_regset
 .text.menu_scan_test
                0x00000000100103d4       0x54 CMakeFiles/psion_recreate.dir/menu.c.obj
                0x00000000100103d4                menu_scan_test
 .text.menu_instant_off
                0x0000000010010428       0x2c CMakeFiles/psion_recreate.dir/menu.c.obj
                0x0000000010010428                menu_instant_off
 .text.menu_eeprom_save_mems
                0x0000000010010454       0x18 CMakeFiles/psion_recreate.dir/menu.c.obj
                0x0000000010010454                menu_eeprom_save_mems
 .text.menu_eeprom_invalidate
                0x000000001001046c       0x50 CMakeFiles/psion_recreate.dir/menu.c.obj
                0x000000001001046c                menu_eeprom_invalidate
 .text.menu_eeprom_load_mems
                0x00000000100104bc       0x18 CMakeFiles/psion_recreate.dir/menu.c.obj
                0x00000000100104bc                menu_eeprom_load_mems
 .text.menu_eeprom_extract_mems
                0x00000000100104d4       0x28 CMakeFiles/psion_recreate.dir/menu.c.obj
                0x00000000100104d4                menu_eeprom_extract_mems
 .text.menu_null
                0x00000000100104fc        0x4 CMakeFiles/psion_recreate.dir/menu.c.obj
                0x00000000100104fc                menu_null
 .text.init_menu_eeprom
                0x0000000010010500        0x4 CMakeFiles/psion_recreate.dir/menu.c.obj
                0x0000000010010500                init_menu_eeprom
 .text.init_menu_rtc
                0x0000000010010504        0x4 CMakeFiles/psion_recreate.dir/menu.c.obj
                0x0000000010010504                init_menu_rtc
 .text.init_menu_mems
                0x0000000010010508        0x4 CMakeFiles/psion_recreate.dir/menu.c.obj
                0x0000000010010508                init_menu_mems
 .text.scan_keys
                0x000000001001050c       0xf4 CMakeFiles/psion_recreate.dir/menu.c.obj
                0x000000001001050c                scan_keys
 .text.menu_process
                0x0000000010010600       0xb4 CMakeFiles/psion_recreate.dir/menu.c.obj
                0x0000000010010600                menu_process
 .text.menu_enter
                0x00000000100106b4       0x40 CMakeFiles/psion_recreate.dir/menu.c.obj
                0x00000000100106b4                menu_enter
 .text.menu_loop
                0x00000000100106f4       0xf8 CMakeFiles/psion_recreate.dir/menu.c.obj
                0x00000000100106f4                menu_loop
 .text.menu_leave
                0x00000000100107ec       0x28 CMakeFiles/psion_recreate.dir/menu.c.obj
                0x00000000100107ec                menu_leave
 .text.check_menu_launch
                0x0000000010010814       0x84 CMakeFiles/psion_recreate.dir/menu.c.obj
                0x0000000010010814                check_menu_launch
 .text.gpio_set_function
                0x0000000010010898       0x30 CMakeFiles/psion_recreate.dir/tree/downloaded_tools/pico/pico-sdk/src/rp2_common/hardware_gpio/gpio.c.obj
                0x0000000010010898                gpio_set_function
 .text.gpio_set_pulls
                0x00000000100108c8       0x30 CMakeFiles/psion_recreate.dir/tree/downloaded_tools/pico/pico-sdk/src/rp2_common/hardware_gpio/gpio.c.obj
                0x00000000100108c8                gpio_set_pulls
 .text.gpio_init
                0x00000000100108f8       0x3c CMakeFiles/psion_recreate.dir/tree/downloaded_tools/pico/pico-sdk/src/rp2_common/hardware_gpio/gpio.c.obj
                0x00000000100108f8                gpio_init
 .text.hw_claim_or_assert
                0x0000000010010934       0x48 CMakeFiles/psion_recreate.dir/tree/downloaded_tools/pico/pico-sdk/src/rp2_common/hardware_claim/claim.c.obj
                0x0000000010010934                hw_claim_or_assert
 .text.hw_claim_unused_from_range
                0x000000001001097c       0x9c CMakeFiles/psion_recreate.dir/tree/downloaded_tools/pico/pico-sdk/src/rp2_common/hardware_claim/claim.c.obj
                0x000000001001097c                hw_claim_unused_from_range
 .text.running_on_fpga
                0x0000000010010a18       0x10 CMakeFiles/psion_recreate.dir/tree/downloaded_tools/pico/pico-sdk/src/rp2_common/pico_platform/platform.c.obj
                0x0000000010010a18                running_on_fpga
 .text.spin_locks_reset
                0x0000000010010a28       0x1c CMakeFiles/psion_recreate.dir/tree/downloaded_tools/pico/pico-sdk/src/rp2_common/hardware_sync/sync.c.obj
                0x0000000010010a28                spin_locks_reset
 .text.next_striped_spin_lock_num
                0x0000000010010a44       0x18 CMakeFiles/psion_recreate.dir/tree/downloaded_tools/pico/pico-sdk/src/rp2_common/hardware_sync/sync.c.obj
                0x0000000010010a44                next_striped_spin_lock_num
 .text.spin_lock_claim_unused
                0x0000000010010a5c       0x20 CMakeFiles/psion_recreate.dir/tree/downloaded_tools/pico/pico-sdk/src/rp2_common/hardware_sync/sync.c.obj
                0x0000000010010a5c                spin_lock_claim_unused
 .text.uart_init
                0x0000000010010a7c       0xe4 CMakeFiles/psion_recreate.dir/tree/downloaded_tools/pico/pico-sdk/src/rp2_common/hardware_uart/uart.c.obj
                0x0000000010010a7c                uart_init
 .text.timer_pool_entry_comparator
                0x0000000010010b60       0x34 CMakeFiles/psion_recreate.dir/tree/downloaded_tools/pico/pico-sdk/src/common/pico_time/time.c.obj
                0x0000000010010b60                timer_pool_entry_comparator
 .text.sleep_until_callback
                0x0000000010010b94       0x30 CMakeFiles/psion_recreate.dir/tree/downloaded_tools/pico/pico-sdk/src/common/pico_time/time.c.obj
 .text.alarm_pool_add_alarm_at.constprop.0
                0x0000000010010bc4      0x128 CMakeFiles/psion_recreate.dir/tree/downloaded_tools/pico/pico-sdk/src/common/pico_time/time.c.obj
 .text.add_alarm_under_lock
                0x0000000010010cec      0x108 CMakeFiles/psion_recreate.dir/tree/downloaded_tools/pico/pico-sdk/src/common/pico_time/time.c.obj
 .text.alarm_pool_alarm_callback
                0x0000000010010df4      0x1c8 CMakeFiles/psion_recreate.dir/tree/downloaded_tools/pico/pico-sdk/src/common/pico_time/time.c.obj
 .text.alarm_pool_init_default
                0x0000000010010fbc       0x64 CMakeFiles/psion_recreate.dir/tree/downloaded_tools/pico/pico-sdk/src/common/pico_time/time.c.obj
                0x0000000010010fbc                alarm_pool_init_default
 .text.alarm_pool_get_default
                0x0000000010011020        0x8 CMakeFiles/psion_recreate.dir/tree/downloaded_tools/pico/pico-sdk/src/common/pico_time/time.c.obj
                0x0000000010011020                alarm_pool_get_default
 .text.alarm_pool_add_alarm_at
                0x0000000010011028      0x1ac CMakeFiles/psion_recreate.dir/tree/downloaded_tools/pico/pico-sdk/src/common/pico_time/time.c.obj
                0x0000000010011028                alarm_pool_add_alarm_at
 .text.sleep_until
                0x00000000100111d4       0xac CMakeFiles/psion_recreate.dir/tree/downloaded_tools/pico/pico-sdk/src/common/pico_time/time.c.obj
                0x00000000100111d4                sleep_until
 .text.sleep_us
                0x0000000010011280       0x30 CMakeFiles/psion_recreate.dir/tree/downloaded_tools/pico/pico-sdk/src/common/pico_time/time.c.obj
                0x0000000010011280                sleep_us
 .text.sleep_ms
                0x00000000100112b0       0x38 CMakeFiles/psion_recreate.dir/tree/downloaded_tools/pico/pico-sdk/src/common/pico_time/time.c.obj
                0x00000000100112b0                sleep_ms
 .text.best_effort_wfe_or_timeout
                0x00000000100112e8       0xd4 CMakeFiles/psion_recreate.dir/tree/downloaded_tools/pico/pico-sdk/src/common/pico_time/time.c.obj
                0x00000000100112e8                best_effort_wfe_or_timeout
 .text.hardware_alarm_irq_handler
                0x00000000100113bc       0xb8 CMakeFiles/psion_recreate.dir/tree/downloaded_tools/pico/pico-sdk/src/rp2_common/hardware_timer/timer.c.obj
 .text.hardware_alarm_claim
                0x0000000010011474       0x18 CMakeFiles/psion_recreate.dir/tree/downloaded_tools/pico/pico-sdk/src/rp2_common/hardware_timer/timer.c.obj
                0x0000000010011474                hardware_alarm_claim
 .text.time_us_64
                0x000000001001148c       0x14 CMakeFiles/psion_recreate.dir/tree/downloaded_tools/pico/pico-sdk/src/rp2_common/hardware_timer/timer.c.obj
                0x000000001001148c                time_us_64
 .text.busy_wait_us
                0x00000000100114a0       0x54 CMakeFiles/psion_recreate.dir/tree/downloaded_tools/pico/pico-sdk/src/rp2_common/hardware_timer/timer.c.obj
                0x00000000100114a0                busy_wait_us
 .text.busy_wait_until
                0x00000000100114f4       0x20 CMakeFiles/psion_recreate.dir/tree/downloaded_tools/pico/pico-sdk/src/rp2_common/hardware_timer/timer.c.obj
                0x00000000100114f4                busy_wait_until
 .text.hardware_alarm_set_callback
                0x0000000010011514       0x8c CMakeFiles/psion_recreate.dir/tree/downloaded_tools/pico/pico-sdk/src/rp2_common/hardware_timer/timer.c.obj
                0x0000000010011514                hardware_alarm_set_callback
 .text.hardware_alarm_set_target
                0x00000000100115a0       0xe4 CMakeFiles/psion_recreate.dir/tree/downloaded_tools/pico/pico-sdk/src/rp2_common/hardware_timer/timer.c.obj
                0x00000000100115a0                hardware_alarm_set_target
 .text.hardware_alarm_cancel
                0x0000000010011684       0x40 CMakeFiles/psion_recreate.dir/tree/downloaded_tools/pico/pico-sdk/src/rp2_common/hardware_timer/timer.c.obj
                0x0000000010011684                hardware_alarm_cancel
 .text.lock_init
                0x00000000100116c4       0x10 CMakeFiles/psion_recreate.dir/tree/downloaded_tools/pico/pico-sdk/src/common/pico_sync/lock_core.c.obj
                0x00000000100116c4                lock_init
 .text.mutex_init
                0x00000000100116d4       0x1c CMakeFiles/psion_recreate.dir/tree/downloaded_tools/pico/pico-sdk/src/common/pico_sync/mutex.c.obj
                0x00000000100116d4                mutex_init
 .text.recursive_mutex_init
                0x00000000100116f0       0x1c CMakeFiles/psion_recreate.dir/tree/downloaded_tools/pico/pico-sdk/src/common/pico_sync/mutex.c.obj
                0x00000000100116f0                recursive_mutex_init
 .text.critical_section_init
                0x000000001001170c       0x1c CMakeFiles/psion_recreate.dir/tree/downloaded_tools/pico/pico-sdk/src/common/pico_sync/critical_section.c.obj
                0x000000001001170c                critical_section_init
 .text.ph_merge_nodes
                0x0000000010011728       0x68 CMakeFiles/psion_recreate.dir/tree/downloaded_tools/pico/pico-sdk/src/common/pico_util/pheap.c.obj
 .text.ph_post_alloc_init
                0x0000000010011790       0x3c CMakeFiles/psion_recreate.dir/tree/downloaded_tools/pico/pico-sdk/src/common/pico_util/pheap.c.obj
                0x0000000010011790                ph_post_alloc_init
 .text.ph_merge_two_pass
                0x00000000100117cc       0x90 CMakeFiles/psion_recreate.dir/tree/downloaded_tools/pico/pico-sdk/src/common/pico_util/pheap.c.obj
                0x00000000100117cc                ph_merge_two_pass
 .text.ph_remove_any_head
                0x000000001001185c       0xf8 CMakeFiles/psion_recreate.dir/tree/downloaded_tools/pico/pico-sdk/src/common/pico_util/pheap.c.obj
 .text.ph_remove_head
                0x0000000010011954      0x13c CMakeFiles/psion_recreate.dir/tree/downloaded_tools/pico/pico-sdk/src/common/pico_util/pheap.c.obj
                0x0000000010011954                ph_remove_head
 .text.ph_remove_and_free_node
                0x0000000010011a90       0x7c CMakeFiles/psion_recreate.dir/tree/downloaded_tools/pico/pico-sdk/src/common/pico_util/pheap.c.obj
                0x0000000010011a90                ph_remove_and_free_node
 .text.runtime_init
                0x0000000010011b0c       0xfc CMakeFiles/psion_recreate.dir/tree/downloaded_tools/pico/pico-sdk/src/rp2_common/pico_runtime/runtime.c.obj
                0x0000000010011b0c                runtime_init
 .text._sbrk    0x0000000010011c08       0x34 CMakeFiles/psion_recreate.dir/tree/downloaded_tools/pico/pico-sdk/src/rp2_common/pico_runtime/runtime.c.obj
                0x0000000010011c08                _sbrk
 .text.exit     0x0000000010011c3c        0x4 CMakeFiles/psion_recreate.dir/tree/downloaded_tools/pico/pico-sdk/src/rp2_common/pico_runtime/runtime.c.obj
                0x0000000010011c3c                exit
 .text.__assert_func
                0x0000000010011c40       0x34 CMakeFiles/psion_recreate.dir/tree/downloaded_tools/pico/pico-sdk/src/rp2_common/pico_runtime/runtime.c.obj
                0x0000000010011c40                __assert_func
 .text.panic    0x0000000010011c74       0x30 CMakeFiles/psion_recreate.dir/tree/downloaded_tools/pico/pico-sdk/src/rp2_common/pico_runtime/runtime.c.obj
                0x0000000010011c74                panic
 .text.hard_assertion_failure
                0x0000000010011ca4        0xc CMakeFiles/psion_recreate.dir/tree/downloaded_tools/pico/pico-sdk/src/rp2_common/pico_runtime/runtime.c.obj
                0x0000000010011ca4                hard_assertion_failure
 .text.clocks_init
                0x0000000010011cb0      0x2bc CMakeFiles/psion_recreate.dir/tree/downloaded_tools/pico/pico-sdk/src/rp2_common/hardware_clocks/clocks.c.obj
                0x0000000010011cb0                clocks_init
 .text.clock_get_hz
                0x0000000010011f6c        0xc CMakeFiles/psion_recreate.dir/tree/downloaded_tools/pico/pico-sdk/src/rp2_common/hardware_clocks/clocks.c.obj
                0x0000000010011f6c                clock_get_hz
 .text.irq_set_enabled
                0x0000000010011f78       0x24 CMakeFiles/psion_recreate.dir/tree/downloaded_tools/pico/pico-sdk/src/rp2_common/hardware_irq/irq.c.obj
                0x0000000010011f78                irq_set_enabled
 .text.irq_is_enabled
                0x0000000010011f9c       0x18 CMakeFiles/psion_recreate.dir/tree/downloaded_tools/pico/pico-sdk/src/rp2_common/hardware_irq/irq.c.obj
                0x0000000010011f9c                irq_is_enabled
 .text.irq_set_pending
                0x0000000010011fb4       0x10 CMakeFiles/psion_recreate.dir/tree/downloaded_tools/pico/pico-sdk/src/rp2_common/hardware_irq/irq.c.obj
                0x0000000010011fb4                irq_set_pending
 .text.irq_get_vtable_handler
                0x0000000010011fc4       0x10 CMakeFiles/psion_recreate.dir/tree/downloaded_tools/pico/pico-sdk/src/rp2_common/hardware_irq/irq.c.obj
                0x0000000010011fc4                irq_get_vtable_handler
 .text.irq_set_exclusive_handler
                0x0000000010011fd4       0x54 CMakeFiles/psion_recreate.dir/tree/downloaded_tools/pico/pico-sdk/src/rp2_common/hardware_irq/irq.c.obj
                0x0000000010011fd4                irq_set_exclusive_handler
 .text.irq_remove_handler
                0x0000000010012028      0x1b8 CMakeFiles/psion_recreate.dir/tree/downloaded_tools/pico/pico-sdk/src/rp2_common/hardware_irq/irq.c.obj
                0x0000000010012028                irq_remove_handler
 .text.irq_add_tail_to_free_list
                0x00000000100121e0       0xb8 CMakeFiles/psion_recreate.dir/tree/downloaded_tools/pico/pico-sdk/src/rp2_common/hardware_irq/irq.c.obj
                0x00000000100121e0                irq_add_tail_to_free_list
 .text.irq_init_priorities
                0x0000000010012298       0x38 CMakeFiles/psion_recreate.dir/tree/downloaded_tools/pico/pico-sdk/src/rp2_common/hardware_irq/irq.c.obj
                0x0000000010012298                irq_init_priorities
 .text.pll_init
                0x00000000100122d0       0xa4 CMakeFiles/psion_recreate.dir/tree/downloaded_tools/pico/pico-sdk/src/rp2_common/hardware_pll/pll.c.obj
                0x00000000100122d0                pll_init
 .text.watchdog_start_tick
                0x0000000010012374       0x10 CMakeFiles/psion_recreate.dir/tree/downloaded_tools/pico/pico-sdk/src/rp2_common/hardware_watchdog/watchdog.c.obj
                0x0000000010012374                watchdog_start_tick
 .text.watchdog_reboot
                0x0000000010012384       0x98 CMakeFiles/psion_recreate.dir/tree/downloaded_tools/pico/pico-sdk/src/rp2_common/hardware_watchdog/watchdog.c.obj
                0x0000000010012384                watchdog_reboot
 .text.xosc_init
                0x000000001001241c       0x28 CMakeFiles/psion_recreate.dir/tree/downloaded_tools/pico/pico-sdk/src/rp2_common/hardware_xosc/xosc.c.obj
                0x000000001001241c                xosc_init
 .text._out_buffer
                0x0000000010012444        0x8 CMakeFiles/psion_recreate.dir/tree/downloaded_tools/pico/pico-sdk/src/rp2_common/pico_printf/printf.c.obj
 .text._out_null
                0x000000001001244c        0x4 CMakeFiles/psion_recreate.dir/tree/downloaded_tools/pico/pico-sdk/src/rp2_common/pico_printf/printf.c.obj
 .text._out_rev
                0x0000000010012450       0xd0 CMakeFiles/psion_recreate.dir/tree/downloaded_tools/pico/pico-sdk/src/rp2_common/pico_printf/printf.c.obj
 .text._ntoa_format
                0x0000000010012520      0x1d0 CMakeFiles/psion_recreate.dir/tree/downloaded_tools/pico/pico-sdk/src/rp2_common/pico_printf/printf.c.obj
 .text._out_char
                0x00000000100126f0       0x10 CMakeFiles/psion_recreate.dir/tree/downloaded_tools/pico/pico-sdk/src/rp2_common/pico_printf/printf.c.obj
 .text._etoa    0x0000000010012700      0x478 CMakeFiles/psion_recreate.dir/tree/downloaded_tools/pico/pico-sdk/src/rp2_common/pico_printf/printf.c.obj
 .text._ftoa    0x0000000010012b78      0x3e0 CMakeFiles/psion_recreate.dir/tree/downloaded_tools/pico/pico-sdk/src/rp2_common/pico_printf/printf.c.obj
 .text._vsnprintf
                0x0000000010012f58      0xb08 CMakeFiles/psion_recreate.dir/tree/downloaded_tools/pico/pico-sdk/src/rp2_common/pico_printf/printf.c.obj
 .text.__wrap_sprintf
                0x0000000010013a60       0x28 CMakeFiles/psion_recreate.dir/tree/downloaded_tools/pico/pico-sdk/src/rp2_common/pico_printf/printf.c.obj
                0x0000000010013a60                __wrap_sprintf
 .text.weak_raw_printf
                0x0000000010013a88       0x40 CMakeFiles/psion_recreate.dir/tree/downloaded_tools/pico/pico-sdk/src/rp2_common/pico_printf/printf.c.obj
                0x0000000010013a88                weak_raw_printf
 .text.weak_raw_vprintf
                0x0000000010013ac8       0x30 CMakeFiles/psion_recreate.dir/tree/downloaded_tools/pico/pico-sdk/src/rp2_common/pico_printf/printf.c.obj
                0x0000000010013ac8                weak_raw_vprintf
 .text          0x0000000010013af8       0x10 CMakeFiles/psion_recreate.dir/tree/downloaded_tools/pico/pico-sdk/src/rp2_common/pico_bit_ops/bit_ops_aeabi.S.obj
 .text.rom_func_lookup
                0x0000000010013b08       0x10 CMakeFiles/psion_recreate.dir/tree/downloaded_tools/pico/pico-sdk/src/rp2_common/pico_bootrom/bootrom.c.obj
                0x0000000010013b08                rom_func_lookup
 .text.rom_data_lookup
                0x0000000010013b18       0x10 CMakeFiles/psion_recreate.dir/tree/downloaded_tools/pico/pico-sdk/src/rp2_common/pico_bootrom/bootrom.c.obj
                0x0000000010013b18                rom_data_lookup
 .text.rom_funcs_lookup
                0x0000000010013b28       0x3c CMakeFiles/psion_recreate.dir/tree/downloaded_tools/pico/pico-sdk/src/rp2_common/pico_bootrom/bootrom.c.obj
                0x0000000010013b28                rom_funcs_lookup
 .text.__wrap___aeabi_idiv
                0x0000000010013b64       0x50 CMakeFiles/psion_recreate.dir/tree/downloaded_tools/pico/pico-sdk/src/rp2_common/pico_divider/divider.S.obj
                0x0000000010013b64                __wrap___aeabi_idivmod
                0x0000000010013b64                divmod_s32s32
                0x0000000010013b64                div_s32s32
                0x0000000010013b64                __wrap___aeabi_idiv
                0x0000000010013b6c                divmod_s32s32_unsafe
                0x0000000010013b98                divmod_s32s32_savestate
 .text.__wrap___aeabi_uidiv
                0x0000000010013bb4       0x4c CMakeFiles/psion_recreate.dir/tree/downloaded_tools/pico/pico-sdk/src/rp2_common/pico_divider/divider.S.obj
                0x0000000010013bb4                __wrap___aeabi_uidiv
                0x0000000010013bb4                __wrap___aeabi_uidivmod
                0x0000000010013bb4                div_u32u32
                0x0000000010013bb4                divmod_u32u32
                0x0000000010013bbc                divmod_u32u32_unsafe
                0x0000000010013be4                divmod_u32u32_savestate
 .text.__wrap___aeabi_ldiv
                0x0000000010013c00      0x430 CMakeFiles/psion_recreate.dir/tree/downloaded_tools/pico/pico-sdk/src/rp2_common/pico_divider/divider.S.obj
                0x0000000010013c00                div_s64s64
                0x0000000010013c00                divmod_s64s64
                0x0000000010013c00                __wrap___aeabi_ldivmod
                0x0000000010013c38                div_u64u64
                0x0000000010013c38                divmod_u64u64
                0x0000000010013c38                __wrap___aeabi_uldivmod
                0x0000000010013c48                divmod_u64u64_savestate
                0x0000000010013c70                divmod_s64s64_unsafe
                0x0000000010013cf8                divmod_u64u64_unsafe
 .text.__wrap___aeabi_darithmetic
                0x0000000010014030       0x80 CMakeFiles/psion_recreate.dir/tree/downloaded_tools/pico/pico-sdk/src/rp2_common/pico_double/double_aeabi.S.obj
                0x0000000010014030                __wrap___aeabi_drsub
                0x0000000010014036                __wrap___aeabi_dsub
                0x0000000010014048                __wrap___aeabi_dadd
                0x000000001001405a                __wrap___aeabi_ddiv
                0x0000000010014096                __wrap___aeabi_dmul
 .text.__wrap___aeabi_cdcmple
                0x00000000100140b0       0x6c CMakeFiles/psion_recreate.dir/tree/downloaded_tools/pico/pico-sdk/src/rp2_common/pico_double/double_aeabi.S.obj
                0x00000000100140b0                __wrap___aeabi_cdrcmple
                0x00000000100140c0                __wrap___aeabi_cdcmple
                0x00000000100140c0                __wrap___aeabi_cdcmpeq
 .text.__wrap___aeabi_dcmpeq
                0x000000001001411c       0x10 CMakeFiles/psion_recreate.dir/tree/downloaded_tools/pico/pico-sdk/src/rp2_common/pico_double/double_aeabi.S.obj
                0x000000001001411c                __wrap___aeabi_dcmpeq
 .text.__wrap___aeabi_dcmplt
                0x000000001001412c        0xc CMakeFiles/psion_recreate.dir/tree/downloaded_tools/pico/pico-sdk/src/rp2_common/pico_double/double_aeabi.S.obj
                0x000000001001412c                __wrap___aeabi_dcmplt
 .text.__wrap___aeabi_dcmple
                0x0000000010014138       0x10 CMakeFiles/psion_recreate.dir/tree/downloaded_tools/pico/pico-sdk/src/rp2_common/pico_double/double_aeabi.S.obj
                0x0000000010014138                __wrap___aeabi_dcmple
 .text.__wrap___aeabi_dcmpge
                0x0000000010014148       0x10 CMakeFiles/psion_recreate.dir/tree/downloaded_tools/pico/pico-sdk/src/rp2_common/pico_double/double_aeabi.S.obj
                0x0000000010014148                __wrap___aeabi_dcmpge
 .text.__wrap___aeabi_dcmpgt
                0x0000000010014158        0xa CMakeFiles/psion_recreate.dir/tree/downloaded_tools/pico/pico-sdk/src/rp2_common/pico_double/double_aeabi.S.obj
                0x0000000010014158                __wrap___aeabi_dcmpgt
 .text.__wrap___aeabi_dcmpun
                0x0000000010014162       0x1c CMakeFiles/psion_recreate.dir/tree/downloaded_tools/pico/pico-sdk/src/rp2_common/pico_double/double_aeabi.S.obj
                0x0000000010014162                __wrap___aeabi_dcmpun
 *fill*         0x000000001001417e        0x2 
 .text.__wrap___aeabi_i2d
                0x0000000010014180       0x38 CMakeFiles/psion_recreate.dir/tree/downloaded_tools/pico/pico-sdk/src/rp2_common/pico_double/double_aeabi.S.obj
                0x0000000010014180                __wrap___aeabi_ui2d
                0x0000000010014188                __wrap___aeabi_i2d
 .text.__wrap___aeabi_d2iz
                0x00000000100141b8       0x48 CMakeFiles/psion_recreate.dir/tree/downloaded_tools/pico/pico-sdk/src/rp2_common/pico_double/double_aeabi.S.obj
                0x00000000100141b8                __wrap___aeabi_d2iz
                0x00000000100141b8                double2int_z
 .text.__wrap___aeabi_d2uiz
                0x0000000010014200       0x18 CMakeFiles/psion_recreate.dir/tree/downloaded_tools/pico/pico-sdk/src/rp2_common/pico_double/double_aeabi.S.obj
                0x0000000010014200                double2uint
                0x0000000010014200                __wrap___aeabi_d2uiz
 .text.__wrap___aeabi_l2d
                0x0000000010014218       0x18 CMakeFiles/psion_recreate.dir/tree/downloaded_tools/pico/pico-sdk/src/rp2_common/pico_double/double_aeabi.S.obj
                0x0000000010014218                __wrap___aeabi_l2d
 .text.__wrap___aeabi_d2lz
                0x0000000010014230       0x26 CMakeFiles/psion_recreate.dir/tree/downloaded_tools/pico/pico-sdk/src/rp2_common/pico_double/double_aeabi.S.obj
                0x0000000010014230                __wrap___aeabi_d2lz
                0x0000000010014230                double2int64_z
 *fill*         0x0000000010014256        0x2 
 .text.double2int64
                0x0000000010014258       0x18 CMakeFiles/psion_recreate.dir/tree/downloaded_tools/pico/pico-sdk/src/rp2_common/pico_double/double_aeabi.S.obj
                0x0000000010014258                double2int64
 .text.double2ufix64
                0x0000000010014270       0x18 CMakeFiles/psion_recreate.dir/tree/downloaded_tools/pico/pico-sdk/src/rp2_common/pico_double/double_aeabi.S.obj
                0x0000000010014270                double2ufix64
 .text.__wrap___aeabi_d2f
                0x0000000010014288       0x18 CMakeFiles/psion_recreate.dir/tree/downloaded_tools/pico/pico-sdk/src/rp2_common/pico_double/double_aeabi.S.obj
                0x0000000010014288                __wrap___aeabi_d2f
 .text.__aeabi_double_init
                0x00000000100142a0       0xac CMakeFiles/psion_recreate.dir/tree/downloaded_tools/pico/pico-sdk/src/rp2_common/pico_double/double_init_rom.c.obj
                0x00000000100142a0                __aeabi_double_init
 .text.double_table_shim_on_use_helper
                0x000000001001434c       0x2c CMakeFiles/psion_recreate.dir/tree/downloaded_tools/pico/pico-sdk/src/rp2_common/pico_double/double_v1_rom_shim.S.obj
                0x000000001001434c                double_table_shim_on_use_helper
 .text.__wrap___aeabi_dsub
                0x0000000010014378       0x10 CMakeFiles/psion_recreate.dir/tree/downloaded_tools/pico/pico-sdk/src/rp2_common/pico_double/double_v1_rom_shim.S.obj
                0x0000000010014378                drsub_shim
                0x000000001001437e                dsub_shim
 .text.dadd_shim
                0x0000000010014388      0x15c CMakeFiles/psion_recreate.dir/tree/downloaded_tools/pico/pico-sdk/src/rp2_common/pico_double/double_v1_rom_shim.S.obj
                0x0000000010014388                dadd_shim
 .text.dmul_shim
                0x00000000100144e4      0x15c CMakeFiles/psion_recreate.dir/tree/downloaded_tools/pico/pico-sdk/src/rp2_common/pico_double/double_v1_rom_shim.S.obj
                0x00000000100144e4                dmul_shim
 .text.ddiv_shim
                0x0000000010014640      0x1b0 CMakeFiles/psion_recreate.dir/tree/downloaded_tools/pico/pico-sdk/src/rp2_common/pico_double/double_v1_rom_shim.S.obj
                0x0000000010014640                ddiv_shim
 .text.dcordic_rot_step
                0x00000000100147f0       0x7c CMakeFiles/psion_recreate.dir/tree/downloaded_tools/pico/pico-sdk/src/rp2_common/pico_double/double_v1_rom_shim.S.obj
                0x00000000100147f0                dcordic_rot_step
 .text.double2uint_shim
                0x000000001001486c        0xe CMakeFiles/psion_recreate.dir/tree/downloaded_tools/pico/pico-sdk/src/rp2_common/pico_double/double_v1_rom_shim.S.obj
                0x000000001001486c                double2uint_shim
                0x000000001001486e                double2ufix_shim
 .text.double2int64_shim
                0x000000001001487a       0x1a CMakeFiles/psion_recreate.dir/tree/downloaded_tools/pico/pico-sdk/src/rp2_common/pico_double/double_v1_rom_shim.S.obj
                0x000000001001487a                double2int64_shim
                0x000000001001487c                double2fix64_shim
 .text.double2uint64_shim
                0x0000000010014894       0x6c CMakeFiles/psion_recreate.dir/tree/downloaded_tools/pico/pico-sdk/src/rp2_common/pico_double/double_v1_rom_shim.S.obj
                0x0000000010014894                double2uint64_shim
                0x0000000010014896                double2ufix64_shim
                0x00000000100148b0                d2fix_a
 .text.double2float_shim
                0x0000000010014900       0x5c CMakeFiles/psion_recreate.dir/tree/downloaded_tools/pico/pico-sdk/src/rp2_common/pico_double/double_v1_rom_shim.S.obj
                0x0000000010014900                double2float_shim
 .text.x2double_shims
                0x000000001001495c       0x90 CMakeFiles/psion_recreate.dir/tree/downloaded_tools/pico/pico-sdk/src/rp2_common/pico_double/double_v1_rom_shim.S.obj
                0x000000001001495c                uint2double_shim
                0x000000001001495e                ufix2double_shim
                0x0000000010014964                int2double_shim
                0x0000000010014966                fix2double_shim
                0x000000001001496c                uint642double_shim
                0x000000001001496e                ufix642double_shim
                0x0000000010014974                int642double_shim
                0x0000000010014976                fix642double_shim
 .text.dunpacks
                0x00000000100149ec       0x3c CMakeFiles/psion_recreate.dir/tree/downloaded_tools/pico/pico-sdk/src/rp2_common/pico_double/double_v1_rom_shim.S.obj
                0x00000000100149ec                dunpacks
 .text.__aeabi_lmul
                0x0000000010014a28       0x32 CMakeFiles/psion_recreate.dir/tree/downloaded_tools/pico/pico-sdk/src/rp2_common/pico_int64_ops/pico_int64_ops_aeabi.S.obj
                0x0000000010014a28                __wrap___aeabi_lmul
 *fill*         0x0000000010014a5a        0x2 
 .text.__wrap___aeabi_cfcmple
                0x0000000010014a5c       0x50 CMakeFiles/psion_recreate.dir/tree/downloaded_tools/pico/pico-sdk/src/rp2_common/pico_float/float_aeabi.S.obj
                0x0000000010014a5c                __wrap___aeabi_cfrcmple
                0x0000000010014a68                __wrap___aeabi_cfcmpeq
                0x0000000010014a68                __wrap___aeabi_cfcmple
 .text.__wrap___aeabi_fcmple
                0x0000000010014aac       0x10 CMakeFiles/psion_recreate.dir/tree/downloaded_tools/pico/pico-sdk/src/rp2_common/pico_float/float_aeabi.S.obj
                0x0000000010014aac                __wrap___aeabi_fcmple
 .text.__wrap___aeabi_fcmpun
                0x0000000010014abc       0x18 CMakeFiles/psion_recreate.dir/tree/downloaded_tools/pico/pico-sdk/src/rp2_common/pico_float/float_aeabi.S.obj
                0x0000000010014abc                __wrap___aeabi_fcmpun
 .text.__aeabi_float_init
                0x0000000010014ad4       0x64 CMakeFiles/psion_recreate.dir/tree/downloaded_tools/pico/pico-sdk/src/rp2_common/pico_float/float_init_rom.c.obj
                0x0000000010014ad4                __aeabi_float_init
 .text.float_table_shim_on_use_helper
                0x0000000010014b38       0x2c CMakeFiles/psion_recreate.dir/tree/downloaded_tools/pico/pico-sdk/src/rp2_common/pico_float/float_v1_rom_shim.S.obj
                0x0000000010014b38                float_table_shim_on_use_helper
 .text          0x0000000010014b64       0x10 CMakeFiles/psion_recreate.dir/tree/downloaded_tools/pico/pico-sdk/src/rp2_common/pico_mem_ops/mem_ops_aeabi.S.obj
                0x0000000010014b64                __aeabi_mem_init
 .text.memset   0x0000000010014b74        0xc CMakeFiles/psion_recreate.dir/tree/downloaded_tools/pico/pico-sdk/src/rp2_common/pico_mem_ops/mem_ops_aeabi.S.obj
                0x0000000010014b74                __wrap_memset
 .text.memcpy   0x0000000010014b80        0xc CMakeFiles/psion_recreate.dir/tree/downloaded_tools/pico/pico-sdk/src/rp2_common/pico_mem_ops/mem_ops_aeabi.S.obj
                0x0000000010014b80                __wrap___aeabi_memcpy
                0x0000000010014b80                __wrap_memcpy
 .text.stdio_out_chars_crlf.part.0
                0x0000000010014b8c       0x84 CMakeFiles/psion_recreate.dir/tree/downloaded_tools/pico/pico-sdk/src/rp2_common/pico_stdio/stdio.c.obj
 .text.stdio_put_string
                0x0000000010014c10      0x100 CMakeFiles/psion_recreate.dir/tree/downloaded_tools/pico/pico-sdk/src/rp2_common/pico_stdio/stdio.c.obj
 .text.__wrap_putchar
                0x0000000010014d10       0x1c CMakeFiles/psion_recreate.dir/tree/downloaded_tools/pico/pico-sdk/src/rp2_common/pico_stdio/stdio.c.obj
                0x0000000010014d10                __wrap_putchar
 .text.__wrap_puts
                0x0000000010014d2c       0x3c CMakeFiles/psion_recreate.dir/tree/downloaded_tools/pico/pico-sdk/src/rp2_common/pico_stdio/stdio.c.obj
                0x0000000010014d2c                __wrap_puts
 .text._read    0x0000000010014d68       0x98 CMakeFiles/psion_recreate.dir/tree/downloaded_tools/pico/pico-sdk/src/rp2_common/pico_stdio/stdio.c.obj
                0x0000000010014d68                _read
 .text._write   0x0000000010014e00       0x20 CMakeFiles/psion_recreate.dir/tree/downloaded_tools/pico/pico-sdk/src/rp2_common/pico_stdio/stdio.c.obj
                0x0000000010014e00                _write
 .text.stdio_set_driver_enabled
                0x0000000010014e20       0x3c CMakeFiles/psion_recreate.dir/tree/downloaded_tools/pico/pico-sdk/src/rp2_common/pico_stdio/stdio.c.obj
                0x0000000010014e20                stdio_set_driver_enabled
 .text.stdio_flush
                0x0000000010014e5c       0x28 CMakeFiles/psion_recreate.dir/tree/downloaded_tools/pico/pico-sdk/src/rp2_common/pico_stdio/stdio.c.obj
                0x0000000010014e5c                stdio_flush
 .text.stdio_init_all
                0x0000000010014e84        0xc CMakeFiles/psion_recreate.dir/tree/downloaded_tools/pico/pico-sdk/src/rp2_common/pico_stdio/stdio.c.obj
                0x0000000010014e84                stdio_init_all
 .text.stdio_uart_out_chars
                0x0000000010014e90       0x4c CMakeFiles/psion_recreate.dir/tree/downloaded_tools/pico/pico-sdk/src/rp2_common/pico_stdio_uart/stdio_uart.c.obj
 .text.stdio_uart_in_chars
                0x0000000010014edc       0x38 CMakeFiles/psion_recreate.dir/tree/downloaded_tools/pico/pico-sdk/src/rp2_common/pico_stdio_uart/stdio_uart.c.obj
                0x0000000010014edc                stdio_uart_in_chars
 .text.stdio_uart_init
                0x0000000010014f14       0x48 CMakeFiles/psion_recreate.dir/tree/downloaded_tools/pico/pico-sdk/src/rp2_common/pico_stdio_uart/stdio_uart.c.obj
                0x0000000010014f14                stdio_uart_init
 .text.resetd_init
                0x0000000010014f5c        0x4 CMakeFiles/psion_recreate.dir/tree/downloaded_tools/pico/pico-sdk/src/rp2_common/pico_stdio_usb/reset_interface.c.obj
 .text.resetd_reset
                0x0000000010014f60        0xc CMakeFiles/psion_recreate.dir/tree/downloaded_tools/pico/pico-sdk/src/rp2_common/pico_stdio_usb/reset_interface.c.obj
 .text.resetd_open
                0x0000000010014f6c       0x28 CMakeFiles/psion_recreate.dir/tree/downloaded_tools/pico/pico-sdk/src/rp2_common/pico_stdio_usb/reset_interface.c.obj
 .text.resetd_xfer_cb
                0x0000000010014f94        0x4 CMakeFiles/psion_recreate.dir/tree/downloaded_tools/pico/pico-sdk/src/rp2_common/pico_stdio_usb/reset_interface.c.obj
 .text.resetd_control_xfer_cb
                0x0000000010014f98       0x64 CMakeFiles/psion_recreate.dir/tree/downloaded_tools/pico/pico-sdk/src/rp2_common/pico_stdio_usb/reset_interface.c.obj
 .text.usbd_app_driver_get_cb
                0x0000000010014ffc        0xc CMakeFiles/psion_recreate.dir/tree/downloaded_tools/pico/pico-sdk/src/rp2_common/pico_stdio_usb/reset_interface.c.obj
                0x0000000010014ffc                usbd_app_driver_get_cb
 .text.tud_cdc_line_coding_cb
                0x0000000010015008       0x34 CMakeFiles/psion_recreate.dir/tree/downloaded_tools/pico/pico-sdk/src/rp2_common/pico_stdio_usb/reset_interface.c.obj
                0x0000000010015008                tud_cdc_line_coding_cb
 .text.stdio_usb_in_chars
                0x000000001001503c       0x68 CMakeFiles/psion_recreate.dir/tree/downloaded_tools/pico/pico-sdk/src/rp2_common/pico_stdio_usb/stdio_usb.c.obj
                0x000000001001503c                stdio_usb_in_chars
 .text.stdio_usb_out_chars
                0x00000000100150a4       0xec CMakeFiles/psion_recreate.dir/tree/downloaded_tools/pico/pico-sdk/src/rp2_common/pico_stdio_usb/stdio_usb.c.obj
 .text.timer_task
                0x0000000010015190       0x10 CMakeFiles/psion_recreate.dir/tree/downloaded_tools/pico/pico-sdk/src/rp2_common/pico_stdio_usb/stdio_usb.c.obj
 .text.low_priority_worker_irq
                0x00000000100151a0       0x24 CMakeFiles/psion_recreate.dir/tree/downloaded_tools/pico/pico-sdk/src/rp2_common/pico_stdio_usb/stdio_usb.c.obj
 .text.stdio_usb_init
                0x00000000100151c4       0x90 CMakeFiles/psion_recreate.dir/tree/downloaded_tools/pico/pico-sdk/src/rp2_common/pico_stdio_usb/stdio_usb.c.obj
                0x00000000100151c4                stdio_usb_init
 .text.tud_descriptor_device_cb
                0x0000000010015254        0x8 CMakeFiles/psion_recreate.dir/tree/downloaded_tools/pico/pico-sdk/src/rp2_common/pico_stdio_usb/stdio_usb_descriptors.c.obj
                0x0000000010015254                tud_descriptor_device_cb
 .text.tud_descriptor_configuration_cb
                0x000000001001525c        0x8 CMakeFiles/psion_recreate.dir/tree/downloaded_tools/pico/pico-sdk/src/rp2_common/pico_stdio_usb/stdio_usb_descriptors.c.obj
                0x000000001001525c                tud_descriptor_configuration_cb
 .text.tud_descriptor_string_cb
                0x0000000010015264       0x70 CMakeFiles/psion_recreate.dir/tree/downloaded_tools/pico/pico-sdk/src/rp2_common/pico_stdio_usb/stdio_usb_descriptors.c.obj
                0x0000000010015264                tud_descriptor_string_cb
 .text.dcd_rp2040_irq
                0x00000000100152d4      0x148 CMakeFiles/psion_recreate.dir/tree/downloaded_tools/pico/pico-sdk/lib/tinyusb/src/portable/raspberrypi/rp2040/dcd_rp2040.c.obj
 .text.dcd_int_enable
                0x000000001001541c        0xc CMakeFiles/psion_recreate.dir/tree/downloaded_tools/pico/pico-sdk/lib/tinyusb/src/portable/raspberrypi/rp2040/dcd_rp2040.c.obj
                0x000000001001541c                dcd_int_enable
 .text.dcd_set_address
                0x0000000010015428       0x28 CMakeFiles/psion_recreate.dir/tree/downloaded_tools/pico/pico-sdk/lib/tinyusb/src/portable/raspberrypi/rp2040/dcd_rp2040.c.obj
                0x0000000010015428                dcd_set_address
 .text.dcd_connect
                0x0000000010015450       0x10 CMakeFiles/psion_recreate.dir/tree/downloaded_tools/pico/pico-sdk/lib/tinyusb/src/portable/raspberrypi/rp2040/dcd_rp2040.c.obj
                0x0000000010015450                dcd_connect
 .text.dcd_init
                0x0000000010015460       0xa0 CMakeFiles/psion_recreate.dir/tree/downloaded_tools/pico/pico-sdk/lib/tinyusb/src/portable/raspberrypi/rp2040/dcd_rp2040.c.obj
                0x0000000010015460                dcd_init
 .text.dcd_edpt0_status_complete
                0x0000000010015500       0x30 CMakeFiles/psion_recreate.dir/tree/downloaded_tools/pico/pico-sdk/lib/tinyusb/src/portable/raspberrypi/rp2040/dcd_rp2040.c.obj
                0x0000000010015500                dcd_edpt0_status_complete
 .text.dcd_edpt_open
                0x0000000010015530      0x130 CMakeFiles/psion_recreate.dir/tree/downloaded_tools/pico/pico-sdk/lib/tinyusb/src/portable/raspberrypi/rp2040/dcd_rp2040.c.obj
                0x0000000010015530                dcd_edpt_open
 .text.dcd_edpt_xfer
                0x0000000010015660       0x28 CMakeFiles/psion_recreate.dir/tree/downloaded_tools/pico/pico-sdk/lib/tinyusb/src/portable/raspberrypi/rp2040/dcd_rp2040.c.obj
                0x0000000010015660                dcd_edpt_xfer
 .text.dcd_edpt_stall
                0x0000000010015688       0x48 CMakeFiles/psion_recreate.dir/tree/downloaded_tools/pico/pico-sdk/lib/tinyusb/src/portable/raspberrypi/rp2040/dcd_rp2040.c.obj
                0x0000000010015688                dcd_edpt_stall
 .text.dcd_edpt_clear_stall
                0x00000000100156d0       0x48 CMakeFiles/psion_recreate.dir/tree/downloaded_tools/pico/pico-sdk/lib/tinyusb/src/portable/raspberrypi/rp2040/dcd_rp2040.c.obj
                0x00000000100156d0                dcd_edpt_clear_stall
 .text._hw_endpoint_buffer_control_update32.part.0
                0x0000000010015718       0x20 CMakeFiles/psion_recreate.dir/tree/downloaded_tools/pico/pico-sdk/lib/tinyusb/src/portable/raspberrypi/rp2040/rp2040_usb.c.obj
 .text.rp2040_usb_init
                0x0000000010015738       0x50 CMakeFiles/psion_recreate.dir/tree/downloaded_tools/pico/pico-sdk/lib/tinyusb/src/portable/raspberrypi/rp2040/rp2040_usb.c.obj
                0x0000000010015738                rp2040_usb_init
 .text.hw_endpoint_reset_transfer
                0x0000000010015788        0xc CMakeFiles/psion_recreate.dir/tree/downloaded_tools/pico/pico-sdk/lib/tinyusb/src/portable/raspberrypi/rp2040/rp2040_usb.c.obj
                0x0000000010015788                hw_endpoint_reset_transfer
 .text._hw_endpoint_buffer_control_update32
                0x0000000010015794       0x40 CMakeFiles/psion_recreate.dir/tree/downloaded_tools/pico/pico-sdk/lib/tinyusb/src/portable/raspberrypi/rp2040/rp2040_usb.c.obj
                0x0000000010015794                _hw_endpoint_buffer_control_update32
 .text._hw_endpoint_xfer_continue
                0x00000000100157d4      0x104 CMakeFiles/psion_recreate.dir/tree/downloaded_tools/pico/pico-sdk/lib/tinyusb/src/portable/raspberrypi/rp2040/rp2040_usb.c.obj
                0x00000000100157d4                _hw_endpoint_xfer_continue
 .text._hw_endpoint_xfer
                0x00000000100158d8       0xac CMakeFiles/psion_recreate.dir/tree/downloaded_tools/pico/pico-sdk/lib/tinyusb/src/portable/raspberrypi/rp2040/rp2040_usb.c.obj
                0x00000000100158d8                _hw_endpoint_xfer
 .text.tud_mounted
                0x0000000010015984       0x10 CMakeFiles/psion_recreate.dir/tree/downloaded_tools/pico/pico-sdk/lib/tinyusb/src/device/usbd.c.obj
                0x0000000010015984                tud_mounted
 .text.tud_suspended
                0x0000000010015994       0x10 CMakeFiles/psion_recreate.dir/tree/downloaded_tools/pico/pico-sdk/lib/tinyusb/src/device/usbd.c.obj
                0x0000000010015994                tud_suspended
 .text.tud_inited
                0x00000000100159a4        0xc CMakeFiles/psion_recreate.dir/tree/downloaded_tools/pico/pico-sdk/lib/tinyusb/src/device/usbd.c.obj
                0x00000000100159a4                tud_inited
 .text.tud_init
                0x00000000100159b0       0xd8 CMakeFiles/psion_recreate.dir/tree/downloaded_tools/pico/pico-sdk/lib/tinyusb/src/device/usbd.c.obj
                0x00000000100159b0                tud_init
 .text.tud_task
                0x0000000010015a88      0x7f8 CMakeFiles/psion_recreate.dir/tree/downloaded_tools/pico/pico-sdk/lib/tinyusb/src/device/usbd.c.obj
                0x0000000010015a88                tud_task
 .text.dcd_event_bus_signal
                0x0000000010016280       0xe8 CMakeFiles/psion_recreate.dir/tree/downloaded_tools/pico/pico-sdk/lib/tinyusb/src/device/usbd.c.obj
                0x0000000010016280                dcd_event_bus_signal
 .text.dcd_event_bus_reset
                0x0000000010016368       0x54 CMakeFiles/psion_recreate.dir/tree/downloaded_tools/pico/pico-sdk/lib/tinyusb/src/device/usbd.c.obj
                0x0000000010016368                dcd_event_bus_reset
 .text.dcd_event_setup_received
                0x00000000100163bc       0x50 CMakeFiles/psion_recreate.dir/tree/downloaded_tools/pico/pico-sdk/lib/tinyusb/src/device/usbd.c.obj
                0x00000000100163bc                dcd_event_setup_received
 .text.dcd_event_xfer_complete
                0x000000001001640c       0x68 CMakeFiles/psion_recreate.dir/tree/downloaded_tools/pico/pico-sdk/lib/tinyusb/src/device/usbd.c.obj
                0x000000001001640c                dcd_event_xfer_complete
 .text.usbd_open_edpt_pair
                0x0000000010016474       0xe4 CMakeFiles/psion_recreate.dir/tree/downloaded_tools/pico/pico-sdk/lib/tinyusb/src/device/usbd.c.obj
                0x0000000010016474                usbd_open_edpt_pair
 .text.usbd_edpt_open
                0x0000000010016558       0xa8 CMakeFiles/psion_recreate.dir/tree/downloaded_tools/pico/pico-sdk/lib/tinyusb/src/device/usbd.c.obj
                0x0000000010016558                usbd_edpt_open
 .text.usbd_edpt_claim
                0x0000000010016600       0x64 CMakeFiles/psion_recreate.dir/tree/downloaded_tools/pico/pico-sdk/lib/tinyusb/src/device/usbd.c.obj
                0x0000000010016600                usbd_edpt_claim
 .text.usbd_edpt_release
                0x0000000010016664       0x4c CMakeFiles/psion_recreate.dir/tree/downloaded_tools/pico/pico-sdk/lib/tinyusb/src/device/usbd.c.obj
                0x0000000010016664                usbd_edpt_release
 .text.usbd_edpt_xfer
                0x00000000100166b0       0x48 CMakeFiles/psion_recreate.dir/tree/downloaded_tools/pico/pico-sdk/lib/tinyusb/src/device/usbd.c.obj
                0x00000000100166b0                usbd_edpt_xfer
 .text.tud_control_status
                0x00000000100166f8       0x30 CMakeFiles/psion_recreate.dir/tree/downloaded_tools/pico/pico-sdk/lib/tinyusb/src/device/usbd_control.c.obj
                0x00000000100166f8                tud_control_status
 .text.tud_control_xfer
                0x0000000010016728       0xb8 CMakeFiles/psion_recreate.dir/tree/downloaded_tools/pico/pico-sdk/lib/tinyusb/src/device/usbd_control.c.obj
                0x0000000010016728                tud_control_xfer
 .text.usbd_control_reset
                0x00000000100167e0       0x14 CMakeFiles/psion_recreate.dir/tree/downloaded_tools/pico/pico-sdk/lib/tinyusb/src/device/usbd_control.c.obj
                0x00000000100167e0                usbd_control_reset
 .text.usbd_control_set_complete_callback
                0x00000000100167f4        0xc CMakeFiles/psion_recreate.dir/tree/downloaded_tools/pico/pico-sdk/lib/tinyusb/src/device/usbd_control.c.obj
                0x00000000100167f4                usbd_control_set_complete_callback
 .text.usbd_control_set_request
                0x0000000010016800       0x1c CMakeFiles/psion_recreate.dir/tree/downloaded_tools/pico/pico-sdk/lib/tinyusb/src/device/usbd_control.c.obj
                0x0000000010016800                usbd_control_set_request
 .text.usbd_control_xfer_cb
                0x000000001001681c       0xf8 CMakeFiles/psion_recreate.dir/tree/downloaded_tools/pico/pico-sdk/lib/tinyusb/src/device/usbd_control.c.obj
                0x000000001001681c                usbd_control_xfer_cb
 .text.tud_cdc_n_connected
                0x0000000010016914       0x30 CMakeFiles/psion_recreate.dir/tree/downloaded_tools/pico/pico-sdk/lib/tinyusb/src/class/cdc/cdc_device.c.obj
                0x0000000010016914                tud_cdc_n_connected
 .text.tud_cdc_n_available
                0x0000000010016944       0x18 CMakeFiles/psion_recreate.dir/tree/downloaded_tools/pico/pico-sdk/lib/tinyusb/src/class/cdc/cdc_device.c.obj
                0x0000000010016944                tud_cdc_n_available
 .text.tud_cdc_n_read
                0x000000001001695c       0x70 CMakeFiles/psion_recreate.dir/tree/downloaded_tools/pico/pico-sdk/lib/tinyusb/src/class/cdc/cdc_device.c.obj
                0x000000001001695c                tud_cdc_n_read
 .text.tud_cdc_n_write_flush
                0x00000000100169cc       0x78 CMakeFiles/psion_recreate.dir/tree/downloaded_tools/pico/pico-sdk/lib/tinyusb/src/class/cdc/cdc_device.c.obj
                0x00000000100169cc                tud_cdc_n_write_flush
 .text.tud_cdc_n_write
                0x0000000010016a44       0x34 CMakeFiles/psion_recreate.dir/tree/downloaded_tools/pico/pico-sdk/lib/tinyusb/src/class/cdc/cdc_device.c.obj
                0x0000000010016a44                tud_cdc_n_write
 .text.tud_cdc_n_write_available
                0x0000000010016a78       0x18 CMakeFiles/psion_recreate.dir/tree/downloaded_tools/pico/pico-sdk/lib/tinyusb/src/class/cdc/cdc_device.c.obj
                0x0000000010016a78                tud_cdc_n_write_available
 .text.cdcd_init
                0x0000000010016a90       0x7c CMakeFiles/psion_recreate.dir/tree/downloaded_tools/pico/pico-sdk/lib/tinyusb/src/class/cdc/cdc_device.c.obj
                0x0000000010016a90                cdcd_init
 .text.cdcd_reset
                0x0000000010016b0c       0x2c CMakeFiles/psion_recreate.dir/tree/downloaded_tools/pico/pico-sdk/lib/tinyusb/src/class/cdc/cdc_device.c.obj
                0x0000000010016b0c                cdcd_reset
 .text.cdcd_open
                0x0000000010016b38       0xec CMakeFiles/psion_recreate.dir/tree/downloaded_tools/pico/pico-sdk/lib/tinyusb/src/class/cdc/cdc_device.c.obj
                0x0000000010016b38                cdcd_open
 .text.cdcd_control_xfer_cb
                0x0000000010016c24       0xe0 CMakeFiles/psion_recreate.dir/tree/downloaded_tools/pico/pico-sdk/lib/tinyusb/src/class/cdc/cdc_device.c.obj
                0x0000000010016c24                cdcd_control_xfer_cb
 .text.cdcd_xfer_cb
                0x0000000010016d04      0x198 CMakeFiles/psion_recreate.dir/tree/downloaded_tools/pico/pico-sdk/lib/tinyusb/src/class/cdc/cdc_device.c.obj
                0x0000000010016d04                cdcd_xfer_cb
 .text.tusb_init
                0x0000000010016e9c        0xc CMakeFiles/psion_recreate.dir/tree/downloaded_tools/pico/pico-sdk/lib/tinyusb/src/tusb.c.obj
                0x0000000010016e9c                tusb_init
 .text.tusb_inited
                0x0000000010016ea8        0x8 CMakeFiles/psion_recreate.dir/tree/downloaded_tools/pico/pico-sdk/lib/tinyusb/src/tusb.c.obj
                0x0000000010016ea8                tusb_inited
 .text.tu_fifo_config
                0x0000000010016eb0       0x78 CMakeFiles/psion_recreate.dir/tree/downloaded_tools/pico/pico-sdk/lib/tinyusb/src/common/tusb_fifo.c.obj
                0x0000000010016eb0                tu_fifo_config
 .text.tu_fifo_count
                0x0000000010016f28       0x20 CMakeFiles/psion_recreate.dir/tree/downloaded_tools/pico/pico-sdk/lib/tinyusb/src/common/tusb_fifo.c.obj
                0x0000000010016f28                tu_fifo_count
 .text.tu_fifo_empty
                0x0000000010016f48       0x10 CMakeFiles/psion_recreate.dir/tree/downloaded_tools/pico/pico-sdk/lib/tinyusb/src/common/tusb_fifo.c.obj
                0x0000000010016f48                tu_fifo_empty
 .text.tu_fifo_remaining
                0x0000000010016f58       0x1c CMakeFiles/psion_recreate.dir/tree/downloaded_tools/pico/pico-sdk/lib/tinyusb/src/common/tusb_fifo.c.obj
                0x0000000010016f58                tu_fifo_remaining
 .text.tu_fifo_read
                0x0000000010016f74       0x9c CMakeFiles/psion_recreate.dir/tree/downloaded_tools/pico/pico-sdk/lib/tinyusb/src/common/tusb_fifo.c.obj
                0x0000000010016f74                tu_fifo_read
 .text.tu_fifo_read_n
                0x0000000010017010       0xfc CMakeFiles/psion_recreate.dir/tree/downloaded_tools/pico/pico-sdk/lib/tinyusb/src/common/tusb_fifo.c.obj
                0x0000000010017010                tu_fifo_read_n
 .text.tu_fifo_write
                0x000000001001710c       0x78 CMakeFiles/psion_recreate.dir/tree/downloaded_tools/pico/pico-sdk/lib/tinyusb/src/common/tusb_fifo.c.obj
                0x000000001001710c                tu_fifo_write
 .text.tu_fifo_write_n
                0x0000000010017184      0x118 CMakeFiles/psion_recreate.dir/tree/downloaded_tools/pico/pico-sdk/lib/tinyusb/src/common/tusb_fifo.c.obj
                0x0000000010017184                tu_fifo_write_n
 .text.tu_fifo_clear
                0x000000001001729c       0x4c CMakeFiles/psion_recreate.dir/tree/downloaded_tools/pico/pico-sdk/lib/tinyusb/src/common/tusb_fifo.c.obj
                0x000000001001729c                tu_fifo_clear
 .text.tu_fifo_set_overwritable
                0x00000000100172e8       0x3c CMakeFiles/psion_recreate.dir/tree/downloaded_tools/pico/pico-sdk/lib/tinyusb/src/common/tusb_fifo.c.obj
                0x00000000100172e8                tu_fifo_set_overwritable
 .text.startup._retrieve_unique_id_on_boot
                0x0000000010017324       0x10 CMakeFiles/psion_recreate.dir/tree/downloaded_tools/pico/pico-sdk/src/rp2_common/pico_unique_id/unique_id.c.obj
 .text.pico_get_unique_board_id_string
                0x0000000010017334      0x1bc CMakeFiles/psion_recreate.dir/tree/downloaded_tools/pico/pico-sdk/src/rp2_common/pico_unique_id/unique_id.c.obj
                0x0000000010017334                pico_get_unique_board_id_string
 .text.flash_get_unique_id
                0x00000000100174f0       0x40 CMakeFiles/psion_recreate.dir/tree/downloaded_tools/pico/pico-sdk/src/rp2_common/hardware_flash/flash.c.obj
                0x00000000100174f0                flash_get_unique_id
 .text.core1_trampoline
                0x0000000010017530        0x4 CMakeFiles/psion_recreate.dir/tree/downloaded_tools/pico/pico-sdk/src/rp2_common/pico_multicore/multicore.c.obj
 .text.core1_wrapper
                0x0000000010017534        0xc CMakeFiles/psion_recreate.dir/tree/downloaded_tools/pico/pico-sdk/src/rp2_common/pico_multicore/multicore.c.obj
                0x0000000010017534                core1_wrapper
 .text.multicore_launch_core1_raw
                0x0000000010017540       0x7c CMakeFiles/psion_recreate.dir/tree/downloaded_tools/pico/pico-sdk/src/rp2_common/pico_multicore/multicore.c.obj
                0x0000000010017540                multicore_launch_core1_raw
 .text.multicore_launch_core1
                0x00000000100175bc       0x4c CMakeFiles/psion_recreate.dir/tree/downloaded_tools/pico/pico-sdk/src/rp2_common/pico_multicore/multicore.c.obj
                0x00000000100175bc                multicore_launch_core1
 .text          0x0000000010017608       0x18 /usr/lib/gcc/arm-none-eabi/9.2.1/../../../arm-none-eabi/lib/thumb/v6-m/nofp/libc.a(lib_a-atoi.o)
                0x0000000010017608                atoi
                0x0000000010017614                _atoi_r
 .text          0x0000000010017620       0x5c /usr/lib/gcc/arm-none-eabi/9.2.1/../../../arm-none-eabi/lib/thumb/v6-m/nofp/libc.a(lib_a-callocr.o)
                0x0000000010017620                _calloc_r
 .text          0x000000001001767c       0xac /usr/lib/gcc/arm-none-eabi/9.2.1/../../../arm-none-eabi/lib/thumb/v6-m/nofp/libc.a(lib_a-fclose.o)
                0x000000001001767c                _fclose_r
                0x0000000010017714                fclose
 .text          0x0000000010017728      0x1b4 /usr/lib/gcc/arm-none-eabi/9.2.1/../../../arm-none-eabi/lib/thumb/v6-m/nofp/libc.a(lib_a-fflush.o)
                0x0000000010017728                __sflush_r
                0x0000000010017888                _fflush_r
                0x00000000100178b4                fflush
 .text          0x00000000100178dc      0x220 /usr/lib/gcc/arm-none-eabi/9.2.1/../../../arm-none-eabi/lib/thumb/v6-m/nofp/libc.a(lib_a-findfp.o)
                0x00000000100178e0                _cleanup_r
                0x00000000100179dc                __sfmoreglue
                0x0000000010017a0c                __sfp
                0x0000000010017a94                _cleanup
                0x0000000010017aac                __sinit
                0x0000000010017abc                __sfp_lock_acquire
                0x0000000010017ac0                __sfp_lock_release
                0x0000000010017ac4                __sinit_lock_acquire
                0x0000000010017ac8                __sinit_lock_release
                0x0000000010017acc                __fp_lock_all
                0x0000000010017ae4                __fp_unlock_all
 .text          0x0000000010017afc      0x27c /usr/lib/gcc/arm-none-eabi/9.2.1/../../../arm-none-eabi/lib/thumb/v6-m/nofp/libc.a(lib_a-freer.o)
                0x0000000010017afc                _malloc_trim_r
                0x0000000010017b9c                _free_r
 .text          0x0000000010017d78       0x90 /usr/lib/gcc/arm-none-eabi/9.2.1/../../../arm-none-eabi/lib/thumb/v6-m/nofp/libc.a(lib_a-fwalk.o)
                0x0000000010017d78                _fwalk
                0x0000000010017dbc                _fwalk_reent
 .text          0x0000000010017e08      0x58c /usr/lib/gcc/arm-none-eabi/9.2.1/../../../arm-none-eabi/lib/thumb/v6-m/nofp/libc.a(lib_a-mallocr.o)
                0x0000000010017e08                _malloc_r
 .text          0x0000000010018394        0x8 /usr/lib/gcc/arm-none-eabi/9.2.1/../../../arm-none-eabi/lib/thumb/v6-m/nofp/libc.a(lib_a-mlock.o)
                0x0000000010018394                __malloc_lock
                0x0000000010018398                __malloc_unlock
 .text          0x000000001001839c       0x24 /usr/lib/gcc/arm-none-eabi/9.2.1/../../../arm-none-eabi/lib/thumb/v6-m/nofp/libc.a(lib_a-sbrkr.o)
                0x000000001001839c                _sbrk_r
 .text          0x00000000100183c0       0x9c /usr/lib/gcc/arm-none-eabi/9.2.1/../../../arm-none-eabi/lib/thumb/v6-m/nofp/libc.a(lib_a-sscanf.o)
                0x00000000100183c0                sscanf
                0x0000000010018410                _sscanf_r
 .text          0x000000001001845c       0xa4 /usr/lib/gcc/arm-none-eabi/9.2.1/../../../arm-none-eabi/lib/thumb/v6-m/nofp/libc.a(lib_a-stdio.o)
                0x000000001001845c                __sread
                0x0000000010018484                __seofread
                0x0000000010018488                __swrite
                0x00000000100184c8                __sseek
                0x00000000100184f4                __sclose
 .text          0x0000000010018500       0x48 /usr/lib/gcc/arm-none-eabi/9.2.1/../../../arm-none-eabi/lib/thumb/v6-m/nofp/libc.a(lib_a-stpcpy.o)
                0x0000000010018500                stpcpy
 .text          0x0000000010018548       0x50 /usr/lib/gcc/arm-none-eabi/9.2.1/../../../arm-none-eabi/lib/thumb/v6-m/nofp/libc.a(lib_a-strcat.o)
                0x0000000010018548                strcat
 .text          0x0000000010018598       0x88 /usr/lib/gcc/arm-none-eabi/9.2.1/../../../arm-none-eabi/lib/thumb/v6-m/nofp/libc.a(lib_a-strcmp.o)
                0x0000000010018598                strcmp
 .text          0x0000000010018620       0x10 /usr/lib/gcc/arm-none-eabi/9.2.1/../../../arm-none-eabi/lib/thumb/v6-m/nofp/libc.a(lib_a-strcpy.o)
                0x0000000010018620                strcpy
 .text          0x0000000010018630       0x68 /usr/lib/gcc/arm-none-eabi/9.2.1/../../../arm-none-eabi/lib/thumb/v6-m/nofp/libc.a(lib_a-strlen-stub.o)
                0x0000000010018630                strlen
 .text          0x0000000010018698       0x94 /usr/lib/gcc/arm-none-eabi/9.2.1/../../../arm-none-eabi/lib/thumb/v6-m/nofp/libc.a(lib_a-strncmp.o)
                0x0000000010018698                strncmp
 .text          0x000000001001872c      0x184 /usr/lib/gcc/arm-none-eabi/9.2.1/../../../arm-none-eabi/lib/thumb/v6-m/nofp/libc.a(lib_a-strtol.o)
                0x0000000010018878                _strtol_r
                0x0000000010018880                strtol_l
                0x0000000010018898                strtol
 .text          0x00000000100188b0      0x180 /usr/lib/gcc/arm-none-eabi/9.2.1/../../../arm-none-eabi/lib/thumb/v6-m/nofp/libc.a(lib_a-strtoul.o)
                0x00000000100189f8                _strtoul_r
                0x0000000010018a00                strtoul_l
                0x0000000010018a18                strtoul
 .text          0x0000000010018a30      0xf7c /usr/lib/gcc/arm-none-eabi/9.2.1/../../../arm-none-eabi/lib/thumb/v6-m/nofp/libc.a(lib_a-svfscanf.o)
                0x0000000010018a30                __ssvfscanf_r
 .text          0x00000000100199ac       0x28 /usr/lib/gcc/arm-none-eabi/9.2.1/../../../arm-none-eabi/lib/thumb/v6-m/nofp/libc.a(lib_a-writer.o)
                0x00000000100199ac                _write_r
 .text          0x00000000100199d4       0x24 /usr/lib/gcc/arm-none-eabi/9.2.1/../../../arm-none-eabi/lib/thumb/v6-m/nofp/libc.a(lib_a-closer.o)
                0x00000000100199d4                _close_r
 .text          0x00000000100199f8        0xc /usr/lib/gcc/arm-none-eabi/9.2.1/../../../arm-none-eabi/lib/thumb/v6-m/nofp/libc.a(lib_a-errno.o)
                0x00000000100199f8                __errno
 .text          0x0000000010019a04        0xc /usr/lib/gcc/arm-none-eabi/9.2.1/../../../arm-none-eabi/lib/thumb/v6-m/nofp/libc.a(lib_a-iswspace.o)
                0x0000000010019a04                iswspace
 .text          0x0000000010019a10       0x18 /usr/lib/gcc/arm-none-eabi/9.2.1/../../../arm-none-eabi/lib/thumb/v6-m/nofp/libc.a(lib_a-iswspace_l.o)
                0x0000000010019a10                iswspace_l
 .text          0x0000000010019a28       0x6c /usr/lib/gcc/arm-none-eabi/9.2.1/../../../arm-none-eabi/lib/thumb/v6-m/nofp/libc.a(lib_a-locale.o)
                0x0000000010019a28                _setlocale_r
                0x0000000010019a6c                __locale_mb_cur_max
                0x0000000010019a7c                setlocale
 .text          0x0000000010019a94       0x14 /usr/lib/gcc/arm-none-eabi/9.2.1/../../../arm-none-eabi/lib/thumb/v6-m/nofp/libc.a(lib_a-localeconv.o)
                0x0000000010019a94                __localeconv_l
                0x0000000010019a98                _localeconv_r
                0x0000000010019aa0                localeconv
 .text          0x0000000010019aa8       0x28 /usr/lib/gcc/arm-none-eabi/9.2.1/../../../arm-none-eabi/lib/thumb/v6-m/nofp/libc.a(lib_a-lseekr.o)
                0x0000000010019aa8                _lseek_r
 .text          0x0000000010019ad0       0x94 /usr/lib/gcc/arm-none-eabi/9.2.1/../../../arm-none-eabi/lib/thumb/v6-m/nofp/libc.a(lib_a-mbrtowc.o)
                0x0000000010019ad0                _mbrtowc_r
                0x0000000010019b18                mbrtowc
 .text          0x0000000010019b64       0x44 /usr/lib/gcc/arm-none-eabi/9.2.1/../../../arm-none-eabi/lib/thumb/v6-m/nofp/libc.a(lib_a-mbtowc_r.o)
                0x0000000010019b64                _mbtowc_r
                0x0000000010019b7c                __ascii_mbtowc
 .text          0x0000000010019ba8      0xa38 /usr/lib/gcc/arm-none-eabi/9.2.1/../../../arm-none-eabi/lib/thumb/v6-m/nofp/libc.a(lib_a-mprec.o)
                0x0000000010019ba8                _Balloc
                0x0000000010019bf8                _Bfree
                0x0000000010019c0c                __multadd
                0x0000000010019cbc                __s2b
                0x0000000010019d68                __hi0bits
                0x0000000010019da0                __lo0bits
                0x0000000010019dfc                __i2b
                0x0000000010019e28                __multiply
                0x0000000010019fb4                __pow5mult
                0x000000001001a068                __lshift
                0x000000001001a14c                __mcmp
                0x000000001001a180                __mdiff
                0x000000001001a2c8                __ulp
                0x000000001001a310                __b2d
                0x000000001001a3c8                __d2b
                0x000000001001a4a0                __ratio
                0x000000001001a514                _mprec_log10
                0x000000001001a548                __copybits
                0x000000001001a588                __any_on
 .text          0x000000001001a5e0       0x28 /usr/lib/gcc/arm-none-eabi/9.2.1/../../../arm-none-eabi/lib/thumb/v6-m/nofp/libc.a(lib_a-readr.o)
                0x000000001001a5e0                _read_r
 .text          0x000000001001a608       0x6c /usr/lib/gcc/arm-none-eabi/9.2.1/../../../arm-none-eabi/lib/thumb/v6-m/nofp/libc.a(lib_a-sccl.o)
                0x000000001001a608                __sccl
 .text          0x000000001001a674        0x8 /usr/lib/gcc/arm-none-eabi/9.2.1/../../../arm-none-eabi/lib/thumb/v6-m/nofp/libc.a(lib_a-sf_nan.o)
                0x000000001001a674                nanf
 .text          0x000000001001a67c     0x10b8 /usr/lib/gcc/arm-none-eabi/9.2.1/../../../arm-none-eabi/lib/thumb/v6-m/nofp/libc.a(lib_a-strtod.o)
                0x000000001001a6ac                _strtod_l
                0x000000001001b58c                _strtod_r
                0x000000001001b59c                strtod_l
                0x000000001001b5b4                strtod
                0x000000001001b5d0                strtof_l
                0x000000001001b680                strtof
 .text          0x000000001001b734      0x1d8 /usr/lib/gcc/arm-none-eabi/9.2.1/../../../arm-none-eabi/lib/thumb/v6-m/nofp/libc.a(lib_a-strtoll.o)
                0x000000001001b8d4                _strtoll_r
                0x000000001001b8dc                strtoll_l
                0x000000001001b8f4                strtoll
 .text          0x000000001001b90c      0x1f4 /usr/lib/gcc/arm-none-eabi/9.2.1/../../../arm-none-eabi/lib/thumb/v6-m/nofp/libc.a(lib_a-strtoull.o)
                0x000000001001bac8                _strtoull_r
                0x000000001001bad0                strtoull_l
                0x000000001001bae8                strtoull
 .text          0x000000001001bb00      0xc18 /usr/lib/gcc/arm-none-eabi/9.2.1/../../../arm-none-eabi/lib/thumb/v6-m/nofp/libc.a(lib_a-svfiscanf.o)
                0x000000001001bb00                _sungetc_r
                0x000000001001bb80                __ssrefill_r
                0x000000001001bbc0                _sfread_r
                0x000000001001bc50                __ssvfiscanf_r
 .text          0x000000001001c718      0x184 /usr/lib/gcc/arm-none-eabi/9.2.1/../../../arm-none-eabi/lib/thumb/v6-m/nofp/libc.a(lib_a-ungetc.o)
                0x000000001001c718                __submore
                0x000000001001c79c                _ungetc_r
                0x000000001001c884                ungetc
 .text          0x000000001001c89c       0x2c /usr/lib/gcc/arm-none-eabi/9.2.1/../../../arm-none-eabi/lib/thumb/v6-m/nofp/libc.a(lib_a-wctomb_r.o)
                0x000000001001c89c                _wctomb_r
                0x000000001001c8ac                __ascii_wctomb
 .text          0x000000001001c8c8      0x634 /usr/lib/gcc/arm-none-eabi/9.2.1/../../../arm-none-eabi/lib/thumb/v6-m/nofp/libc.a(lib_a-gdtoa-gethex.o)
                0x000000001001c96c                __gethex
 .text          0x000000001001cefc      0x1d8 /usr/lib/gcc/arm-none-eabi/9.2.1/../../../arm-none-eabi/lib/thumb/v6-m/nofp/libc.a(lib_a-gdtoa-hexnan.o)
                0x000000001001cefc                __match
                0x000000001001cf28                __hexnan
 .text          0x000000001001d0d4      0x35c /usr/lib/gcc/arm-none-eabi/9.2.1/../../../arm-none-eabi/lib/thumb/v6-m/nofp/libc.a(lib_a-reallocr.o)
                0x000000001001d0d4                _realloc_r
 .text          0x000000001001d430        0xc /usr/lib/gcc/arm-none-eabi/9.2.1/../../../arm-none-eabi/lib/thumb/v6-m/nofp/libc.a(lib_a-s_nan.o)
                0x000000001001d430                nan
 .text          0x000000001001d43c       0x10 /usr/lib/gcc/arm-none-eabi/9.2.1/../../../arm-none-eabi/lib/thumb/v6-m/nofp/libnosys.a(close.o)
                0x000000001001d43c                _close
 .text          0x000000001001d44c       0x10 /usr/lib/gcc/arm-none-eabi/9.2.1/../../../arm-none-eabi/lib/thumb/v6-m/nofp/libnosys.a(lseek.o)
                0x000000001001d44c                _lseek
 *(.fini)
 .fini          0x000000001001d45c        0x4 /usr/lib/gcc/arm-none-eabi/9.2.1/thumb/v6-m/nofp/crti.o
                0x000000001001d45c                _fini
 .fini.__stub   0x000000001001d460       0x80 linker stubs
 *crtbegin.o(.ctors)
 *crtbegin?.o(.ctors)
 *(EXCLUDE_FILE(*crtend.o *crtend?.o) .ctors)
 *(SORT_BY_NAME(.ctors.*))
 *(.ctors)
 *crtbegin.o(.dtors)
 *crtbegin?.o(.dtors)
 *(EXCLUDE_FILE(*crtend.o *crtend?.o) .dtors)
 *(SORT_BY_NAME(.dtors.*))
 *(.dtors)
 *(.eh_frame*)
 .eh_frame      0x000000001001d4e0        0x0 /usr/lib/gcc/arm-none-eabi/9.2.1/thumb/v6-m/nofp/crtbegin.o
                0x000000001001d4e0                . = ALIGN (0x4)

.glue_7         0x000000001001d4e0        0x0
 .glue_7        0x000000001001d4e0        0x0 linker stubs

.glue_7t        0x000000001001d4e0        0x0
 .glue_7t       0x000000001001d4e0        0x0 linker stubs

.vfp11_veneer   0x000000001001d4e0        0x0
 .vfp11_veneer  0x000000001001d4e0        0x0 linker stubs

.v4_bx          0x000000001001d4e0        0x0
 .v4_bx         0x000000001001d4e0        0x0 linker stubs

.iplt           0x000000001001d4e0        0x0
 .iplt          0x000000001001d4e0        0x0 /usr/lib/gcc/arm-none-eabi/9.2.1/thumb/v6-m/nofp/crtbegin.o

.rodata         0x000000001001d4e0     0x3134
 *(EXCLUDE_FILE(*libm.a: *libc.a:*lib_a-mem*.o *libgcc.a:) .rodata*)
 .rodata.PIN_I2C_SCL
                0x000000001001d4e0        0x4 CMakeFiles/psion_recreate.dir/psion_recreate.c.obj
                0x000000001001d4e0                PIN_I2C_SCL
 .rodata.PIN_I2C_SDA
                0x000000001001d4e4        0x4 CMakeFiles/psion_recreate.dir/psion_recreate.c.obj
                0x000000001001d4e4                PIN_I2C_SDA
 .rodata.PIN_LATCHIN
                0x000000001001d4e8        0x4 CMakeFiles/psion_recreate.dir/psion_recreate.c.obj
                0x000000001001d4e8                PIN_LATCHIN
 .rodata.PIN_LATCHOUT1
                0x000000001001d4ec        0x4 CMakeFiles/psion_recreate.dir/psion_recreate.c.obj
                0x000000001001d4ec                PIN_LATCHOUT1
 .rodata.PIN_LS_DIR
                0x000000001001d4f0        0x4 CMakeFiles/psion_recreate.dir/psion_recreate.c.obj
                0x000000001001d4f0                PIN_LS_DIR
 .rodata.PIN_VBAT_SW_ON
                0x000000001001d4f4        0x4 CMakeFiles/psion_recreate.dir/psion_recreate.c.obj
                0x000000001001d4f4                PIN_VBAT_SW_ON
 .rodata.i_printxy_hex.str1.4