Archive member included to satisfy reference by file (symbol)

/usr/lib/gcc/arm-none-eabi/14.1.0/thumb/v6-m/nofp/libgcc.a(_dvmd_tls.o)
                              CMakeFiles/psion_recreate_ctusb.dir/home/menadue/pico/pico-sdk/src/rp2_common/pico_divider/divider_hardware.S.o (__aeabi_idiv0)
/usr/lib/gcc/arm-none-eabi/14.1.0/../../../../arm-none-eabi/lib/thumb/v6-m/nofp/libg.a(libc_a-atexit.o)
                              /usr/lib/gcc/arm-none-eabi/14.1.0/../../../../arm-none-eabi/lib/thumb/v6-m/nofp/crt0.o (atexit)
/usr/lib/gcc/arm-none-eabi/14.1.0/../../../../arm-none-eabi/lib/thumb/v6-m/nofp/libg.a(libc_a-calloc.o)
                              CMakeFiles/psion_recreate_ctusb.dir/home/menadue/pico/pico-sdk/src/rp2_common/pico_malloc/malloc.c.o (calloc)
/usr/lib/gcc/arm-none-eabi/14.1.0/../../../../arm-none-eabi/lib/thumb/v6-m/nofp/libg.a(libc_a-callocr.o)
                              /usr/lib/gcc/arm-none-eabi/14.1.0/../../../../arm-none-eabi/lib/thumb/v6-m/nofp/libg.a(libc_a-calloc.o) (_calloc_r)
/usr/lib/gcc/arm-none-eabi/14.1.0/../../../../arm-none-eabi/lib/thumb/v6-m/nofp/libg.a(libc_a-malloc.o)
                              CMakeFiles/psion_recreate_ctusb.dir/home/menadue/pico/pico-sdk/src/rp2_common/pico_malloc/malloc.c.o (malloc)
/usr/lib/gcc/arm-none-eabi/14.1.0/../../../../arm-none-eabi/lib/thumb/v6-m/nofp/libg.a(libc_a-mallocr.o)
                              /usr/lib/gcc/arm-none-eabi/14.1.0/../../../../arm-none-eabi/lib/thumb/v6-m/nofp/libg.a(libc_a-callocr.o) (_malloc_r)
/usr/lib/gcc/arm-none-eabi/14.1.0/../../../../arm-none-eabi/lib/thumb/v6-m/nofp/libg.a(libc_a-mlock.o)
                              /usr/lib/gcc/arm-none-eabi/14.1.0/../../../../arm-none-eabi/lib/thumb/v6-m/nofp/libg.a(libc_a-mallocr.o) (__malloc_lock)
/usr/lib/gcc/arm-none-eabi/14.1.0/../../../../arm-none-eabi/lib/thumb/v6-m/nofp/libg.a(libc_a-realloc.o)
                              CMakeFiles/psion_recreate_ctusb.dir/home/menadue/pico/pico-sdk/src/rp2_common/pico_malloc/malloc.c.o (realloc)
/usr/lib/gcc/arm-none-eabi/14.1.0/../../../../arm-none-eabi/lib/thumb/v6-m/nofp/libg.a(libc_a-reallocr.o)
                              /usr/lib/gcc/arm-none-eabi/14.1.0/../../../../arm-none-eabi/lib/thumb/v6-m/nofp/libg.a(libc_a-realloc.o) (_realloc_r)
/usr/lib/gcc/arm-none-eabi/14.1.0/../../../../arm-none-eabi/lib/thumb/v6-m/nofp/libg.a(libc_a-ctype_.o)
                              CMakeFiles/psion_recreate_ctusb.dir/svc_fl.c.o (_ctype_)
/usr/lib/gcc/arm-none-eabi/14.1.0/../../../../arm-none-eabi/lib/thumb/v6-m/nofp/libg.a(libc_a-sscanf.o)
                              CMakeFiles/psion_recreate_ctusb.dir/serial.c.o (sscanf)
/usr/lib/gcc/arm-none-eabi/14.1.0/../../../../arm-none-eabi/lib/thumb/v6-m/nofp/libg.a(libc_a-stdio.o)
                              /usr/lib/gcc/arm-none-eabi/14.1.0/../../../../arm-none-eabi/lib/thumb/v6-m/nofp/libg.a(libc_a-sscanf.o) (__seofread)
/usr/lib/gcc/arm-none-eabi/14.1.0/../../../../arm-none-eabi/lib/thumb/v6-m/nofp/libg.a(libc_a-vsprintf.o)
                              CMakeFiles/psion_recreate_ctusb.dir/cdc.c.o (vsprintf)
/usr/lib/gcc/arm-none-eabi/14.1.0/../../../../arm-none-eabi/lib/thumb/v6-m/nofp/libg.a(libc_a-memcmp.o)
                              CMakeFiles/psion_recreate_ctusb.dir/home/menadue/pico/pico-sdk/src/rp2_common/pico_atomic/atomic.c.o (memcmp)
/usr/lib/gcc/arm-none-eabi/14.1.0/../../../../arm-none-eabi/lib/thumb/v6-m/nofp/libg.a(libc_a-memmove.o)
                              CMakeFiles/psion_recreate_ctusb.dir/home/menadue/pico/pico-sdk/lib/tinyusb/src/class/msc/msc_device.c.o (memmove)
/usr/lib/gcc/arm-none-eabi/14.1.0/../../../../arm-none-eabi/lib/thumb/v6-m/nofp/libg.a(libc_a-strcat.o)
                              CMakeFiles/psion_recreate_ctusb.dir/svc_ed.c.o (strcat)
/usr/lib/gcc/arm-none-eabi/14.1.0/../../../../arm-none-eabi/lib/thumb/v6-m/nofp/libg.a(libc_a-strncmp.o)
                              CMakeFiles/psion_recreate_ctusb.dir/svc_fl.c.o (strncmp)
/usr/lib/gcc/arm-none-eabi/14.1.0/../../../../arm-none-eabi/lib/thumb/v6-m/nofp/libg.a(libc_a-stpcpy.o)
                              CMakeFiles/psion_recreate_ctusb.dir/svc_dp.c.o (stpcpy)
/usr/lib/gcc/arm-none-eabi/14.1.0/../../../../arm-none-eabi/lib/thumb/v6-m/nofp/libg.a(libc_a-lcltime_r.o)
                              CMakeFiles/psion_recreate_ctusb.dir/home/menadue/pico/pico-sdk/src/common/pico_util/datetime.c.o (localtime_r)
/usr/lib/gcc/arm-none-eabi/14.1.0/../../../../arm-none-eabi/lib/thumb/v6-m/nofp/libg.a(libc_a-mktime.o)
                              CMakeFiles/psion_recreate_ctusb.dir/home/menadue/pico/pico-sdk/src/common/pico_util/datetime.c.o (mktime)
/usr/lib/gcc/arm-none-eabi/14.1.0/../../../../arm-none-eabi/lib/thumb/v6-m/nofp/libg.a(libc_a-month_lengths.o)
                              /usr/lib/gcc/arm-none-eabi/14.1.0/../../../../arm-none-eabi/lib/thumb/v6-m/nofp/libg.a(libc_a-lcltime_r.o) (__month_lengths)
[...]
Memory Configuration

Name             Origin             Length             Attributes
FLASH            0x10000000         0x00200000         xr
RAM              0x20000000         0x00040000         xrw
SCRATCH_X        0x20040000         0x00001000         xrw
SCRATCH_Y        0x20041000         0x00001000         xrw
*default*        0x00000000         0xffffffff

Linker script and memory map

LOAD /usr/lib/gcc/arm-none-eabi/14.1.0/thumb/v6-m/nofp/crti.o
LOAD /usr/lib/gcc/arm-none-eabi/14.1.0/thumb/v6-m/nofp/crtbegin.o
LOAD /usr/lib/gcc/arm-none-eabi/14.1.0/../../../../arm-none-eabi/lib/thumb/v6-m/nofp/crt0.o

.flash_begin    0x10000000        0x0
                0x10000000                        __flash_binary_start = .

.boot2          0x10000000      0x100
                0x10000000                        __boot2_start__ = .
 *(.boot2)
 .boot2         0x10000000      0x100 pico-sdk/src/rp2040/boot_stage2/CMakeFiles/bs2_default_library.dir/bs2_default_padded_checksummed.S.o
                0x10000100                        __boot2_end__ = .
                0x00000001                        ASSERT (((__boot2_end__ - __boot2_start__) == 0x100), ERROR: Pico second stage bootloader must be 256 bytes in size)

.text           0x10000100    0x147d8
                0x10000100                        __logical_binary_start = .
 *(.vectors)
 .vectors       0x10000100       0xd4 CMakeFiles/psion_recreate_ctusb.dir/home/menadue/pico/pico-sdk/src/rp2_common/pico_crt0/crt0.S.o
                0x10000100                __vectors
                0x10000100                __VECTOR_TABLE
                0x100001c0                isr_invalid
                0x100001c0                __default_isrs_start
                0x100001c2                isr_nmi
                0x100001c4                isr_hardfault
                0x100001c6                isr_svcall
                0x100001c8                isr_pendsv
                0x100001ca                isr_systick
                0x100001cc                isr_irq30
                0x100001cc                __unhandled_user_irq
                0x100001cc                isr_irq13
                0x100001cc                isr_irq27
                0x100001cc                isr_irq31
                0x100001cc                isr_irq5
                0x100001cc                isr_irq11
                0x100001cc                isr_irq23
                0x100001cc                isr_irq18
                0x100001cc                isr_irq28
                0x100001cc                isr_irq19
                0x100001cc                isr_irq0
                0x100001cc                isr_irq6
                0x100001cc                isr_irq22
                0x100001cc                isr_irq17
                0x100001cc                isr_irq14
                0x100001cc                isr_irq2
                0x100001cc                isr_irq10
                0x100001cc                isr_irq8
                0x100001cc                isr_irq24
                0x100001cc                isr_irq1
                0x100001cc                isr_irq7
                0x100001cc                isr_irq21
                0x100001cc                isr_irq20
                0x100001cc                isr_irq15
                0x100001cc                isr_irq25
                0x100001cc                isr_irq4
                0x100001cc                isr_irq16
                0x100001cc                isr_irq29
                0x100001cc                isr_irq26
                0x100001cc                __default_isrs_end
                0x100001cc                isr_irq3
                0x100001cc                isr_irq12
                0x100001cc                isr_irq9
                0x100001d2                unhandled_user_irq_num_in_r0
 *(.binary_info_header)
 .binary_info_header
                0x100001d4       0x14 CMakeFiles/psion_recreate_ctusb.dir/home/menadue/pico/pico-sdk/src/rp2_common/pico_crt0/crt0.S.o
                0x100001e8                        __binary_info_header_end = .
 *(.embedded_block)
                0x100001e8                        __embedded_block_end = .
 *(.reset)
 .reset         0x100001e8       0x9c CMakeFiles/psion_recreate_ctusb.dir/home/menadue/pico/pico-sdk/src/rp2_common/pico_crt0/crt0.S.o
                0x100001e8                _entry_point
 *(.init)
 .init          0x10000284        0x4 /usr/lib/gcc/arm-none-eabi/14.1.0/thumb/v6-m/nofp/crti.o
                0x10000284                _init
 *(EXCLUDE_FILE(*libm.a: *libc.a:*lib_a-mem*.o *libgcc.a:) .text*)
 .text          0x10000288       0x98 /usr/lib/gcc/arm-none-eabi/14.1.0/thumb/v6-m/nofp/crtbegin.o
 .text.panel_info_init
                0x10000320        0x4 CMakeFiles/psion_recreate_ctusb.dir/main.c.o
                0x10000320                panel_info_init
 .text.write_595.constprop.0
                0x10000324       0xa4 CMakeFiles/psion_recreate_ctusb.dir/main.c.o
 .text.panel_opl_init
                0x100003c8        0x4 CMakeFiles/psion_recreate_ctusb.dir/main.c.o
                0x100003c8                panel_opl_init
 .text.latch2_set_mask
                0x100003cc       0x1c CMakeFiles/psion_recreate_ctusb.dir/main.c.o
                0x100003cc                latch2_set_mask
 .text.latch2_clear_mask
                0x100003e8       0x18 CMakeFiles/psion_recreate_ctusb.dir/main.c.o
                0x100003e8                latch2_clear_mask
 .text.write_595
                0x10000400       0xc0 CMakeFiles/psion_recreate_ctusb.dir/main.c.o
                0x10000400                write_595
 .text.startup.main
                0x100004c0      0x270 CMakeFiles/psion_recreate_ctusb.dir/main.c.o
                0x100004c0                main
 .text.cdc_printf
                0x10000730       0x38 CMakeFiles/psion_recreate_ctusb.dir/cdc.c.o
                0x10000730                cdc_printf
 .text.cdc_printf_xy
                0x10000768       0x5c CMakeFiles/psion_recreate_ctusb.dir/cdc.c.o
                0x10000768                cdc_printf_xy
 .text.cdc_cls  0x100007c4       0x10 CMakeFiles/psion_recreate_ctusb.dir/cdc.c.o
                0x100007c4                cdc_cls
 .text.put_core1_into_ram
                0x100007d4       0x18 CMakeFiles/psion_recreate_ctusb.dir/core1.c.o
                0x100007d4                put_core1_into_ram
 .text.take_core1_out_of_ram
                0x100007ec        0xc CMakeFiles/psion_recreate_ctusb.dir/core1.c.o
                0x100007ec                take_core1_out_of_ram
 .text.core1_init
                0x100007f8       0x10 CMakeFiles/psion_recreate_ctusb.dir/core1.c.o
                0x100007f8                core1_init
 .text.tud_descriptor_device_cb
                0x10000808        0x8 CMakeFiles/psion_recreate_ctusb.dir/usb_descriptors.c.o
                0x10000808                tud_descriptor_device_cb
 .text.tud_descriptor_configuration_cb
                0x10000810        0x8 CMakeFiles/psion_recreate_ctusb.dir/usb_descriptors.c.o
                0x10000810                tud_descriptor_configuration_cb
 .text.tud_descriptor_string_cb
                0x10000818       0xf4 CMakeFiles/psion_recreate_ctusb.dir/usb_descriptors.c.o
                0x10000818                tud_descriptor_string_cb
 .text.invert_byte
                0x1000090c       0x44 CMakeFiles/psion_recreate_ctusb.dir/font.c.o
                0x1000090c                invert_byte
 .text.next_printpos_line
                0x10000950       0x34 CMakeFiles/psion_recreate_ctusb.dir/font.c.o
                0x10000950                next_printpos_line
 .text.i2c_ssd_plot_point
                0x10000984       0xdc CMakeFiles/psion_recreate_ctusb.dir/font.c.o
                0x10000984                i2c_ssd_plot_point
 .text.i_printxy
                0x10000a60       0x74 CMakeFiles/psion_recreate_ctusb.dir/font.c.o
                0x10000a60                i_printxy
 .text.i2c_ssd  0x10000ad4       0x84 CMakeFiles/psion_recreate_ctusb.dir/font.c.o
                0x10000ad4                i2c_ssd
 .text.i2c_ssd_clear_oled
                0x10000b58       0x40 CMakeFiles/psion_recreate_ctusb.dir/font.c.o
                0x10000b58                i2c_ssd_clear_oled
 .text.print_cursor
                0x10000b98       0x7c CMakeFiles/psion_recreate_ctusb.dir/font.c.o
                0x10000b98                print_cursor
 .text.i_printxy_str
                0x10000c14      0x104 CMakeFiles/psion_recreate_ctusb.dir/font.c.o
                0x10000c14                i_printxy_str
 .text.printxy_str
                0x10000d18        0x8 CMakeFiles/psion_recreate_ctusb.dir/font.c.o
                0x10000d18                printxy_str
 .text.print_home
                0x10000d20       0x14 CMakeFiles/psion_recreate_ctusb.dir/font.c.o
                0x10000d20                print_home
 .text.print_str
                0x10000d34       0x1c CMakeFiles/psion_recreate_ctusb.dir/font.c.o
                0x10000d34                print_str
 .text.print_nl_if_necessary
                0x10000d50       0x30 CMakeFiles/psion_recreate_ctusb.dir/font.c.o
                0x10000d50                print_nl_if_necessary
 .text.kb_getk  0x10000d80       0x54 CMakeFiles/psion_recreate_ctusb.dir/svc_kb.c.o
                0x10000d80                kb_getk
 .text.kb_test  0x10000dd4       0x30 CMakeFiles/psion_recreate_ctusb.dir/svc_kb.c.o
                0x10000dd4                kb_test
 .text.queue_hid_key
                0x10000e04       0x58 CMakeFiles/psion_recreate_ctusb.dir/svc_kb.c.o
                0x10000e04                queue_hid_key
 .text.translate_to_hid
                0x10000e5c        0x4 CMakeFiles/psion_recreate_ctusb.dir/svc_kb.c.o
                0x10000e5c                translate_to_hid
 .text.dp_view  0x10000e60      0x20c CMakeFiles/psion_recreate_ctusb.dir/svc_dp.c.o
                0x10000e60                dp_view
 .text.dp_stat  0x1000106c       0x2c CMakeFiles/psion_recreate_ctusb.dir/svc_dp.c.o
                0x1000106c                dp_stat
 .text.dp_clr_eos
                0x10001098       0x44 CMakeFiles/psion_recreate_ctusb.dir/svc_dp.c.o
                0x10001098                dp_clr_eos
 .text.dp_cls   0x100010dc       0x24 CMakeFiles/psion_recreate_ctusb.dir/svc_dp.c.o
                0x100010dc                dp_cls
 .text.dp_prnt  0x10001100       0x68 CMakeFiles/psion_recreate_ctusb.dir/svc_dp.c.o
                0x10001100                dp_prnt
 .text.ed_epos  0x10001168      0x1a8 CMakeFiles/psion_recreate_ctusb.dir/svc_ed.c.o
                0x10001168                ed_epos
 .text.ed_view  0x10001310       0xf4 CMakeFiles/psion_recreate_ctusb.dir/svc_ed.c.o
                0x10001310                ed_view
 .text.fl_scan_pak
                0x10001404       0xac CMakeFiles/psion_recreate_ctusb.dir/svc_fl.c.o
                0x10001404                fl_scan_pak
 .text.fl_catl  0x100014b0       0xf4 CMakeFiles/psion_recreate_ctusb.dir/svc_fl.c.o
                0x100014b0                fl_catl
 .text.fl_find  0x100015a4      0x134 CMakeFiles/psion_recreate_ctusb.dir/svc_fl.c.o
                0x100015a4                fl_find
 .text.fl_frec  0x100016d8       0xfc CMakeFiles/psion_recreate_ctusb.dir/svc_fl.c.o
                0x100016d8                fl_frec
 .text.fl_eras  0x100017d4       0x60 CMakeFiles/psion_recreate_ctusb.dir/svc_fl.c.o
                0x100017d4                fl_eras
 .text.fl_back  0x10001834       0x48 CMakeFiles/psion_recreate_ctusb.dir/svc_fl.c.o
                0x10001834                fl_back
 .text.fl_next  0x1000187c       0x48 CMakeFiles/psion_recreate_ctusb.dir/svc_fl.c.o
                0x1000187c                fl_next
 .text.fl_read  0x100018c4       0x38 CMakeFiles/psion_recreate_ctusb.dir/svc_fl.c.o
                0x100018c4                fl_read
 .text.fl_rect  0x100018fc        0xc CMakeFiles/psion_recreate_ctusb.dir/svc_fl.c.o
                0x100018fc                fl_rect
 .text.fl_rset  0x10001908       0x1c CMakeFiles/psion_recreate_ctusb.dir/svc_fl.c.o
                0x10001908                fl_rset
 .text.fl_size  0x10001924       0xf4 CMakeFiles/psion_recreate_ctusb.dir/svc_fl.c.o
                0x10001924                fl_size
 .text.fl_cret  0x10001a18      0x20c CMakeFiles/psion_recreate_ctusb.dir/svc_fl.c.o
                0x10001a18                fl_cret
 .text.fl_writ  0x10001c24       0x40 CMakeFiles/psion_recreate_ctusb.dir/svc_fl.c.o
                0x10001c24                fl_writ
 .text.fl_dump_flash_pak
                0x10001c64       0xa4 CMakeFiles/psion_recreate_ctusb.dir/svc_fl.c.o
                0x10001c64                fl_dump_flash_pak
 .text.pk_build_id_string
                0x10001d08       0x58 CMakeFiles/psion_recreate_ctusb.dir/svc_pk.c.o
                0x10001d08                pk_build_id_string
 .text.pk_setp  0x10001d60       0x28 CMakeFiles/psion_recreate_ctusb.dir/svc_pk.c.o
                0x10001d60                pk_setp
 .text.pk_save  0x10001d88       0x4c CMakeFiles/psion_recreate_ctusb.dir/svc_pk.c.o
                0x10001d88                pk_save
 .text.pk_read  0x10001dd4       0x48 CMakeFiles/psion_recreate_ctusb.dir/svc_pk.c.o
                0x10001dd4                pk_read
 .text.pk_rbyt  0x10001e1c       0x2c CMakeFiles/psion_recreate_ctusb.dir/svc_pk.c.o
                0x10001e1c                pk_rbyt
 .text.pk_rwrd  0x10001e48       0x40 CMakeFiles/psion_recreate_ctusb.dir/svc_pk.c.o
                0x10001e48                pk_rwrd
 .text.pk_skip  0x10001e88       0x10 CMakeFiles/psion_recreate_ctusb.dir/svc_pk.c.o
                0x10001e88                pk_skip
 .text.pk_qadd  0x10001e98        0xc CMakeFiles/psion_recreate_ctusb.dir/svc_pk.c.o
                0x10001e98                pk_qadd
 .text.pk_sadd  0x10001ea4        0xc CMakeFiles/psion_recreate_ctusb.dir/svc_pk.c.o
                0x10001ea4                pk_sadd
 .text.pk_fmat  0x10001eb0       0x20 CMakeFiles/psion_recreate_ctusb.dir/svc_pk.c.o
                0x10001eb0                pk_fmat
 .text.er_error
                0x10001ed0       0x14 CMakeFiles/psion_recreate_ctusb.dir/svc_er.c.o
                0x10001ed0                er_error
 .text.pk_rbyt_pico_flash
                0x10001ee4        0xc CMakeFiles/psion_recreate_ctusb.dir/svc_pak_pico_flash.c.o
                0x10001ee4                pk_rbyt_pico_flash
 .text.pk_save_pico_flash
                0x10001ef0      0x1e4 CMakeFiles/psion_recreate_ctusb.dir/svc_pak_pico_flash.c.o
                0x10001ef0                pk_save_pico_flash
 .text.pk_format_pico_flash
                0x100020d4       0x7c CMakeFiles/psion_recreate_ctusb.dir/svc_pak_pico_flash.c.o
                0x100020d4                pk_format_pico_flash
 .text.pk_rbyt_serial_eeprom
                0x10002150       0x1c CMakeFiles/psion_recreate_ctusb.dir/svc_pak_serial_eeprom.c.o
                0x10002150                pk_rbyt_serial_eeprom
 .text.pk_save_serial_eeprom
                0x1000216c       0x18 CMakeFiles/psion_recreate_ctusb.dir/svc_pak_serial_eeprom.c.o
                0x1000216c                pk_save_serial_eeprom
 .text.pk_format_serial_eeprom
                0x10002184       0x28 CMakeFiles/psion_recreate_ctusb.dir/svc_pak_serial_eeprom.c.o
                0x10002184                pk_format_serial_eeprom
 .text.Set_Page_Address
                0x100021ac       0x24 CMakeFiles/psion_recreate_ctusb.dir/display.c.o
                0x100021ac                Set_Page_Address
 .text.Set_Column_Address
                0x100021d0       0x28 CMakeFiles/psion_recreate_ctusb.dir/display.c.o
                0x100021d0                Set_Column_Address
 .text.initialise_oled
                0x100021f8      0x1d0 CMakeFiles/psion_recreate_ctusb.dir/display.c.o
                0x100021f8                initialise_oled
 .text.clear_oled
                0x100023c8       0x74 CMakeFiles/psion_recreate_ctusb.dir/display.c.o
                0x100023c8                clear_oled
 .text.pixels_clear
                0x1000243c       0x88 CMakeFiles/psion_recreate_ctusb.dir/display.c.o
                0x1000243c                pixels_clear
 .text.plot_point
                0x100024c4       0xf4 CMakeFiles/psion_recreate_ctusb.dir/display.c.o
                0x100024c4                plot_point
 .text.cursor_task
                0x100025b8      0x214 CMakeFiles/psion_recreate_ctusb.dir/cursor.c.o
                0x100025b8                cursor_task
 .text.handle_cursor_key
                0x100027cc       0x90 CMakeFiles/psion_recreate_ctusb.dir/cursor.c.o
                0x100027cc                handle_cursor_key
 .text.i2c_set_delay_value
                0x1000285c        0xc CMakeFiles/psion_recreate_ctusb.dir/i2c.c.o
                0x1000285c                i2c_set_delay_value
 .text.i2c_start
                0x10002868       0x5c CMakeFiles/psion_recreate_ctusb.dir/i2c.c.o
                0x10002868                i2c_start
 .text.i2c_stop
                0x100028c4       0x74 CMakeFiles/psion_recreate_ctusb.dir/i2c.c.o
                0x100028c4                i2c_stop
 .text.i2c_send_byte
                0x10002938       0xd0 CMakeFiles/psion_recreate_ctusb.dir/i2c.c.o
                0x10002938                i2c_send_byte
 .text.i2c_recv_byte
                0x10002a08       0xe0 CMakeFiles/psion_recreate_ctusb.dir/i2c.c.o
                0x10002a08                i2c_recv_byte
 .text.i2c_read_bytes
                0x10002ae8      0x168 CMakeFiles/psion_recreate_ctusb.dir/i2c.c.o
                0x10002ae8                i2c_read_bytes
 .text.i2c_send_bytes
                0x10002c50       0xcc CMakeFiles/psion_recreate_ctusb.dir/i2c.c.o
                0x10002c50                i2c_send_bytes
 .text.init_menu_top
                0x10002d1c        0x4 CMakeFiles/psion_recreate_ctusb.dir/menu.c.o
                0x10002d1c                init_menu_top
 .text.menu_back
                0x10002d20       0x18 CMakeFiles/psion_recreate_ctusb.dir/menu.c.o
                0x10002d20                menu_back
 .text.menu_goto_format
                0x10002d38       0x1c CMakeFiles/psion_recreate_ctusb.dir/menu.c.o
                0x10002d38                menu_goto_format
 .text.menu_goto_test_os
                0x10002d54       0x1c CMakeFiles/psion_recreate_ctusb.dir/menu.c.o
                0x10002d54                menu_goto_test_os
 .text.menu_goto_buzzer
                0x10002d70       0x1c CMakeFiles/psion_recreate_ctusb.dir/menu.c.o
                0x10002d70                menu_goto_buzzer
 .text.menu_epos_test
                0x10002d8c       0x44 CMakeFiles/psion_recreate_ctusb.dir/menu.c.o
                0x10002d8c                menu_epos_test
 .text.menu_flowtext_test
                0x10002dd0       0x3c CMakeFiles/psion_recreate_ctusb.dir/menu.c.o
                0x10002dd0                menu_flowtext_test
 .text.menu_fmat
                0x10002e0c       0x38 CMakeFiles/psion_recreate_ctusb.dir/menu.c.o
                0x10002e0c                menu_fmat
 .text.menu_dp_view
                0x10002e44       0x48 CMakeFiles/psion_recreate_ctusb.dir/menu.c.o
                0x10002e44                menu_dp_view
 .text.menu_fl_find
                0x10002e8c      0x1a0 CMakeFiles/psion_recreate_ctusb.dir/menu.c.o
                0x10002e8c                menu_fl_find
 .text.menu_buz1
                0x1000302c       0x38 CMakeFiles/psion_recreate_ctusb.dir/menu.c.o
                0x1000302c                menu_buz1
 .text.init_menu_format
                0x10003064        0x4 CMakeFiles/psion_recreate_ctusb.dir/menu.c.o
                0x10003064                init_menu_format
 .text.init_menu_test_os
                0x10003068        0x4 CMakeFiles/psion_recreate_ctusb.dir/menu.c.o
                0x10003068                init_menu_test_os
 .text.init_menu_buzzer
                0x1000306c        0x4 CMakeFiles/psion_recreate_ctusb.dir/menu.c.o
                0x1000306c                init_menu_buzzer
 .text.menu_null
                0x10003070        0x4 CMakeFiles/psion_recreate_ctusb.dir/menu.c.o
                0x10003070                menu_null
 .text.menu_cursor_test
                0x10003074       0x64 CMakeFiles/psion_recreate_ctusb.dir/menu.c.o
                0x10003074                menu_cursor_test
 .text.menu_scan_test
                0x100030d8       0x70 CMakeFiles/psion_recreate_ctusb.dir/menu.c.o
                0x100030d8                menu_scan_test
 .text.menu_instant_off
                0x10003148       0x34 CMakeFiles/psion_recreate_ctusb.dir/menu.c.o
                0x10003148                menu_instant_off
 .text.menu_fl_save
                0x1000317c       0x90 CMakeFiles/psion_recreate_ctusb.dir/menu.c.o
                0x1000317c                menu_fl_save
 .text.menu_oled_test
                0x1000320c      0x26c CMakeFiles/psion_recreate_ctusb.dir/menu.c.o
                0x1000320c                menu_oled_test
 .text.menu_bubble
                0x10003478      0x3d0 CMakeFiles/psion_recreate_ctusb.dir/menu.c.o
                0x10003478                menu_bubble
 .text.menu_loop_tasks
                0x10003848       0x18 CMakeFiles/psion_recreate_ctusb.dir/menu.c.o
                0x10003848                menu_loop_tasks
 .text.menu_process
                0x10003860       0xb0 CMakeFiles/psion_recreate_ctusb.dir/menu.c.o
                0x10003860                menu_process
 .text.menu_enter
                0x10003910       0x24 CMakeFiles/psion_recreate_ctusb.dir/menu.c.o
                0x10003910                menu_enter
 .text.menu_loop
                0x10003934        0x8 CMakeFiles/psion_recreate_ctusb.dir/menu.c.o
                0x10003934                menu_loop
 .text.display  0x1000393c       0x50 CMakeFiles/psion_recreate_ctusb.dir/menu.c.o
                0x1000393c                display
 .text.menu_hex
                0x1000398c      0x100 CMakeFiles/psion_recreate_ctusb.dir/menu.c.o
                0x1000398c                menu_hex
 .text.cli_zero_parameter
                0x10003a8c        0xc CMakeFiles/psion_recreate_ctusb.dir/serial.c.o
                0x10003a8c                cli_zero_parameter
 .text.cli_pak_parameter
                0x10003a98       0x10 CMakeFiles/psion_recreate_ctusb.dir/serial.c.o
                0x10003a98                cli_pak_parameter
 .text.cli_dump_language_stack
                0x10003aa8        0x4 CMakeFiles/psion_recreate_ctusb.dir/serial.c.o
                0x10003aa8                cli_dump_language_stack
 .text.cli_digit
                0x10003aac       0x24 CMakeFiles/psion_recreate_ctusb.dir/serial.c.o
                0x10003aac                cli_digit
 .text.ic_exit  0x10003ad0        0xc CMakeFiles/psion_recreate_ctusb.dir/serial.c.o
                0x10003ad0                ic_exit
 .text.cli_boot_mass
                0x10003adc        0xc CMakeFiles/psion_recreate_ctusb.dir/serial.c.o
                0x10003adc                cli_boot_mass
 .text.ic_boot_mass
                0x10003ae8        0xc CMakeFiles/psion_recreate_ctusb.dir/serial.c.o
                0x10003ae8                ic_boot_mass
 .text.cli_dump_flash_pak
                0x10003af4        0x8 CMakeFiles/psion_recreate_ctusb.dir/serial.c.o
                0x10003af4                cli_dump_flash_pak
 .text.cli_write_test_pak_data
                0x10003afc       0x44 CMakeFiles/psion_recreate_ctusb.dir/serial.c.o
                0x10003afc                cli_write_test_pak_data
 .text.ic_test  0x10003b40       0x14 CMakeFiles/psion_recreate_ctusb.dir/serial.c.o
                0x10003b40                ic_test
 .text.ic_help  0x10003b54       0x30 CMakeFiles/psion_recreate_ctusb.dir/serial.c.o
                0x10003b54                ic_help
 .text.serial_help
                0x10003b84       0x44 CMakeFiles/psion_recreate_ctusb.dir/serial.c.o
                0x10003b84                serial_help
 .text.cli_dump_memory
                0x10003bc8       0xc8 CMakeFiles/psion_recreate_ctusb.dir/serial.c.o
                0x10003bc8                cli_dump_memory
 .text.ic_dump  0x10003c90       0x18 CMakeFiles/psion_recreate_ctusb.dir/serial.c.o
                0x10003c90                ic_dump
 .text.cli_format
                0x10003ca8       0x1c CMakeFiles/psion_recreate_ctusb.dir/serial.c.o
                0x10003ca8                cli_format
 .text.ic_format
                0x10003cc4       0x1c CMakeFiles/psion_recreate_ctusb.dir/serial.c.o
                0x10003cc4                ic_format
 .text.cli_catalog
                0x10003ce0       0x9c CMakeFiles/psion_recreate_ctusb.dir/serial.c.o
                0x10003ce0                cli_catalog
 .text.ic_catalog
                0x10003d7c        0x8 CMakeFiles/psion_recreate_ctusb.dir/serial.c.o
                0x10003d7c                ic_catalog
 .text.cli_terminal
                0x10003d84       0xb0 CMakeFiles/psion_recreate_ctusb.dir/serial.c.o
                0x10003d84                cli_terminal
 .text.cli_graphics_terminal
                0x10003e34       0xbc CMakeFiles/psion_recreate_ctusb.dir/serial.c.o
                0x10003e34                cli_graphics_terminal
 .text.ic_createmain
                0x10003ef0       0x10 CMakeFiles/psion_recreate_ctusb.dir/serial.c.o
                0x10003ef0                ic_createmain
 .text.cli_query
                0x10003f00       0x30 CMakeFiles/psion_recreate_ctusb.dir/serial.c.o
                0x10003f00                cli_query
 .text.cli_information
                0x10003f30       0xac CMakeFiles/psion_recreate_ctusb.dir/serial.c.o
                0x10003f30                cli_information
 .text.cli_hid_key
                0x10003fdc        0xc CMakeFiles/psion_recreate_ctusb.dir/serial.c.o
                0x10003fdc                cli_hid_key
 .text.ic_createfile
                0x10003fe8       0x18 CMakeFiles/psion_recreate_ctusb.dir/serial.c.o
                0x10003fe8                ic_createfile
 .text.ic_write
                0x10004000       0x3c CMakeFiles/psion_recreate_ctusb.dir/serial.c.o
                0x10004000                ic_write
 .text.ic_rect  0x1000403c       0x18 CMakeFiles/psion_recreate_ctusb.dir/serial.c.o
                0x1000403c                ic_rect
 .text.ic_erase
                0x10004054       0x1c CMakeFiles/psion_recreate_ctusb.dir/serial.c.o
                0x10004054                ic_erase
 .text.ic_read  0x10004070       0x38 CMakeFiles/psion_recreate_ctusb.dir/serial.c.o
                0x10004070                ic_read
 .text.ic_next  0x100040a8        0x8 CMakeFiles/psion_recreate_ctusb.dir/serial.c.o
                0x100040a8                ic_next
 .text.ic_find  0x100040b0       0x48 CMakeFiles/psion_recreate_ctusb.dir/serial.c.o
                0x100040b0                ic_find
 .text.ic_device
                0x100040f8       0x2c CMakeFiles/psion_recreate_ctusb.dir/serial.c.o
                0x100040f8                ic_device
 .text.ic_recno
                0x10004124       0x14 CMakeFiles/psion_recreate_ctusb.dir/serial.c.o
                0x10004124                ic_recno
 .text.ic_back  0x10004138        0x8 CMakeFiles/psion_recreate_ctusb.dir/serial.c.o
                0x10004138                ic_back
 .text.ic_flfrec
                0x10004140       0x8c CMakeFiles/psion_recreate_ctusb.dir/serial.c.o
                0x10004140                ic_flfrec
 .text.cli_itf  0x100041cc        0x4 CMakeFiles/psion_recreate_ctusb.dir/serial.c.o
                0x100041cc                cli_itf
 .text.cli_interactive
                0x100041d0      0x108 CMakeFiles/psion_recreate_ctusb.dir/serial.c.o
                0x100041d0                cli_interactive
 .text.cli_create
                0x100042d8       0x70 CMakeFiles/psion_recreate_ctusb.dir/serial.c.o
                0x100042d8                cli_create
 .text.serial_loop
                0x10004348      0x1cc CMakeFiles/psion_recreate_ctusb.dir/serial.c.o
                0x10004348                serial_loop
 .text.serial_display_xy
                0x10004514       0x48 CMakeFiles/psion_recreate_ctusb.dir/serial.c.o
                0x10004514                serial_display_xy
 .text.serial_plot_point_byte
                0x1000455c       0x54 CMakeFiles/psion_recreate_ctusb.dir/serial.c.o
                0x1000455c                serial_plot_point_byte
 .text.read_eeprom
                0x100045b0       0x40 CMakeFiles/psion_recreate_ctusb.dir/eeprom.c.o
                0x100045b0                read_eeprom
 .text.write_eeprom
                0x100045f0       0x54 CMakeFiles/psion_recreate_ctusb.dir/eeprom.c.o
                0x100045f0                write_eeprom
 .text.do_panel
                0x10004644       0xc4 CMakeFiles/psion_recreate_ctusb.dir/panel.c.o
                0x10004644                do_panel
 .text.tud_msc_inquiry_cb
                0x10004708       0x58 CMakeFiles/psion_recreate_ctusb.dir/msc_disk.c.o
                0x10004708                tud_msc_inquiry_cb
 .text.tud_msc_test_unit_ready_cb
                0x10004760       0x24 CMakeFiles/psion_recreate_ctusb.dir/msc_disk.c.o
                0x10004760                tud_msc_test_unit_ready_cb
 .text.tud_msc_capacity_cb
                0x10004784        0xc CMakeFiles/psion_recreate_ctusb.dir/msc_disk.c.o
                0x10004784                tud_msc_capacity_cb
 .text.tud_msc_start_stop_cb
                0x10004790       0x18 CMakeFiles/psion_recreate_ctusb.dir/msc_disk.c.o
                0x10004790                tud_msc_start_stop_cb
 .text.tud_msc_read10_cb
                0x100047a8       0x24 CMakeFiles/psion_recreate_ctusb.dir/msc_disk.c.o
                0x100047a8                tud_msc_read10_cb
 .text.tud_msc_is_writable_cb
                0x100047cc        0x4 CMakeFiles/psion_recreate_ctusb.dir/msc_disk.c.o
                0x100047cc                tud_msc_is_writable_cb
 .text.tud_msc_write10_cb
                0x100047d0       0x70 CMakeFiles/psion_recreate_ctusb.dir/msc_disk.c.o
                0x100047d0                tud_msc_write10_cb
 .text.tud_msc_scsi_cb
                0x10004840       0x14 CMakeFiles/psion_recreate_ctusb.dir/msc_disk.c.o
                0x10004840                tud_msc_scsi_cb
 .text.SSD1309_begin
                0x10004854        0x4 CMakeFiles/psion_recreate_ctusb.dir/ssd1309.c.o
                0x10004854                SSD1309_begin
 .text.SSD1309_clear
                0x10004858       0x14 CMakeFiles/psion_recreate_ctusb.dir/ssd1309.c.o
                0x10004858                SSD1309_clear
 .text.SSD1309_pixel
                0x1000486c       0x38 CMakeFiles/psion_recreate_ctusb.dir/ssd1309.c.o
                0x1000486c                SSD1309_pixel
 .text.SSD1309_char
                0x100048a4      0x958 CMakeFiles/psion_recreate_ctusb.dir/ssd1309.c.o
                0x100048a4                SSD1309_char
 .text.SSD1309_display
                0x100051fc        0x4 CMakeFiles/psion_recreate_ctusb.dir/ssd1309.c.o
                0x100051fc                SSD1309_display
 .text.dd_init  0x10005200       0x34 CMakeFiles/psion_recreate_ctusb.dir/display_driver.c.o
                0x10005200                dd_init
 .text.dd_clear
                0x10005234       0x24 CMakeFiles/psion_recreate_ctusb.dir/display_driver.c.o
                0x10005234                dd_clear
 .text.dd_char_at_xy
                0x10005258       0x48 CMakeFiles/psion_recreate_ctusb.dir/display_driver.c.o
                0x10005258                dd_char_at_xy
 .text.dd_plot_point
                0x100052a0       0x24 CMakeFiles/psion_recreate_ctusb.dir/display_driver.c.o
                0x100052a0                dd_plot_point
 .text.dd_update
                0x100052c4       0x18 CMakeFiles/psion_recreate_ctusb.dir/display_driver.c.o
                0x100052c4                dd_update
 .text.gpio_set_pulls
                0x100052dc       0x28 CMakeFiles/psion_recreate_ctusb.dir/home/menadue/pico/pico-sdk/src/rp2_common/hardware_gpio/gpio.c.o
                0x100052dc                gpio_set_pulls
 .text.gpio_init
                0x10005304       0x40 CMakeFiles/psion_recreate_ctusb.dir/home/menadue/pico/pico-sdk/src/rp2_common/hardware_gpio/gpio.c.o
                0x10005304                gpio_init
 .text.rp2040_chip_version
                0x10005344        0xc CMakeFiles/psion_recreate_ctusb.dir/home/menadue/pico/pico-sdk/src/rp2040/pico_platform/platform.c.o
                0x10005344                rp2040_chip_version
 .text.panic    0x10005350       0x30 CMakeFiles/psion_recreate_ctusb.dir/home/menadue/pico/pico-sdk/src/rp2_common/pico_platform_panic/panic.c.o
                0x10005350                panic
 .text.hw_claim_or_assert
                0x10005380       0x44 CMakeFiles/psion_recreate_ctusb.dir/home/menadue/pico/pico-sdk/src/common/hardware_claim/claim.c.o
                0x10005380                hw_claim_or_assert
 .text.hw_claim_unused_from_range
                0x100053c4       0x88 CMakeFiles/psion_recreate_ctusb.dir/home/menadue/pico/pico-sdk/src/common/hardware_claim/claim.c.o
                0x100053c4                hw_claim_unused_from_range
 .text.next_striped_spin_lock_num
                0x1000544c       0x18 CMakeFiles/psion_recreate_ctusb.dir/home/menadue/pico/pico-sdk/src/rp2_common/hardware_sync/sync.c.o
                0x1000544c                next_striped_spin_lock_num
 .text.spin_lock_claim_unused
                0x10005464       0x24 CMakeFiles/psion_recreate_ctusb.dir/home/menadue/pico/pico-sdk/src/rp2_common/hardware_sync/sync.c.o
                0x10005464                spin_lock_claim_unused
 .text.spin_locks_reset
                0x10005488       0x1c CMakeFiles/psion_recreate_ctusb.dir/home/menadue/pico/pico-sdk/src/rp2_common/hardware_sync_spin_lock/sync_spin_lock.c.o
                0x10005488                spin_locks_reset
 .text.runtime_init_per_core_irq_priorities
                0x100054a4       0x24 CMakeFiles/psion_recreate_ctusb.dir/home/menadue/pico/pico-sdk/src/rp2_common/hardware_irq/irq.c.o
                0x100054a4                runtime_init_per_core_irq_priorities
 .text.irq_set_enabled
                0x100054c8       0x24 CMakeFiles/psion_recreate_ctusb.dir/home/menadue/pico/pico-sdk/src/rp2_common/hardware_irq/irq.c.o
                0x100054c8                irq_set_enabled
 .text.irq_is_enabled
                0x100054ec       0x18 CMakeFiles/psion_recreate_ctusb.dir/home/menadue/pico/pico-sdk/src/rp2_common/hardware_irq/irq.c.o
                0x100054ec                irq_is_enabled
 .text.irq_set_exclusive_handler
                0x10005504       0x54 CMakeFiles/psion_recreate_ctusb.dir/home/menadue/pico/pico-sdk/src/rp2_common/hardware_irq/irq.c.o
                0x10005504                irq_set_exclusive_handler
 .text.irq_add_shared_handler
                0x10005558      0x1f4 CMakeFiles/psion_recreate_ctusb.dir/home/menadue/pico/pico-sdk/src/rp2_common/hardware_irq/irq.c.o
                0x10005558                irq_add_shared_handler
 .text.irq_add_tail_to_free_list
                0x1000574c       0xb4 CMakeFiles/psion_recreate_ctusb.dir/home/menadue/pico/pico-sdk/src/rp2_common/hardware_irq/irq.c.o
                0x1000574c                irq_add_tail_to_free_list
 .text.lock_init
                0x10005800       0x10 CMakeFiles/psion_recreate_ctusb.dir/home/menadue/pico/pico-sdk/src/common/pico_sync/lock_core.c.o
                0x10005800                lock_init
 .text.runtime_init_mutex
                0x10005810       0x50 CMakeFiles/psion_recreate_ctusb.dir/home/menadue/pico/pico-sdk/src/common/pico_sync/mutex.c.o
                0x10005810                runtime_init_mutex
 .text.mutex_init
                0x10005860       0x1c CMakeFiles/psion_recreate_ctusb.dir/home/menadue/pico/pico-sdk/src/common/pico_sync/mutex.c.o
                0x10005860                mutex_init
 .text.critical_section_init
                0x1000587c       0x1c CMakeFiles/psion_recreate_ctusb.dir/home/menadue/pico/pico-sdk/src/common/pico_sync/critical_section.c.o
                0x1000587c                critical_section_init
 .text.sleep_until_callback
                0x10005898       0x30 CMakeFiles/psion_recreate_ctusb.dir/home/menadue/pico/pico-sdk/src/common/pico_time/time.c.o
 .text.alarm_pool_irq_handler
                0x100058c8      0x2fc CMakeFiles/psion_recreate_ctusb.dir/home/menadue/pico/pico-sdk/src/common/pico_time/time.c.o
 .text.runtime_init_default_alarm_pool
                0x10005bc4       0xdc CMakeFiles/psion_recreate_ctusb.dir/home/menadue/pico/pico-sdk/src/common/pico_time/time.c.o
                0x10005bc4                runtime_init_default_alarm_pool
 .text.alarm_pool_get_default
                0x10005ca0        0x8 CMakeFiles/psion_recreate_ctusb.dir/home/menadue/pico/pico-sdk/src/common/pico_time/time.c.o
                0x10005ca0                alarm_pool_get_default
 .text.alarm_pool_add_alarm_at_force_in_context
                0x10005ca8       0xb0 CMakeFiles/psion_recreate_ctusb.dir/home/menadue/pico/pico-sdk/src/common/pico_time/time.c.o
                0x10005ca8                alarm_pool_add_alarm_at_force_in_context
 .text.alarm_pool_cancel_alarm
                0x10005d58       0x74 CMakeFiles/psion_recreate_ctusb.dir/home/menadue/pico/pico-sdk/src/common/pico_time/time.c.o
                0x10005d58                alarm_pool_cancel_alarm
 .text.alarm_pool_core_num
                0x10005dcc        0x4 CMakeFiles/psion_recreate_ctusb.dir/home/menadue/pico/pico-sdk/src/common/pico_time/time.c.o
                0x10005dcc                alarm_pool_core_num
 .text.sleep_ms
                0x10005dd0       0xfc CMakeFiles/psion_recreate_ctusb.dir/home/menadue/pico/pico-sdk/src/common/pico_time/time.c.o
                0x10005dd0                sleep_ms
 .text.best_effort_wfe_or_timeout
                0x10005ecc       0xec CMakeFiles/psion_recreate_ctusb.dir/home/menadue/pico/pico-sdk/src/common/pico_time/time.c.o
                0x10005ecc                best_effort_wfe_or_timeout
 .text.timer_hardware_alarm_claim
                0x10005fb8       0x14 CMakeFiles/psion_recreate_ctusb.dir/home/menadue/pico/pico-sdk/src/rp2_common/hardware_timer/timer.c.o
                0x10005fb8                timer_hardware_alarm_claim
 .text.timer_time_us_64
                0x10005fcc       0x10 CMakeFiles/psion_recreate_ctusb.dir/home/menadue/pico/pico-sdk/src/rp2_common/hardware_timer/timer.c.o
                0x10005fcc                timer_time_us_64
 .text.time_us_64
                0x10005fdc       0x14 CMakeFiles/psion_recreate_ctusb.dir/home/menadue/pico/pico-sdk/src/rp2_common/hardware_timer/timer.c.o
                0x10005fdc                time_us_64
 .text.busy_wait_us
                0x10005ff0       0x68 CMakeFiles/psion_recreate_ctusb.dir/home/menadue/pico/pico-sdk/src/rp2_common/hardware_timer/timer.c.o
                0x10005ff0                busy_wait_us
 .text.busy_wait_until
                0x10006058       0x20 CMakeFiles/psion_recreate_ctusb.dir/home/menadue/pico/pico-sdk/src/rp2_common/hardware_timer/timer.c.o
                0x10006058                busy_wait_until
 .text.clock_configure_int_divider
                0x10006078       0xf4 CMakeFiles/psion_recreate_ctusb.dir/home/menadue/pico/pico-sdk/src/rp2_common/hardware_clocks/clocks.c.o
                0x10006078                clock_configure_int_divider
 .text.clock_configure_undivided
                0x1000616c       0xe8 CMakeFiles/psion_recreate_ctusb.dir/home/menadue/pico/pico-sdk/src/rp2_common/hardware_clocks/clocks.c.o
                0x1000616c                clock_configure_undivided
 .text.clock_get_hz
                0x10006254        0xc CMakeFiles/psion_recreate_ctusb.dir/home/menadue/pico/pico-sdk/src/rp2_common/hardware_clocks/clocks.c.o
                0x10006254                clock_get_hz
 .text.pll_init
                0x10006260       0xa4 CMakeFiles/psion_recreate_ctusb.dir/home/menadue/pico/pico-sdk/src/rp2_common/hardware_pll/pll.c.o
                0x10006260                pll_init
 .text.tick_start
                0x10006304       0x10 CMakeFiles/psion_recreate_ctusb.dir/home/menadue/pico/pico-sdk/src/rp2_common/hardware_ticks/ticks.c.o
                0x10006304                tick_start
 .text.rom_func_lookup
                0x10006314       0x10 CMakeFiles/psion_recreate_ctusb.dir/home/menadue/pico/pico-sdk/src/rp2_common/pico_bootrom/bootrom.c.o
                0x10006314                rom_func_lookup
 .text.rom_data_lookup
                0x10006324       0x10 CMakeFiles/psion_recreate_ctusb.dir/home/menadue/pico/pico-sdk/src/rp2_common/pico_bootrom/bootrom.c.o
                0x10006324                rom_data_lookup
 .text.rom_funcs_lookup
                0x10006334       0x44 CMakeFiles/psion_recreate_ctusb.dir/home/menadue/pico/pico-sdk/src/rp2_common/pico_bootrom/bootrom.c.o
                0x10006334                rom_funcs_lookup
 .text.rom_reset_usb_boot
                0x10006378       0x1c CMakeFiles/psion_recreate_ctusb.dir/home/menadue/pico/pico-sdk/src/rp2_common/pico_bootrom/bootrom.c.o
                0x10006378                rom_reset_usb_boot
 .text.xosc_init
                0x10006394       0x28 CMakeFiles/psion_recreate_ctusb.dir/home/menadue/pico/pico-sdk/src/rp2_common/hardware_xosc/xosc.c.o
                0x10006394                xosc_init
 .text.first_per_core_initializer
                0x100063bc        0x4 CMakeFiles/psion_recreate_ctusb.dir/home/menadue/pico/pico-sdk/src/rp2_common/pico_runtime/runtime.c.o
 .text.hard_assertion_failure
                0x100063c0        0xc CMakeFiles/psion_recreate_ctusb.dir/home/menadue/pico/pico-sdk/src/rp2_common/pico_runtime/runtime.c.o
                0x100063c0                hard_assertion_failure
 .text.runtime_run_initializers
                0x100063cc       0x28 CMakeFiles/psion_recreate_ctusb.dir/home/menadue/pico/pico-sdk/src/rp2_common/pico_runtime/runtime.c.o
                0x100063cc                runtime_run_initializers
 .text.runtime_run_per_core_initializers
                0x100063f4       0x28 CMakeFiles/psion_recreate_ctusb.dir/home/menadue/pico/pico-sdk/src/rp2_common/pico_runtime/runtime.c.o
                0x100063f4                runtime_run_per_core_initializers
 .text.runtime_init_early_resets
                0x1000641c       0x2c CMakeFiles/psion_recreate_ctusb.dir/home/menadue/pico/pico-sdk/src/rp2_common/pico_runtime_init/runtime_init.c.o
                0x1000641c                runtime_init_early_resets
 .text.runtime_init_usb_power_down
                0x10006448       0x1c CMakeFiles/psion_recreate_ctusb.dir/home/menadue/pico/pico-sdk/src/rp2_common/pico_runtime_init/runtime_init.c.o
                0x10006448                runtime_init_usb_power_down
 .text.runtime_init_post_clock_resets
                0x10006464       0x20 CMakeFiles/psion_recreate_ctusb.dir/home/menadue/pico/pico-sdk/src/rp2_common/pico_runtime_init/runtime_init.c.o
                0x10006464                runtime_init_post_clock_resets
 .text.runtime_init_rp2040_gpio_ie_disable
                0x10006484       0x14 CMakeFiles/psion_recreate_ctusb.dir/home/menadue/pico/pico-sdk/src/rp2_common/pico_runtime_init/runtime_init.c.o
                0x10006484                runtime_init_rp2040_gpio_ie_disable
 .text.runtime_init_spin_locks_reset
                0x10006498        0x8 CMakeFiles/psion_recreate_ctusb.dir/home/menadue/pico/pico-sdk/src/rp2_common/pico_runtime_init/runtime_init.c.o
                0x10006498                runtime_init_spin_locks_reset
 .text.runtime_init_install_ram_vector_table
                0x100064a0       0x1c CMakeFiles/psion_recreate_ctusb.dir/home/menadue/pico/pico-sdk/src/rp2_common/pico_runtime_init/runtime_init.c.o
                0x100064a0                runtime_init_install_ram_vector_table
 .text.runtime_init_clocks
                0x100064bc       0xd8 CMakeFiles/psion_recreate_ctusb.dir/home/menadue/pico/pico-sdk/src/rp2_common/pico_runtime_init/runtime_init_clocks.c.o
                0x100064bc                runtime_init_clocks
 .text          0x10006594       0x10 CMakeFiles/psion_recreate_ctusb.dir/home/menadue/pico/pico-sdk/src/rp2_common/pico_bit_ops/bit_ops_aeabi.S.o
 .text.__wrap___aeabi_idiv
                0x100065a4       0x50 CMakeFiles/psion_recreate_ctusb.dir/home/menadue/pico/pico-sdk/src/rp2_common/pico_divider/divider_hardware.S.o
                0x100065a4                __wrap___aeabi_idivmod
                0x100065a4                divmod_s32s32
                0x100065a4                div_s32s32
                0x100065a4                __wrap___aeabi_idiv
                0x100065ac                divmod_s32s32_unsafe
                0x100065d8                divmod_s32s32_savestate
 .text.__wrap___aeabi_uidiv
                0x100065f4       0x4c CMakeFiles/psion_recreate_ctusb.dir/home/menadue/pico/pico-sdk/src/rp2_common/pico_divider/divider_hardware.S.o
                0x100065f4                __wrap___aeabi_uidiv
                0x100065f4                __wrap___aeabi_uidivmod
                0x100065f4                div_u32u32
                0x100065f4                divmod_u32u32
                0x100065fc                divmod_u32u32_unsafe
                0x10006624                divmod_u32u32_savestate
 .text.__wrap___aeabi_ldiv
                0x10006640      0x424 CMakeFiles/psion_recreate_ctusb.dir/home/menadue/pico/pico-sdk/src/rp2_common/pico_divider/divider_hardware.S.o
                0x10006640                div_s64s64
                0x10006640                divmod_s64s64
                0x10006640                __wrap___aeabi_ldivmod
                0x10006670                div_u64u64
                0x10006670                divmod_u64u64
                0x10006670                __wrap___aeabi_uldivmod
                0x10006680                divmod_u64u64_savestate
                0x100066a0                divmod_s64s64_unsafe
                0x10006728                divmod_u64u64_unsafe
 .text.push_r8_r11
                0x10006a64        0xc CMakeFiles/psion_recreate_ctusb.dir/home/menadue/pico/pico-sdk/src/rp2_common/pico_double/double_aeabi_rp2040.S.o
                0x10006a64                push_r8_r11
 .text.pop_r8_r11
                0x10006a70        0xc CMakeFiles/psion_recreate_ctusb.dir/home/menadue/pico/pico-sdk/src/rp2_common/pico_double/double_aeabi_rp2040.S.o
                0x10006a70                pop_r8_r11
 .text.__wrap___aeabi_darithmetic
                0x10006a7c       0x80 CMakeFiles/psion_recreate_ctusb.dir/home/menadue/pico/pico-sdk/src/rp2_common/pico_double/double_aeabi_rp2040.S.o
                0x10006a7c                __wrap___aeabi_drsub
                0x10006a82                __wrap___aeabi_dsub
                0x10006a94                __wrap___aeabi_dadd
                0x10006aa6                __wrap___aeabi_ddiv
                0x10006ae2                __wrap___aeabi_dmul
 .text.__wrap___aeabi_cdcmple
                0x10006afc       0x6c CMakeFiles/psion_recreate_ctusb.dir/home/menadue/pico/pico-sdk/src/rp2_common/pico_double/double_aeabi_rp2040.S.o
                0x10006afc                __wrap___aeabi_cdrcmple
                0x10006b0c                __wrap___aeabi_cdcmple
                0x10006b0c                __wrap___aeabi_cdcmpeq
 .text.__wrap___aeabi_dcmpeq
                0x10006b68       0x10 CMakeFiles/psion_recreate_ctusb.dir/home/menadue/pico/pico-sdk/src/rp2_common/pico_double/double_aeabi_rp2040.S.o
                0x10006b68                __wrap___aeabi_dcmpeq
 .text.__wrap___aeabi_dcmplt
                0x10006b78        0xc CMakeFiles/psion_recreate_ctusb.dir/home/menadue/pico/pico-sdk/src/rp2_common/pico_double/double_aeabi_rp2040.S.o
                0x10006b78                __wrap___aeabi_dcmplt
 .text.__wrap___aeabi_dcmple
                0x10006b84       0x10 CMakeFiles/psion_recreate_ctusb.dir/home/menadue/pico/pico-sdk/src/rp2_common/pico_double/double_aeabi_rp2040.S.o
                0x10006b84                __wrap___aeabi_dcmple
 .text.__wrap___aeabi_dcmpge
                0x10006b94       0x10 CMakeFiles/psion_recreate_ctusb.dir/home/menadue/pico/pico-sdk/src/rp2_common/pico_double/double_aeabi_rp2040.S.o
                0x10006b94                __wrap___aeabi_dcmpge
 .text.__wrap___aeabi_dcmpgt
                0x10006ba4        0xa CMakeFiles/psion_recreate_ctusb.dir/home/menadue/pico/pico-sdk/src/rp2_common/pico_double/double_aeabi_rp2040.S.o
                0x10006ba4                __wrap___aeabi_dcmpgt
 .text.__wrap___aeabi_dcmpun
                0x10006bae       0x18 CMakeFiles/psion_recreate_ctusb.dir/home/menadue/pico/pico-sdk/src/rp2_common/pico_double/double_aeabi_rp2040.S.o
                0x10006bae                __wrap___aeabi_dcmpun
 *fill*         0x10006bc6        0x2 
 .text.__wrap___aeabi_i2d
                0x10006bc8       0x38 CMakeFiles/psion_recreate_ctusb.dir/home/menadue/pico/pico-sdk/src/rp2_common/pico_double/double_aeabi_rp2040.S.o
                0x10006bc8                __wrap___aeabi_ui2d
                0x10006bd0                __wrap___aeabi_i2d
 .text.__wrap___aeabi_d2iz
                0x10006c00       0x48 CMakeFiles/psion_recreate_ctusb.dir/home/menadue/pico/pico-sdk/src/rp2_common/pico_double/double_aeabi_rp2040.S.o
                0x10006c00                __wrap___aeabi_d2iz
                0x10006c00                double2int_z
 .text.__wrap___aeabi_d2uiz
                0x10006c48       0x18 CMakeFiles/psion_recreate_ctusb.dir/home/menadue/pico/pico-sdk/src/rp2_common/pico_double/double_aeabi_rp2040.S.o
                0x10006c48                double2uint
                0x10006c48                __wrap___aeabi_d2uiz
 .text.fix642double
                0x10006c60       0x18 CMakeFiles/psion_recreate_ctusb.dir/home/menadue/pico/pico-sdk/src/rp2_common/pico_double/double_aeabi_rp2040.S.o
                0x10006c60                fix642double
 .text.__wrap___aeabi_l2d
                0x10006c78       0x18 CMakeFiles/psion_recreate_ctusb.dir/home/menadue/pico/pico-sdk/src/rp2_common/pico_double/double_aeabi_rp2040.S.o
                0x10006c78                __wrap___aeabi_l2d
 .text.__wrap___aeabi_d2lz
                0x10006c90       0x26 CMakeFiles/psion_recreate_ctusb.dir/home/menadue/pico/pico-sdk/src/rp2_common/pico_double/double_aeabi_rp2040.S.o
                0x10006c90                __wrap___aeabi_d2lz
                0x10006c90                double2int64_z
 *fill*         0x10006cb6        0x2 
 .text.double2int64
                0x10006cb8       0x18 CMakeFiles/psion_recreate_ctusb.dir/home/menadue/pico/pico-sdk/src/rp2_common/pico_double/double_aeabi_rp2040.S.o
                0x10006cb8                double2int64
 .text.double2ufix64
                0x10006cd0       0x18 CMakeFiles/psion_recreate_ctusb.dir/home/menadue/pico/pico-sdk/src/rp2_common/pico_double/double_aeabi_rp2040.S.o
                0x10006cd0                double2ufix64
 .text.__wrap___aeabi_d2f
                0x10006ce8       0x18 CMakeFiles/psion_recreate_ctusb.dir/home/menadue/pico/pico-sdk/src/rp2_common/pico_double/double_aeabi_rp2040.S.o
                0x10006ce8                __wrap___aeabi_d2f
 .text.__wrap_sincostan_remainder
                0x10006d00       0x14 CMakeFiles/psion_recreate_ctusb.dir/home/menadue/pico/pico-sdk/src/rp2_common/pico_double/double_aeabi_rp2040.S.o
                0x10006d00                sincostan_remainder
 .text.__wrap_cos
                0x10006d14       0x2c CMakeFiles/psion_recreate_ctusb.dir/home/menadue/pico/pico-sdk/src/rp2_common/pico_double/double_aeabi_rp2040.S.o
                0x10006d14                __wrap_cos
 .text.__wrap_sin
                0x10006d40       0x2c CMakeFiles/psion_recreate_ctusb.dir/home/menadue/pico/pico-sdk/src/rp2_common/pico_double/double_aeabi_rp2040.S.o
                0x10006d40                __wrap_sin
 .text.__aeabi_double_init
                0x10006d6c       0xa4 CMakeFiles/psion_recreate_ctusb.dir/home/menadue/pico/pico-sdk/src/rp2_common/pico_double/double_init_rom_rp2040.c.o
                0x10006d6c                __aeabi_double_init
 .text.__wrap_remquo
                0x10006e10      0x2a0 CMakeFiles/psion_recreate_ctusb.dir/home/menadue/pico/pico-sdk/src/rp2_common/pico_double/double_math.c.o
                0x10006e10                __wrap_remquo
 .text.__wrap_remainder
                0x100070b0       0x10 CMakeFiles/psion_recreate_ctusb.dir/home/menadue/pico/pico-sdk/src/rp2_common/pico_double/double_math.c.o
                0x100070b0                __wrap_remainder
 .text.double_table_shim_on_use_helper
                0x100070c0       0x2c CMakeFiles/psion_recreate_ctusb.dir/home/menadue/pico/pico-sdk/src/rp2_common/pico_double/double_v1_rom_shim_rp2040.S.o
                0x100070c0                double_table_shim_on_use_helper
 .text.__wrap___aeabi_dsub
                0x100070ec       0x10 CMakeFiles/psion_recreate_ctusb.dir/home/menadue/pico/pico-sdk/src/rp2_common/pico_double/double_v1_rom_shim_rp2040.S.o
                0x100070ec                drsub_shim
                0x100070f2                dsub_shim
 .text.dadd_shim
                0x100070fc      0x15c CMakeFiles/psion_recreate_ctusb.dir/home/menadue/pico/pico-sdk/src/rp2_common/pico_double/double_v1_rom_shim_rp2040.S.o
                0x100070fc                dadd_shim
 .text.dmul_shim
                0x10007258      0x15c CMakeFiles/psion_recreate_ctusb.dir/home/menadue/pico/pico-sdk/src/rp2_common/pico_double/double_v1_rom_shim_rp2040.S.o
                0x10007258                dmul_shim
 .text.ddiv_shim
                0x100073b4      0x1b0 CMakeFiles/psion_recreate_ctusb.dir/home/menadue/pico/pico-sdk/src/rp2_common/pico_double/double_v1_rom_shim_rp2040.S.o
                0x100073b4                ddiv_shim
 .text.dcordic_vec_step
                0x10007564        0xe CMakeFiles/psion_recreate_ctusb.dir/home/menadue/pico/pico-sdk/src/rp2_common/pico_double/double_v1_rom_shim_rp2040.S.o
                0x10007564                dcordic_vec_step
 .text.dcordic_rot_step
                0x10007572       0x76 CMakeFiles/psion_recreate_ctusb.dir/home/menadue/pico/pico-sdk/src/rp2_common/pico_double/double_v1_rom_shim_rp2040.S.o
                0x10007572                dcordic_rot_step
 .text.double2uint_shim
                0x100075e8        0xe CMakeFiles/psion_recreate_ctusb.dir/home/menadue/pico/pico-sdk/src/rp2_common/pico_double/double_v1_rom_shim_rp2040.S.o
                0x100075e8                double2uint_shim
                0x100075ea                double2ufix_shim
 .text.double2int64_shim
                0x100075f6       0x1a CMakeFiles/psion_recreate_ctusb.dir/home/menadue/pico/pico-sdk/src/rp2_common/pico_double/double_v1_rom_shim_rp2040.S.o
                0x100075f6                double2int64_shim
                0x100075f8                double2fix64_shim
 .text.double2uint64_shim
                0x10007610       0x70 CMakeFiles/psion_recreate_ctusb.dir/home/menadue/pico/pico-sdk/src/rp2_common/pico_double/double_v1_rom_shim_rp2040.S.o
                0x10007610                double2uint64_shim
                0x10007612                double2ufix64_shim
                0x10007632                d2fix_a
 .text.double2float_shim
                0x10007680       0x5c CMakeFiles/psion_recreate_ctusb.dir/home/menadue/pico/pico-sdk/src/rp2_common/pico_double/double_v1_rom_shim_rp2040.S.o
                0x10007680                double2float_shim
 .text.x2double_shims
                0x100076dc       0x90 CMakeFiles/psion_recreate_ctusb.dir/home/menadue/pico/pico-sdk/src/rp2_common/pico_double/double_v1_rom_shim_rp2040.S.o
                0x100076dc                uint2double_shim
                0x100076de                ufix2double_shim
                0x100076e4                int2double_shim
                0x100076e6                fix2double_shim
                0x100076ec                uint642double_shim
                0x100076ee                ufix642double_shim
                0x100076f4                int642double_shim
                0x100076f6                fix642double_shim
 .text.dunpacks
                0x1000776c       0x3c CMakeFiles/psion_recreate_ctusb.dir/home/menadue/pico/pico-sdk/src/rp2_common/pico_double/double_v1_rom_shim_rp2040.S.o
                0x1000776c                dunpacks
 .text.dreduce  0x100077a8       0x82 CMakeFiles/psion_recreate_ctusb.dir/home/menadue/pico/pico-sdk/src/rp2_common/pico_double/double_v1_rom_shim_rp2040.S.o
                0x100077a8                dreduce
 .text.dcos_shim
                0x1000782a       0x10 CMakeFiles/psion_recreate_ctusb.dir/home/menadue/pico/pico-sdk/src/rp2_common/pico_double/double_v1_rom_shim_rp2040.S.o
                0x1000782a                dcos_shim
 .text.dsin_shim
                0x1000783a       0x14 CMakeFiles/psion_recreate_ctusb.dir/home/menadue/pico/pico-sdk/src/rp2_common/pico_double/double_v1_rom_shim_rp2040.S.o
                0x1000783a                dsin_shim
 *fill*         0x1000784e        0x2 
 .text.dtrig_guts
                0x10007850      0x2ec CMakeFiles/psion_recreate_ctusb.dir/home/menadue/pico/pico-sdk/src/rp2_common/pico_double/double_v1_rom_shim_rp2040.S.o
                0x10007928                datan2_shim
 .text.__aeabi_lmul
                0x10007b3c       0x32 CMakeFiles/psion_recreate_ctusb.dir/home/menadue/pico/pico-sdk/src/rp2_common/pico_int64_ops/pico_int64_ops_aeabi.S.o
                0x10007b3c                __wrap___aeabi_lmul
 *fill*         0x10007b6e        0x2 
 .text.__aeabi_float_init
                0x10007b70       0x64 CMakeFiles/psion_recreate_ctusb.dir/home/menadue/pico/pico-sdk/src/rp2_common/pico_float/float_init_rom_rp2040.c.o
                0x10007b70                __aeabi_float_init
 .text.float_table_shim_on_use_helper
                0x10007bd4       0x2c CMakeFiles/psion_recreate_ctusb.dir/home/menadue/pico/pico-sdk/src/rp2_common/pico_float/float_v1_rom_shim_rp2040.S.o
                0x10007bd4                float_table_shim_on_use_helper
 .text          0x10007c00       0x10 CMakeFiles/psion_recreate_ctusb.dir/home/menadue/pico/pico-sdk/src/rp2_common/pico_mem_ops/mem_ops_aeabi.S.o
                0x10007c00                __aeabi_mem_init
 .text.memset   0x10007c10        0xc CMakeFiles/psion_recreate_ctusb.dir/home/menadue/pico/pico-sdk/src/rp2_common/pico_mem_ops/mem_ops_aeabi.S.o
                0x10007c10                __wrap_memset
 .text.memcpy   0x10007c1c        0xc CMakeFiles/psion_recreate_ctusb.dir/home/menadue/pico/pico-sdk/src/rp2_common/pico_mem_ops/mem_ops_aeabi.S.o
                0x10007c1c                __wrap___aeabi_memcpy
                0x10007c1c                __wrap_memcpy
 .text._out_buffer
                0x10007c28        0x8 CMakeFiles/psion_recreate_ctusb.dir/home/menadue/pico/pico-sdk/src/rp2_common/pico_printf/printf.c.o
 .text._out_null
                0x10007c30        0x4 CMakeFiles/psion_recreate_ctusb.dir/home/menadue/pico/pico-sdk/src/rp2_common/pico_printf/printf.c.o
 .text._out_rev
                0x10007c34       0xac CMakeFiles/psion_recreate_ctusb.dir/home/menadue/pico/pico-sdk/src/rp2_common/pico_printf/printf.c.o
 .text._ntoa_format
                0x10007ce0      0x1cc CMakeFiles/psion_recreate_ctusb.dir/home/menadue/pico/pico-sdk/src/rp2_common/pico_printf/printf.c.o
 .text._out_char
                0x10007eac       0x10 CMakeFiles/psion_recreate_ctusb.dir/home/menadue/pico/pico-sdk/src/rp2_common/pico_printf/printf.c.o
 .text._out_fct
                0x10007ebc       0x10 CMakeFiles/psion_recreate_ctusb.dir/home/menadue/pico/pico-sdk/src/rp2_common/pico_printf/printf.c.o
 .text._ftoa    0x10007ecc      0x4a8 CMakeFiles/psion_recreate_ctusb.dir/home/menadue/pico/pico-sdk/src/rp2_common/pico_printf/printf.c.o
 .text._etoa    0x10008374      0x57c CMakeFiles/psion_recreate_ctusb.dir/home/menadue/pico/pico-sdk/src/rp2_common/pico_printf/printf.c.o
 .text._vsnprintf
                0x100088f0      0xbe0 CMakeFiles/psion_recreate_ctusb.dir/home/menadue/pico/pico-sdk/src/rp2_common/pico_printf/printf.c.o
 .text.__wrap_sprintf
                0x100094d0       0x2c CMakeFiles/psion_recreate_ctusb.dir/home/menadue/pico/pico-sdk/src/rp2_common/pico_printf/printf.c.o
                0x100094d0                __wrap_sprintf
 .text.vfctprintf
                0x100094fc       0x24 CMakeFiles/psion_recreate_ctusb.dir/home/menadue/pico/pico-sdk/src/rp2_common/pico_printf/printf.c.o
                0x100094fc                vfctprintf
 .text.weak_raw_printf
                0x10009520       0x40 CMakeFiles/psion_recreate_ctusb.dir/home/menadue/pico/pico-sdk/src/rp2_common/pico_printf/printf.c.o
                0x10009520                weak_raw_printf
 .text.weak_raw_vprintf
                0x10009560       0x30 CMakeFiles/psion_recreate_ctusb.dir/home/menadue/pico/pico-sdk/src/rp2_common/pico_printf/printf.c.o
                0x10009560                weak_raw_vprintf
 .text._exit    0x10009590        0x4 CMakeFiles/psion_recreate_ctusb.dir/home/menadue/pico/pico-sdk/src/rp2_common/pico_clib_interface/newlib_interface.c.o
                0x10009590                _exit
 .text._sbrk    0x10009594       0x34 CMakeFiles/psion_recreate_ctusb.dir/home/menadue/pico/pico-sdk/src/rp2_common/pico_clib_interface/newlib_interface.c.o
                0x10009594                _sbrk
 .text.exit     0x100095c8        0x8 CMakeFiles/psion_recreate_ctusb.dir/home/menadue/pico/pico-sdk/src/rp2_common/pico_clib_interface/newlib_interface.c.o
                0x100095c8                exit
 .text.__assert_func
                0x100095d0       0x38 CMakeFiles/psion_recreate_ctusb.dir/home/menadue/pico/pico-sdk/src/rp2_common/pico_clib_interface/newlib_interface.c.o
                0x100095d0                __assert_func
 .text.runtime_init
                0x10009608       0x2c CMakeFiles/psion_recreate_ctusb.dir/home/menadue/pico/pico-sdk/src/rp2_common/pico_clib_interface/newlib_interface.c.o
                0x10009608                runtime_init
 .text.stdio_out_chars_no_crlf
                0x10009634       0x10 CMakeFiles/psion_recreate_ctusb.dir/home/menadue/pico/pico-sdk/src/rp2_common/pico_stdio/stdio.c.o
 .text.stdio_out_chars_crlf
                0x10009644       0xb0 CMakeFiles/psion_recreate_ctusb.dir/home/menadue/pico/pico-sdk/src/rp2_common/pico_stdio/stdio.c.o
 .text.stdio_buffered_printer
                0x100096f4       0x64 CMakeFiles/psion_recreate_ctusb.dir/home/menadue/pico/pico-sdk/src/rp2_common/pico_stdio/stdio.c.o
 .text.stdio_put_string
                0x10009758       0xfc CMakeFiles/psion_recreate_ctusb.dir/home/menadue/pico/pico-sdk/src/rp2_common/pico_stdio/stdio.c.o
                0x10009758                stdio_put_string
 .text.stdio_set_driver_enabled
                0x10009854       0x30 CMakeFiles/psion_recreate_ctusb.dir/home/menadue/pico/pico-sdk/src/rp2_common/pico_stdio/stdio.c.o
                0x10009854                stdio_set_driver_enabled
 .text.stdio_init_all
                0x10009884        0x8 CMakeFiles/psion_recreate_ctusb.dir/home/menadue/pico/pico-sdk/src/rp2_common/pico_stdio/stdio.c.o
                0x10009884                stdio_init_all
 .text.stdio_getchar_timeout_us
                0x1000988c       0x98 CMakeFiles/psion_recreate_ctusb.dir/home/menadue/pico/pico-sdk/src/rp2_common/pico_stdio/stdio.c.o
                0x1000988c                stdio_getchar_timeout_us
 .text.__wrap_putchar
                0x10009924       0x94 CMakeFiles/psion_recreate_ctusb.dir/home/menadue/pico/pico-sdk/src/rp2_common/pico_stdio/stdio.c.o
                0x10009924                stdio_putchar
                0x10009924                __wrap_putchar
 .text.__wrap_puts
                0x100099b8       0x3c CMakeFiles/psion_recreate_ctusb.dir/home/menadue/pico/pico-sdk/src/rp2_common/pico_stdio/stdio.c.o
                0x100099b8                __wrap_puts
                0x100099b8                stdio_puts
 .text.__wrap_vprintf
                0x100099f4       0xcc CMakeFiles/psion_recreate_ctusb.dir/home/menadue/pico/pico-sdk/src/rp2_common/pico_stdio/stdio.c.o
                0x100099f4                __wrap_vprintf
                0x100099f4                stdio_vprintf
 .text.__wrap_printf
                0x10009ac0       0x18 CMakeFiles/psion_recreate_ctusb.dir/home/menadue/pico/pico-sdk/src/rp2_common/pico_stdio/stdio.c.o
                0x10009ac0                stdio_printf
                0x10009ac0                __wrap_printf
 .text.stdio_usb_set_chars_available_callback
                0x10009ad8        0x4 CMakeFiles/psion_recreate_ctusb.dir/home/menadue/pico/pico-sdk/src/rp2_common/pico_stdio_usb/stdio_usb.c.o
                0x10009ad8                stdio_usb_set_chars_available_callback
 .text.stdio_usb_in_chars
                0x10009adc       0x8c CMakeFiles/psion_recreate_ctusb.dir/home/menadue/pico/pico-sdk/src/rp2_common/pico_stdio_usb/stdio_usb.c.o
                0x10009adc                stdio_usb_in_chars
 .text.stdio_usb_out_flush
                0x10009b68       0x4c CMakeFiles/psion_recreate_ctusb.dir/home/menadue/pico/pico-sdk/src/rp2_common/pico_stdio_usb/stdio_usb.c.o
 .text.stdio_usb_out_chars
                0x10009bb4      0x100 CMakeFiles/psion_recreate_ctusb.dir/home/menadue/pico/pico-sdk/src/rp2_common/pico_stdio_usb/stdio_usb.c.o
 .text.stdio_usb_init
                0x10009cb4       0x44 CMakeFiles/psion_recreate_ctusb.dir/home/menadue/pico/pico-sdk/src/rp2_common/pico_stdio_usb/stdio_usb.c.o
                0x10009cb4                stdio_usb_init
 .text.startup._retrieve_unique_id_on_boot
                0x10009cf8       0x10 CMakeFiles/psion_recreate_ctusb.dir/home/menadue/pico/pico-sdk/src/rp2_common/pico_unique_id/unique_id.c.o
 .text.pico_get_unique_board_id
                0x10009d08       0x10 CMakeFiles/psion_recreate_ctusb.dir/home/menadue/pico/pico-sdk/src/rp2_common/pico_unique_id/unique_id.c.o
                0x10009d08                pico_get_unique_board_id
 .text.flash_get_unique_id
                0x10009d18       0x3c CMakeFiles/psion_recreate_ctusb.dir/home/menadue/pico/pico-sdk/src/rp2_common/hardware_flash/flash.c.o
                0x10009d18                flash_get_unique_id
 .text.dcd_init
                0x10009d54       0x8c CMakeFiles/psion_recreate_ctusb.dir/home/menadue/pico/pico-sdk/lib/tinyusb/src/portable/raspberrypi/rp2040/dcd_rp2040.c.o
                0x10009d54                dcd_init
 .text.dcd_int_enable
                0x10009de0        0xc CMakeFiles/psion_recreate_ctusb.dir/home/menadue/pico/pico-sdk/lib/tinyusb/src/portable/raspberrypi/rp2040/dcd_rp2040.c.o
                0x10009de0                dcd_int_enable
 .text.dcd_set_address
                0x10009dec       0x14 CMakeFiles/psion_recreate_ctusb.dir/home/menadue/pico/pico-sdk/lib/tinyusb/src/portable/raspberrypi/rp2040/dcd_rp2040.c.o
                0x10009dec                dcd_set_address
 .text.dcd_sof_enable
                0x10009e00       0x1c CMakeFiles/psion_recreate_ctusb.dir/home/menadue/pico/pico-sdk/lib/tinyusb/src/portable/raspberrypi/rp2040/dcd_rp2040.c.o
                0x10009e00                dcd_sof_enable
 .text.dcd_edpt0_status_complete
                0x10009e1c       0x1c CMakeFiles/psion_recreate_ctusb.dir/home/menadue/pico/pico-sdk/lib/tinyusb/src/portable/raspberrypi/rp2040/dcd_rp2040.c.o
                0x10009e1c                dcd_edpt0_status_complete
 .text.dcd_edpt_open
                0x10009e38      0x108 CMakeFiles/psion_recreate_ctusb.dir/home/menadue/pico/pico-sdk/lib/tinyusb/src/portable/raspberrypi/rp2040/dcd_rp2040.c.o
                0x10009e38                dcd_edpt_open
 .text.dcd_edpt_close_all
                0x10009f40        0x8 CMakeFiles/psion_recreate_ctusb.dir/home/menadue/pico/pico-sdk/lib/tinyusb/src/portable/raspberrypi/rp2040/dcd_rp2040.c.o
                0x10009f40                dcd_edpt_close_all
 .text.dcd_edpt_xfer
                0x10009f48       0x24 CMakeFiles/psion_recreate_ctusb.dir/home/menadue/pico/pico-sdk/lib/tinyusb/src/portable/raspberrypi/rp2040/dcd_rp2040.c.o
                0x10009f48                dcd_edpt_xfer
 .text.dcd_edpt_stall
                0x10009f6c       0x3c CMakeFiles/psion_recreate_ctusb.dir/home/menadue/pico/pico-sdk/lib/tinyusb/src/portable/raspberrypi/rp2040/dcd_rp2040.c.o
                0x10009f6c                dcd_edpt_stall
 .text.dcd_edpt_clear_stall
                0x10009fa8       0x30 CMakeFiles/psion_recreate_ctusb.dir/home/menadue/pico/pico-sdk/lib/tinyusb/src/portable/raspberrypi/rp2040/dcd_rp2040.c.o
                0x10009fa8                dcd_edpt_clear_stall
 .text.rp2040_usb_init
                0x10009fd8       0x40 CMakeFiles/psion_recreate_ctusb.dir/home/menadue/pico/pico-sdk/lib/tinyusb/src/portable/raspberrypi/rp2040/rp2040_usb.c.o
                0x10009fd8                rp2040_usb_init
 .text.hw_endpoint_xfer_start
                0x1000a018       0x40 CMakeFiles/psion_recreate_ctusb.dir/home/menadue/pico/pico-sdk/lib/tinyusb/src/portable/raspberrypi/rp2040/rp2040_usb.c.o
                0x1000a018                hw_endpoint_xfer_start
 .text.tud_vendor_control_xfer_cb
                0x1000a058        0x4 CMakeFiles/psion_recreate_ctusb.dir/home/menadue/pico/pico-sdk/lib/tinyusb/src/device/usbd.c.o
                0x1000a058                tud_vendor_control_xfer_cb
 .text.tud_event_hook_cb
                0x1000a05c        0x4 CMakeFiles/psion_recreate_ctusb.dir/home/menadue/pico/pico-sdk/lib/tinyusb/src/device/usbd.c.o
                0x1000a05c                tud_event_hook_cb
 .text.tud_sof_cb
                0x1000a060        0x4 CMakeFiles/psion_recreate_ctusb.dir/home/menadue/pico/pico-sdk/lib/tinyusb/src/device/usbd.c.o
                0x1000a060                tud_sof_cb
 .text.tud_descriptor_bos_cb
                0x1000a064        0x4 CMakeFiles/psion_recreate_ctusb.dir/home/menadue/pico/pico-sdk/lib/tinyusb/src/device/usbd.c.o
                0x1000a064                tud_descriptor_bos_cb
 .text.tud_descriptor_device_qualifier_cb
                0x1000a068        0x4 CMakeFiles/psion_recreate_ctusb.dir/home/menadue/pico/pico-sdk/lib/tinyusb/src/device/usbd.c.o
                0x1000a068                tud_descriptor_device_qualifier_cb
 .text.tud_descriptor_other_speed_configuration_cb
                0x1000a06c        0x4 CMakeFiles/psion_recreate_ctusb.dir/home/menadue/pico/pico-sdk/lib/tinyusb/src/device/usbd.c.o
                0x1000a06c                tud_descriptor_other_speed_configuration_cb
 .text.tud_mount_cb
                0x1000a070        0x4 CMakeFiles/psion_recreate_ctusb.dir/home/menadue/pico/pico-sdk/lib/tinyusb/src/device/usbd.c.o
                0x1000a070                tud_mount_cb
 .text.tud_umount_cb
                0x1000a074        0x4 CMakeFiles/psion_recreate_ctusb.dir/home/menadue/pico/pico-sdk/lib/tinyusb/src/device/usbd.c.o
                0x1000a074                tud_umount_cb
 .text.tud_suspend_cb
                0x1000a078        0x4 CMakeFiles/psion_recreate_ctusb.dir/home/menadue/pico/pico-sdk/lib/tinyusb/src/device/usbd.c.o
                0x1000a078                tud_suspend_cb
 .text.tud_resume_cb
                0x1000a07c        0x4 CMakeFiles/psion_recreate_ctusb.dir/home/menadue/pico/pico-sdk/lib/tinyusb/src/device/usbd.c.o
                0x1000a07c                tud_resume_cb
 .text.tud_mounted
                0x1000a080       0x10 CMakeFiles/psion_recreate_ctusb.dir/home/menadue/pico/pico-sdk/lib/tinyusb/src/device/usbd.c.o
                0x1000a080                tud_mounted
 .text.tud_suspended
                0x1000a090       0x10 CMakeFiles/psion_recreate_ctusb.dir/home/menadue/pico/pico-sdk/lib/tinyusb/src/device/usbd.c.o
                0x1000a090                tud_suspended
 .text.tud_init
                0x1000a0a0       0xe0 CMakeFiles/psion_recreate_ctusb.dir/home/menadue/pico/pico-sdk/lib/tinyusb/src/device/usbd.c.o
                0x1000a0a0                tud_init
 .text.tud_task_ext
                0x1000a180      0x800 CMakeFiles/psion_recreate_ctusb.dir/home/menadue/pico/pico-sdk/lib/tinyusb/src/device/usbd.c.o
                0x1000a180                tud_task_ext
 .text.usbd_open_edpt_pair
                0x1000a980       0x9c CMakeFiles/psion_recreate_ctusb.dir/home/menadue/pico/pico-sdk/lib/tinyusb/src/device/usbd.c.o
                0x1000a980                usbd_open_edpt_pair
 .text.usbd_edpt_open
                0x1000aa1c       0x34 CMakeFiles/psion_recreate_ctusb.dir/home/menadue/pico/pico-sdk/lib/tinyusb/src/device/usbd.c.o
                0x1000aa1c                usbd_edpt_open
 .text.usbd_edpt_claim
                0x1000aa50       0x28 CMakeFiles/psion_recreate_ctusb.dir/home/menadue/pico/pico-sdk/lib/tinyusb/src/device/usbd.c.o
                0x1000aa50                usbd_edpt_claim
 .text.usbd_edpt_release
                0x1000aa78       0x28 CMakeFiles/psion_recreate_ctusb.dir/home/menadue/pico/pico-sdk/lib/tinyusb/src/device/usbd.c.o
                0x1000aa78                usbd_edpt_release
 .text.usbd_edpt_xfer
                0x1000aaa0       0x4c CMakeFiles/psion_recreate_ctusb.dir/home/menadue/pico/pico-sdk/lib/tinyusb/src/device/usbd.c.o
                0x1000aaa0                usbd_edpt_xfer
 .text.usbd_edpt_busy
                0x1000aaec       0x1c CMakeFiles/psion_recreate_ctusb.dir/home/menadue/pico/pico-sdk/lib/tinyusb/src/device/usbd.c.o
                0x1000aaec                usbd_edpt_busy
 .text.usbd_edpt_stall
                0x1000ab08       0x38 CMakeFiles/psion_recreate_ctusb.dir/home/menadue/pico/pico-sdk/lib/tinyusb/src/device/usbd.c.o
                0x1000ab08                usbd_edpt_stall
 .text.usbd_edpt_stalled
                0x1000ab40       0x1c CMakeFiles/psion_recreate_ctusb.dir/home/menadue/pico/pico-sdk/lib/tinyusb/src/device/usbd.c.o
                0x1000ab40                usbd_edpt_stalled
 .text.tud_control_status
                0x1000ab5c       0x2c CMakeFiles/psion_recreate_ctusb.dir/home/menadue/pico/pico-sdk/lib/tinyusb/src/device/usbd_control.c.o
                0x1000ab5c                tud_control_status
 .text.tud_control_xfer
                0x1000ab88       0xa8 CMakeFiles/psion_recreate_ctusb.dir/home/menadue/pico/pico-sdk/lib/tinyusb/src/device/usbd_control.c.o
                0x1000ab88                tud_control_xfer
 .text.usbd_control_reset
                0x1000ac30       0x14 CMakeFiles/psion_recreate_ctusb.dir/home/menadue/pico/pico-sdk/lib/tinyusb/src/device/usbd_control.c.o
                0x1000ac30                usbd_control_reset
 .text.usbd_control_set_complete_callback
                0x1000ac44        0xc CMakeFiles/psion_recreate_ctusb.dir/home/menadue/pico/pico-sdk/lib/tinyusb/src/device/usbd_control.c.o
                0x1000ac44                usbd_control_set_complete_callback
 .text.usbd_control_set_request
                0x1000ac50       0x1c CMakeFiles/psion_recreate_ctusb.dir/home/menadue/pico/pico-sdk/lib/tinyusb/src/device/usbd_control.c.o
                0x1000ac50                usbd_control_set_request
 .text.usbd_control_xfer_cb
                0x1000ac6c       0xec CMakeFiles/psion_recreate_ctusb.dir/home/menadue/pico/pico-sdk/lib/tinyusb/src/device/usbd_control.c.o
                0x1000ac6c                usbd_control_xfer_cb
 .text._prep_out_transaction.isra.0
                0x1000ad58       0x5c CMakeFiles/psion_recreate_ctusb.dir/home/menadue/pico/pico-sdk/lib/tinyusb/src/class/cdc/cdc_device.c.o
 .text.tud_cdc_n_connected
                0x1000adb4       0x34 CMakeFiles/psion_recreate_ctusb.dir/home/menadue/pico/pico-sdk/lib/tinyusb/src/class/cdc/cdc_device.c.o
                0x1000adb4                tud_cdc_n_connected
 .text.tud_cdc_n_available
                0x1000ade8       0x1c CMakeFiles/psion_recreate_ctusb.dir/home/menadue/pico/pico-sdk/lib/tinyusb/src/class/cdc/cdc_device.c.o
                0x1000ade8                tud_cdc_n_available
 .text.tud_cdc_n_read
                0x1000ae04       0xa8 CMakeFiles/psion_recreate_ctusb.dir/home/menadue/pico/pico-sdk/lib/tinyusb/src/class/cdc/cdc_device.c.o
                0x1000ae04                tud_cdc_n_read
 .text.tud_cdc_n_write_flush
                0x1000aeac       0x7c CMakeFiles/psion_recreate_ctusb.dir/home/menadue/pico/pico-sdk/lib/tinyusb/src/class/cdc/cdc_device.c.o
                0x1000aeac                tud_cdc_n_write_flush
 .text.tud_cdc_n_write
                0x1000af28       0x44 CMakeFiles/psion_recreate_ctusb.dir/home/menadue/pico/pico-sdk/lib/tinyusb/src/class/cdc/cdc_device.c.o
                0x1000af28                tud_cdc_n_write
 .text.tud_cdc_n_write_available
                0x1000af6c       0x1c CMakeFiles/psion_recreate_ctusb.dir/home/menadue/pico/pico-sdk/lib/tinyusb/src/class/cdc/cdc_device.c.o
                0x1000af6c                tud_cdc_n_write_available
 .text.cdcd_init
                0x1000af88       0xac CMakeFiles/psion_recreate_ctusb.dir/home/menadue/pico/pico-sdk/lib/tinyusb/src/class/cdc/cdc_device.c.o
                0x1000af88                cdcd_init
 .text.cdcd_deinit
                0x1000b034       0xb0 CMakeFiles/psion_recreate_ctusb.dir/home/menadue/pico/pico-sdk/lib/tinyusb/src/class/cdc/cdc_device.c.o
                0x1000b034                cdcd_deinit
 .text.cdcd_reset
                0x1000b0e4       0x6c CMakeFiles/psion_recreate_ctusb.dir/home/menadue/pico/pico-sdk/lib/tinyusb/src/class/cdc/cdc_device.c.o
                0x1000b0e4                cdcd_reset
 .text.cdcd_open
                0x1000b150      0x120 CMakeFiles/psion_recreate_ctusb.dir/home/menadue/pico/pico-sdk/lib/tinyusb/src/class/cdc/cdc_device.c.o
                0x1000b150                cdcd_open
 .text.cdcd_control_xfer_cb
                0x1000b270      0x12c CMakeFiles/psion_recreate_ctusb.dir/home/menadue/pico/pico-sdk/lib/tinyusb/src/class/cdc/cdc_device.c.o
                0x1000b270                cdcd_control_xfer_cb
 .text.cdcd_xfer_cb
                0x1000b39c      0x1fc CMakeFiles/psion_recreate_ctusb.dir/home/menadue/pico/pico-sdk/lib/tinyusb/src/class/cdc/cdc_device.c.o
                0x1000b39c                cdcd_xfer_cb
 .text.fail_scsi_op.constprop.0
                0x1000b598       0x50 CMakeFiles/psion_recreate_ctusb.dir/home/menadue/pico/pico-sdk/lib/tinyusb/src/class/msc/msc_device.c.o
 .text.proc_read10_cmd.constprop.0
                0x1000b5e8       0xf8 CMakeFiles/psion_recreate_ctusb.dir/home/menadue/pico/pico-sdk/lib/tinyusb/src/class/msc/msc_device.c.o
 .text.tud_msc_set_sense
                0x1000b6e0       0x18 CMakeFiles/psion_recreate_ctusb.dir/home/menadue/pico/pico-sdk/lib/tinyusb/src/class/msc/msc_device.c.o
                0x1000b6e0                tud_msc_set_sense
 .text.mscd_init
                0x1000b6f8       0x14 CMakeFiles/psion_recreate_ctusb.dir/home/menadue/pico/pico-sdk/lib/tinyusb/src/class/msc/msc_device.c.o
                0x1000b6f8                mscd_init
 .text.mscd_reset
                0x1000b70c       0x14 CMakeFiles/psion_recreate_ctusb.dir/home/menadue/pico/pico-sdk/lib/tinyusb/src/class/msc/msc_device.c.o
                0x1000b70c                mscd_reset
 .text.mscd_open
                0x1000b720       0x64 CMakeFiles/psion_recreate_ctusb.dir/home/menadue/pico/pico-sdk/lib/tinyusb/src/class/msc/msc_device.c.o
                0x1000b720                mscd_open
 .text.mscd_control_xfer_cb
                0x1000b784      0x138 CMakeFiles/psion_recreate_ctusb.dir/home/menadue/pico/pico-sdk/lib/tinyusb/src/class/msc/msc_device.c.o
                0x1000b784                mscd_control_xfer_cb
 .text.mscd_xfer_cb
                0x1000b8bc      0x7f4 CMakeFiles/psion_recreate_ctusb.dir/home/menadue/pico/pico-sdk/lib/tinyusb/src/class/msc/msc_device.c.o
                0x1000b8bc                mscd_xfer_cb
 .text.tusb_init
                0x1000c0b0        0xc CMakeFiles/psion_recreate_ctusb.dir/home/menadue/pico/pico-sdk/lib/tinyusb/src/tusb.c.o
                0x1000c0b0                tusb_init
 .text.tu_edpt_claim
                0x1000c0bc       0x50 CMakeFiles/psion_recreate_ctusb.dir/home/menadue/pico/pico-sdk/lib/tinyusb/src/tusb.c.o
                0x1000c0bc                tu_edpt_claim
 .text.tu_edpt_release
                0x1000c10c       0x38 CMakeFiles/psion_recreate_ctusb.dir/home/menadue/pico/pico-sdk/lib/tinyusb/src/tusb.c.o
                0x1000c10c                tu_edpt_release
 .text.tu_edpt_validate
                0x1000c144       0x7c CMakeFiles/psion_recreate_ctusb.dir/home/menadue/pico/pico-sdk/lib/tinyusb/src/tusb.c.o
                0x1000c144                tu_edpt_validate
 .text.tu_edpt_bind_driver
                0x1000c1c0       0x34 CMakeFiles/psion_recreate_ctusb.dir/home/menadue/pico/pico-sdk/lib/tinyusb/src/tusb.c.o
                0x1000c1c0                tu_edpt_bind_driver
 .text.tu_fifo_config
                0x1000c1f4       0x6c CMakeFiles/psion_recreate_ctusb.dir/home/menadue/pico/pico-sdk/lib/tinyusb/src/common/tusb_fifo.c.o
                0x1000c1f4                tu_fifo_config
 .text.tu_fifo_count
                0x1000c260       0x2c CMakeFiles/psion_recreate_ctusb.dir/home/menadue/pico/pico-sdk/lib/tinyusb/src/common/tusb_fifo.c.o
                0x1000c260                tu_fifo_count
 .text.tu_fifo_empty
                0x1000c28c       0x10 CMakeFiles/psion_recreate_ctusb.dir/home/menadue/pico/pico-sdk/lib/tinyusb/src/common/tusb_fifo.c.o
                0x1000c28c                tu_fifo_empty
 .text.tu_fifo_remaining
                0x1000c29c       0x2c CMakeFiles/psion_recreate_ctusb.dir/home/menadue/pico/pico-sdk/lib/tinyusb/src/common/tusb_fifo.c.o
                0x1000c29c                tu_fifo_remaining
 .text.tu_fifo_read
                0x1000c2c8       0x9c CMakeFiles/psion_recreate_ctusb.dir/home/menadue/pico/pico-sdk/lib/tinyusb/src/common/tusb_fifo.c.o
                0x1000c2c8                tu_fifo_read
 .text.tu_fifo_read_n
                0x1000c364       0xe8 CMakeFiles/psion_recreate_ctusb.dir/home/menadue/pico/pico-sdk/lib/tinyusb/src/common/tusb_fifo.c.o
                0x1000c364                tu_fifo_read_n
 .text.tu_fifo_write
                0x1000c44c       0xa4 CMakeFiles/psion_recreate_ctusb.dir/home/menadue/pico/pico-sdk/lib/tinyusb/src/common/tusb_fifo.c.o
                0x1000c44c                tu_fifo_write
 .text.tu_fifo_write_n
                0x1000c4f0      0x178 CMakeFiles/psion_recreate_ctusb.dir/home/menadue/pico/pico-sdk/lib/tinyusb/src/common/tusb_fifo.c.o
                0x1000c4f0                tu_fifo_write_n
 .text.tu_fifo_clear
                0x1000c668       0x40 CMakeFiles/psion_recreate_ctusb.dir/home/menadue/pico/pico-sdk/lib/tinyusb/src/common/tusb_fifo.c.o
                0x1000c668                tu_fifo_clear
 .text.tu_fifo_set_overwritable
                0x1000c6a8       0x48 CMakeFiles/psion_recreate_ctusb.dir/home/menadue/pico/pico-sdk/lib/tinyusb/src/common/tusb_fifo.c.o
                0x1000c6a8                tu_fifo_set_overwritable
 .text.core1_trampoline
                0x1000c6f0        0x4 CMakeFiles/psion_recreate_ctusb.dir/home/menadue/pico/pico-sdk/src/rp2_common/pico_multicore/multicore.c.o
 .text.core1_wrapper
                0x1000c6f4        0xc CMakeFiles/psion_recreate_ctusb.dir/home/menadue/pico/pico-sdk/src/rp2_common/pico_multicore/multicore.c.o
                0x1000c6f4                core1_wrapper
 .text.multicore_launch_core1_raw
                0x1000c700       0x8c CMakeFiles/psion_recreate_ctusb.dir/home/menadue/pico/pico-sdk/src/rp2_common/pico_multicore/multicore.c.o
                0x1000c700                multicore_launch_core1_raw
 .text.multicore_launch_core1
                0x1000c78c       0x58 CMakeFiles/psion_recreate_ctusb.dir/home/menadue/pico/pico-sdk/src/rp2_common/pico_multicore/multicore.c.o
                0x1000c78c                multicore_launch_core1
 .text.multicore_lockout_victim_is_initialized
                0x1000c7e4        0xc CMakeFiles/psion_recreate_ctusb.dir/home/menadue/pico/pico-sdk/src/rp2_common/pico_multicore/multicore.c.o
                0x1000c7e4                multicore_lockout_victim_is_initialized
 .text.board_init
                0x1000c7f0       0x14 CMakeFiles/psion_recreate_ctusb.dir/home/menadue/pico/pico-sdk/lib/tinyusb/hw/bsp/rp2040/family.c.o
                0x1000c7f0                board_init
 .text.atexit   0x1000c804       0x10 /usr/lib/gcc/arm-none-eabi/14.1.0/../../../../arm-none-eabi/lib/thumb/v6-m/nofp/libg.a(libc_a-atexit.o)
                0x1000c804                atexit
 .text._calloc_r
                0x1000c814       0xa8 /usr/lib/gcc/arm-none-eabi/14.1.0/../../../../arm-none-eabi/lib/thumb/v6-m/nofp/libg.a(libc_a-callocr.o)
                0x1000c814                _calloc_r
 .text._malloc_r
                0x1000c8bc      0x5d0 /usr/lib/gcc/arm-none-eabi/14.1.0/../../../../arm-none-eabi/lib/thumb/v6-m/nofp/libg.a(libc_a-mallocr.o)
                0x1000c8bc                _malloc_r
 .text.__malloc_lock
                0x1000ce8c       0x10 /usr/lib/gcc/arm-none-eabi/14.1.0/../../../../arm-none-eabi/lib/thumb/v6-m/nofp/libg.a(libc_a-mlock.o)
                0x1000ce8c                __malloc_lock
 .text.__malloc_unlock
                0x1000ce9c       0x10 /usr/lib/gcc/arm-none-eabi/14.1.0/../../../../arm-none-eabi/lib/thumb/v6-m/nofp/libg.a(libc_a-mlock.o)
                0x1000ce9c                __malloc_unlock
 .text._realloc_r
                0x1000ceac      0x350 /usr/lib/gcc/arm-none-eabi/14.1.0/../../../../arm-none-eabi/lib/thumb/v6-m/nofp/libg.a(libc_a-reallocr.o)
                0x1000ceac                _realloc_r
 .text.sscanf   0x1000d1fc       0x54 /usr/lib/gcc/arm-none-eabi/14.1.0/../../../../arm-none-eabi/lib/thumb/v6-m/nofp/libg.a(libc_a-sscanf.o)
                0x1000d1fc                sscanf
 .text.__seofread
                0x1000d250        0x4 /usr/lib/gcc/arm-none-eabi/14.1.0/../../../../arm-none-eabi/lib/thumb/v6-m/nofp/libg.a(libc_a-stdio.o)
                0x1000d250                __seofread
 .text.vsprintf
                0x1000d254       0x3c /usr/lib/gcc/arm-none-eabi/14.1.0/../../../../arm-none-eabi/lib/thumb/v6-m/nofp/libg.a(libc_a-vsprintf.o)
                0x1000d254                vsprintf
 .text.memmove  0x1000d290       0xc4 /usr/lib/gcc/arm-none-eabi/14.1.0/../../../../arm-none-eabi/lib/thumb/v6-m/nofp/libg.a(libc_a-memmove.o)
                0x1000d290                memmove
 .text.strcat   0x1000d354       0x4c /usr/lib/gcc/arm-none-eabi/14.1.0/../../../../arm-none-eabi/lib/thumb/v6-m/nofp/libg.a(libc_a-strcat.o)
                0x1000d354                strcat
 .text.strncmp  0x1000d3a0       0x68 /usr/lib/gcc/arm-none-eabi/14.1.0/../../../../arm-none-eabi/lib/thumb/v6-m/nofp/libg.a(libc_a-strncmp.o)
                0x1000d3a0                strncmp
 .text.stpcpy   0x1000d408       0x48 /usr/lib/gcc/arm-none-eabi/14.1.0/../../../../arm-none-eabi/lib/thumb/v6-m/nofp/libg.a(libc_a-stpcpy.o)
                0x1000d408                stpcpy
 .text._sbrk_r  0x1000d450       0x24 /usr/lib/gcc/arm-none-eabi/14.1.0/../../../../arm-none-eabi/lib/thumb/v6-m/nofp/libg.a(libc_a-sbrkr.o)
                0x1000d450                _sbrk_r
 .text.__errno  0x1000d474        0xc /usr/lib/gcc/arm-none-eabi/14.1.0/../../../../arm-none-eabi/lib/thumb/v6-m/nofp/libg.a(libc_a-errno.o)
                0x1000d474                __errno
 .text.__libc_fini_array
                0x1000d480       0x28 /usr/lib/gcc/arm-none-eabi/14.1.0/../../../../arm-none-eabi/lib/thumb/v6-m/nofp/libg.a(libc_a-fini.o)
                0x1000d480                __libc_fini_array
 .text.__retarget_lock_acquire_recursive
                0x1000d4a8        0x4 /usr/lib/gcc/arm-none-eabi/14.1.0/../../../../arm-none-eabi/lib/thumb/v6-m/nofp/libg.a(libc_a-lock.o)
                0x1000d4a8                __retarget_lock_acquire_recursive
 .text.__retarget_lock_release_recursive
                0x1000d4ac        0x4 /usr/lib/gcc/arm-none-eabi/14.1.0/../../../../arm-none-eabi/lib/thumb/v6-m/nofp/libg.a(libc_a-lock.o)
                0x1000d4ac                __retarget_lock_release_recursive
 .text.sysconf  0x1000d4b0       0x1c /usr/lib/gcc/arm-none-eabi/14.1.0/../../../../arm-none-eabi/lib/thumb/v6-m/nofp/libg.a(libc_a-sysconf.o)
                0x1000d4b0                sysconf
 .text.strcpy   0x1000d4cc       0x10 /usr/lib/gcc/arm-none-eabi/14.1.0/../../../../arm-none-eabi/lib/thumb/v6-m/nofp/libg.a(libc_a-strcpy.o)
                0x1000d4cc                strcpy
 .text.strlen   0x1000d4dc       0x5c /usr/lib/gcc/arm-none-eabi/14.1.0/../../../../arm-none-eabi/lib/thumb/v6-m/nofp/libg.a(libc_a-strlen-stub.o)
                0x1000d4dc                strlen
 .text.__register_exitproc
                0x1000d538       0xa8 /usr/lib/gcc/arm-none-eabi/14.1.0/../../../../arm-none-eabi/lib/thumb/v6-m/nofp/libg.a(libc_a-__atexit.o)
                0x1000d538                __register_exitproc
 .text.startup.register_fini
                0x1000d5e0       0x18 /usr/lib/gcc/arm-none-eabi/14.1.0/../../../../arm-none-eabi/lib/thumb/v6-m/nofp/libg.a(libc_a-__call_atexit.o)
 .text._malloc_trim_r
                0x1000d5f8       0xb4 /usr/lib/gcc/arm-none-eabi/14.1.0/../../../../arm-none-eabi/lib/thumb/v6-m/nofp/libg.a(libc_a-freer.o)
                0x1000d5f8                _malloc_trim_r
 .text._free_r  0x1000d6ac      0x1f0 /usr/lib/gcc/arm-none-eabi/14.1.0/../../../../arm-none-eabi/lib/thumb/v6-m/nofp/libg.a(libc_a-freer.o)
                0x1000d6ac                _free_r
 .text._strtoul_l.isra.0
                0x1000d89c      0x144 /usr/lib/gcc/arm-none-eabi/14.1.0/../../../../arm-none-eabi/lib/thumb/v6-m/nofp/libg.a(libc_a-strtoul.o)
 .text._strtoul_r
                0x1000d9e0        0x8 /usr/lib/gcc/arm-none-eabi/14.1.0/../../../../arm-none-eabi/lib/thumb/v6-m/nofp/libg.a(libc_a-strtoul.o)
                0x1000d9e0                _strtoul_r
 .text._sungetc_r
                0x1000d9e8       0x80 /usr/lib/gcc/arm-none-eabi/14.1.0/../../../../arm-none-eabi/lib/thumb/v6-m/nofp/libg.a(libc_a-svfiscanf.o)
                0x1000d9e8                _sungetc_r
 .text.__ssrefill_r
                0x1000da68       0x40 /usr/lib/gcc/arm-none-eabi/14.1.0/../../../../arm-none-eabi/lib/thumb/v6-m/nofp/libg.a(libc_a-svfiscanf.o)
                0x1000da68                __ssrefill_r
 .text._sfread_r
                0x1000daa8       0xbc /usr/lib/gcc/arm-none-eabi/14.1.0/../../../../arm-none-eabi/lib/thumb/v6-m/nofp/libg.a(libc_a-svfiscanf.o)
                0x1000daa8                _sfread_r
 .text._svfprintf_r
                0x1000db64     0x1c28 /usr/lib/gcc/arm-none-eabi/14.1.0/../../../../arm-none-eabi/lib/thumb/v6-m/nofp/libg.a(libc_a-svfprintf.o)
                0x1000db64                _svfprintf_r
 .text.__ssvfscanf_r
                0x1000f78c     0x114c /usr/lib/gcc/arm-none-eabi/14.1.0/../../../../arm-none-eabi/lib/thumb/v6-m/nofp/libg.a(libc_a-svfscanf.o)
                0x1000f78c                __ssvfscanf_r
 .text.__ssprint_r
                0x100108d8       0x58 /usr/lib/gcc/arm-none-eabi/14.1.0/../../../../arm-none-eabi/lib/thumb/v6-m/nofp/libg.a(libc_a-ssprint_r.o)
                0x100108d8                __ssprint_r
 .text.__sccl   0x10010930       0x80 /usr/lib/gcc/arm-none-eabi/14.1.0/../../../../arm-none-eabi/lib/thumb/v6-m/nofp/libg.a(libc_a-sccl.o)
                0x10010930                __sccl
 .text.__submore
                0x100109b0       0x84 /usr/lib/gcc/arm-none-eabi/14.1.0/../../../../arm-none-eabi/lib/thumb/v6-m/nofp/libg.a(libc_a-ungetc.o)
                0x100109b0                __submore
 .text.__locale_mb_cur_max
                0x10010a34       0x10 /usr/lib/gcc/arm-none-eabi/14.1.0/../../../../arm-none-eabi/lib/thumb/v6-m/nofp/libg.a(libc_a-locale.o)
                0x10010a34                __locale_mb_cur_max
 .text._localeconv_r
                0x10010a44        0x8 /usr/lib/gcc/arm-none-eabi/14.1.0/../../../../arm-none-eabi/lib/thumb/v6-m/nofp/libg.a(libc_a-localeconv.o)
                0x10010a44                _localeconv_r
 .text.memchr   0x10010a4c       0x7c /usr/lib/gcc/arm-none-eabi/14.1.0/../../../../arm-none-eabi/lib/thumb/v6-m/nofp/libg.a(libc_a-memchr-stub.o)
                0x10010a4c                memchr
 .text.nanf     0x10010ac8        0x8 /usr/lib/gcc/arm-none-eabi/14.1.0/../../../../arm-none-eabi/lib/thumb/v6-m/nofp/libg.a(libm_a-sf_nan.o)
                0x10010ac8                nanf
 .text.quorem   0x10010ad0      0x150 /usr/lib/gcc/arm-none-eabi/14.1.0/../../../../arm-none-eabi/lib/thumb/v6-m/nofp/libg.a(libc_a-dtoa.o)
 .text._dtoa_r  0x10010c20     0x1110 /usr/lib/gcc/arm-none-eabi/14.1.0/../../../../arm-none-eabi/lib/thumb/v6-m/nofp/libg.a(libc_a-dtoa.o)
                0x10010c20                _dtoa_r
 .text.__ascii_mbtowc
                0x10011d30       0x2c /usr/lib/gcc/arm-none-eabi/14.1.0/../../../../arm-none-eabi/lib/thumb/v6-m/nofp/libg.a(libc_a-mbtowc_r.o)
                0x10011d30                __ascii_mbtowc
 .text._Balloc  0x10011d5c       0x50 /usr/lib/gcc/arm-none-eabi/14.1.0/../../../../arm-none-eabi/lib/thumb/v6-m/nofp/libg.a(libc_a-mprec.o)
                0x10011d5c                _Balloc
 .text._Bfree   0x10011dac       0x14 /usr/lib/gcc/arm-none-eabi/14.1.0/../../../../arm-none-eabi/lib/thumb/v6-m/nofp/libg.a(libc_a-mprec.o)
                0x10011dac                _Bfree
 .text.__multadd
                0x10011dc0       0xa4 /usr/lib/gcc/arm-none-eabi/14.1.0/../../../../arm-none-eabi/lib/thumb/v6-m/nofp/libg.a(libc_a-mprec.o)
                0x10011dc0                __multadd
 .text.__s2b    0x10011e64       0xb0 /usr/lib/gcc/arm-none-eabi/14.1.0/../../../../arm-none-eabi/lib/thumb/v6-m/nofp/libg.a(libc_a-mprec.o)
                0x10011e64                __s2b
 .text.__hi0bits
                0x10011f14       0x60 /usr/lib/gcc/arm-none-eabi/14.1.0/../../../../arm-none-eabi/lib/thumb/v6-m/nofp/libg.a(libc_a-mprec.o)
                0x10011f14                __hi0bits
 .text.__lo0bits
                0x10011f74       0x90 /usr/lib/gcc/arm-none-eabi/14.1.0/../../../../arm-none-eabi/lib/thumb/v6-m/nofp/libg.a(libc_a-mprec.o)
                0x10011f74                __lo0bits
 .text.__i2b    0x10012004       0x60 /usr/lib/gcc/arm-none-eabi/14.1.0/../../../../arm-none-eabi/lib/thumb/v6-m/nofp/libg.a(libc_a-mprec.o)
                0x10012004                __i2b
 .text.__multiply