Archive member included to satisfy reference by file (symbol)

/usr/lib/gcc/arm-none-eabi/10.3.1/thumb/v6-m/nofp/libgcc.a(_dvmd_tls.o)
                              CMakeFiles/psion_recreate_ctusb.dir/home/menadue/pico/pico-sdk/src/rp2_common/pico_divider/divider_hardware.S.obj (__aeabi_idiv0)
/usr/lib/gcc/arm-none-eabi/10.3.1/../../../arm-none-eabi/lib/thumb/v6-m/nofp/libg.a(lib_a-atexit.o)
                              /usr/lib/gcc/arm-none-eabi/10.3.1/../../../arm-none-eabi/lib/thumb/v6-m/nofp/crt0.o (atexit)
/usr/lib/gcc/arm-none-eabi/10.3.1/../../../arm-none-eabi/lib/thumb/v6-m/nofp/libg.a(lib_a-calloc.o)
                              CMakeFiles/psion_recreate_ctusb.dir/home/menadue/pico/pico-sdk/src/rp2_common/pico_malloc/malloc.c.obj (calloc)
/usr/lib/gcc/arm-none-eabi/10.3.1/../../../arm-none-eabi/lib/thumb/v6-m/nofp/libg.a(lib_a-callocr.o)
                              /usr/lib/gcc/arm-none-eabi/10.3.1/../../../arm-none-eabi/lib/thumb/v6-m/nofp/libg.a(lib_a-calloc.o) (_calloc_r)
/usr/lib/gcc/arm-none-eabi/10.3.1/../../../arm-none-eabi/lib/thumb/v6-m/nofp/libg.a(lib_a-ctype_.o)
                              CMakeFiles/psion_recreate_ctusb.dir/svc_fl.c.obj (_ctype_)
/usr/lib/gcc/arm-none-eabi/10.3.1/../../../arm-none-eabi/lib/thumb/v6-m/nofp/libg.a(lib_a-fini.o)
                              /usr/lib/gcc/arm-none-eabi/10.3.1/../../../arm-none-eabi/lib/thumb/v6-m/nofp/crt0.o (__libc_fini_array)
/usr/lib/gcc/arm-none-eabi/10.3.1/../../../arm-none-eabi/lib/thumb/v6-m/nofp/libg.a(lib_a-impure.o)
                              /usr/lib/gcc/arm-none-eabi/10.3.1/../../../arm-none-eabi/lib/thumb/v6-m/nofp/libg.a(lib_a-calloc.o) (_impure_ptr)
/usr/lib/gcc/arm-none-eabi/10.3.1/../../../arm-none-eabi/lib/thumb/v6-m/nofp/libg.a(lib_a-init.o)
                              /usr/lib/gcc/arm-none-eabi/10.3.1/../../../arm-none-eabi/lib/thumb/v6-m/nofp/crt0.o (__libc_init_array)
/usr/lib/gcc/arm-none-eabi/10.3.1/../../../arm-none-eabi/lib/thumb/v6-m/nofp/libg.a(lib_a-lcltime_r.o)
                              CMakeFiles/psion_recreate_ctusb.dir/home/menadue/pico/pico-sdk/src/common/pico_util/datetime.c.obj (localtime_r)
/usr/lib/gcc/arm-none-eabi/10.3.1/../../../arm-none-eabi/lib/thumb/v6-m/nofp/libg.a(lib_a-malloc.o)
                              CMakeFiles/psion_recreate_ctusb.dir/home/menadue/pico/pico-sdk/src/rp2_common/pico_malloc/malloc.c.obj (malloc)
/usr/lib/gcc/arm-none-eabi/10.3.1/../../../arm-none-eabi/lib/thumb/v6-m/nofp/libg.a(lib_a-mallocr.o)
                              /usr/lib/gcc/arm-none-eabi/10.3.1/../../../arm-none-eabi/lib/thumb/v6-m/nofp/libg.a(lib_a-callocr.o) (_malloc_r)
/usr/lib/gcc/arm-none-eabi/10.3.1/../../../arm-none-eabi/lib/thumb/v6-m/nofp/libg.a(lib_a-memcmp.o)
                              CMakeFiles/psion_recreate_ctusb.dir/home/menadue/pico/pico-sdk/src/rp2_common/pico_atomic/atomic.c.obj (memcmp)
/usr/lib/gcc/arm-none-eabi/10.3.1/../../../arm-none-eabi/lib/thumb/v6-m/nofp/libg.a(lib_a-memmove.o)
                              CMakeFiles/psion_recreate_ctusb.dir/home/menadue/pico/pico-sdk/lib/tinyusb/src/class/msc/msc_device.c.obj (memmove)
/usr/lib/gcc/arm-none-eabi/10.3.1/../../../arm-none-eabi/lib/thumb/v6-m/nofp/libg.a(lib_a-mktime.o)
                              CMakeFiles/psion_recreate_ctusb.dir/home/menadue/pico/pico-sdk/src/common/pico_util/datetime.c.obj (mktime)
/usr/lib/gcc/arm-none-eabi/10.3.1/../../../arm-none-eabi/lib/thumb/v6-m/nofp/libg.a(lib_a-mlock.o)
                              /usr/lib/gcc/arm-none-eabi/10.3.1/../../../arm-none-eabi/lib/thumb/v6-m/nofp/libg.a(lib_a-mallocr.o) (__malloc_lock)
/usr/lib/gcc/arm-none-eabi/10.3.1/../../../arm-none-eabi/lib/thumb/v6-m/nofp/libg.a(lib_a-month_lengths.o)
                              /usr/lib/gcc/arm-none-eabi/10.3.1/../../../arm-none-eabi/lib/thumb/v6-m/nofp/libg.a(lib_a-lcltime_r.o) (__month_lengths)
/usr/lib/gcc/arm-none-eabi/10.3.1/../../../arm-none-eabi/lib/thumb/v6-m/nofp/libg.a(lib_a-realloc.o)
                              CMakeFiles/psion_recreate_ctusb.dir/home/menadue/pico/pico-sdk/src/rp2_common/pico_malloc/malloc.c.obj (realloc)
/usr/lib/gcc/arm-none-eabi/10.3.1/../../../arm-none-eabi/lib/thumb/v6-m/nofp/libg.a(lib_a-reallocr.o)
                              /usr/lib/gcc/arm-none-eabi/10.3.1/../../../arm-none-eabi/lib/thumb/v6-m/nofp/libg.a(lib_a-realloc.o) (_realloc_r)
/usr/lib/gcc/arm-none-eabi/10.3.1/../../../arm-none-eabi/lib/thumb/v6-m/nofp/libg.a(lib_a-sbrkr.o)
                              /usr/lib/gcc/arm-none-eabi/10.3.1/../../../arm-none-eabi/lib/thumb/v6-m/nofp/libg.a(lib_a-mallocr.o) (_sbrk_r)
/usr/lib/gcc/arm-none-eabi/10.3.1/../../../arm-none-eabi/lib/thumb/v6-m/nofp/libg.a(lib_a-sscanf.o)
                              CMakeFiles/psion_recreate_ctusb.dir/serial.c.obj (sscanf)
/usr/lib/gcc/arm-none-eabi/10.3.1/../../../arm-none-eabi/lib/thumb/v6-m/nofp/libg.a(lib_a-stdio.o)
[...]
Memory Configuration

Name             Origin             Length             Attributes
FLASH            0x0000000010000000 0x0000000000200000 xr
RAM              0x0000000020000000 0x0000000000040000 xrw
SCRATCH_X        0x0000000020040000 0x0000000000001000 xrw
SCRATCH_Y        0x0000000020041000 0x0000000000001000 xrw
*default*        0x0000000000000000 0xffffffffffffffff

Linker script and memory map

LOAD /usr/lib/gcc/arm-none-eabi/10.3.1/thumb/v6-m/nofp/crti.o
LOAD /usr/lib/gcc/arm-none-eabi/10.3.1/thumb/v6-m/nofp/crtbegin.o
LOAD /usr/lib/gcc/arm-none-eabi/10.3.1/../../../arm-none-eabi/lib/thumb/v6-m/nofp/crt0.o

.flash_begin    0x0000000010000000        0x0
                0x0000000010000000                __flash_binary_start = .

.boot2          0x0000000010000000      0x100
                0x0000000010000000                __boot2_start__ = .
 *(.boot2)
 .boot2         0x0000000010000000      0x100 /tmp/cc05Ropd.o
                0x0000000010000100                __boot2_end__ = .
                0x0000000000000001                ASSERT (((__boot2_end__ - __boot2_start__) == 0x100), ERROR: Pico second stage bootloader must be 256 bytes in size)

.text           0x0000000010000100    0x15344
                0x0000000010000100                __logical_binary_start = .
 *(.vectors)
 .vectors       0x0000000010000100       0xd4 CMakeFiles/psion_recreate_ctusb.dir/home/menadue/pico/pico-sdk/src/rp2_common/pico_crt0/crt0.S.obj
                0x0000000010000100                __vectors
                0x0000000010000100                __VECTOR_TABLE
                0x00000000100001c0                isr_invalid
                0x00000000100001c0                __default_isrs_start
                0x00000000100001c2                isr_nmi
                0x00000000100001c4                isr_hardfault
                0x00000000100001c6                isr_svcall
                0x00000000100001c8                isr_pendsv
                0x00000000100001ca                isr_systick
                0x00000000100001cc                isr_irq30
                0x00000000100001cc                __unhandled_user_irq
                0x00000000100001cc                isr_irq13
                0x00000000100001cc                isr_irq27
                0x00000000100001cc                isr_irq31
                0x00000000100001cc                isr_irq5
                0x00000000100001cc                isr_irq11
                0x00000000100001cc                isr_irq23
                0x00000000100001cc                isr_irq18
                0x00000000100001cc                isr_irq28
                0x00000000100001cc                isr_irq19
                0x00000000100001cc                isr_irq0
                0x00000000100001cc                isr_irq6
                0x00000000100001cc                isr_irq22
                0x00000000100001cc                isr_irq17
                0x00000000100001cc                isr_irq14
                0x00000000100001cc                isr_irq2
                0x00000000100001cc                isr_irq10
                0x00000000100001cc                isr_irq8
                0x00000000100001cc                isr_irq24
                0x00000000100001cc                isr_irq1
                0x00000000100001cc                isr_irq7
                0x00000000100001cc                isr_irq21
                0x00000000100001cc                isr_irq20
                0x00000000100001cc                isr_irq15
                0x00000000100001cc                isr_irq25
                0x00000000100001cc                isr_irq4
                0x00000000100001cc                isr_irq16
                0x00000000100001cc                isr_irq29
                0x00000000100001cc                isr_irq26
                0x00000000100001cc                __default_isrs_end
                0x00000000100001cc                isr_irq3
                0x00000000100001cc                isr_irq12
                0x00000000100001cc                isr_irq9
                0x00000000100001d2                unhandled_user_irq_num_in_r0
 *(.binary_info_header)
 .binary_info_header
                0x00000000100001d4       0x14 CMakeFiles/psion_recreate_ctusb.dir/home/menadue/pico/pico-sdk/src/rp2_common/pico_crt0/crt0.S.obj
                0x00000000100001e8                __binary_info_header_end = .
 *(.embedded_block)
                0x00000000100001e8                __embedded_block_end = .
 *(.reset)
 .reset         0x00000000100001e8       0x9c CMakeFiles/psion_recreate_ctusb.dir/home/menadue/pico/pico-sdk/src/rp2_common/pico_crt0/crt0.S.obj
                0x00000000100001e8                _entry_point
 *(.init)
 .init          0x0000000010000284        0x4 /usr/lib/gcc/arm-none-eabi/10.3.1/thumb/v6-m/nofp/crti.o
                0x0000000010000284                _init
 *(EXCLUDE_FILE(*libm.a: *libc.a:*lib_a-mem*.o *libgcc.a:) .text*)
 .text          0x0000000010000288       0x98 /usr/lib/gcc/arm-none-eabi/10.3.1/thumb/v6-m/nofp/crtbegin.o
 .text.panel_info_init
                0x0000000010000320        0x4 CMakeFiles/psion_recreate_ctusb.dir/main.c.obj
                0x0000000010000320                panel_info_init
 .text.write_595.constprop.0
                0x0000000010000324       0xa8 CMakeFiles/psion_recreate_ctusb.dir/main.c.obj
 .text.panel_opl_init
                0x00000000100003cc        0x4 CMakeFiles/psion_recreate_ctusb.dir/main.c.obj
                0x00000000100003cc                panel_opl_init
 .text.latch2_set_mask
                0x00000000100003d0       0x1c CMakeFiles/psion_recreate_ctusb.dir/main.c.obj
                0x00000000100003d0                latch2_set_mask
 .text.latch2_clear_mask
                0x00000000100003ec       0x18 CMakeFiles/psion_recreate_ctusb.dir/main.c.obj
                0x00000000100003ec                latch2_clear_mask
 .text.write_595
                0x0000000010000404       0xc0 CMakeFiles/psion_recreate_ctusb.dir/main.c.obj
                0x0000000010000404                write_595
 .text.startup.main
                0x00000000100004c4      0x240 CMakeFiles/psion_recreate_ctusb.dir/main.c.obj
                0x00000000100004c4                main
 .text.txbyte   0x0000000010000704       0x50 CMakeFiles/psion_recreate_ctusb.dir/cdc.c.obj
                0x0000000010000704                txbyte
 .text.cdc_printf
                0x0000000010000754       0x38 CMakeFiles/psion_recreate_ctusb.dir/cdc.c.obj
                0x0000000010000754                cdc_printf
 .text.cdc_printf_xy
                0x000000001000078c       0x5c CMakeFiles/psion_recreate_ctusb.dir/cdc.c.obj
                0x000000001000078c                cdc_printf_xy
 .text.cdc_cls  0x00000000100007e8       0x10 CMakeFiles/psion_recreate_ctusb.dir/cdc.c.obj
                0x00000000100007e8                cdc_cls
 .text.put_core1_into_ram
                0x00000000100007f8       0x18 CMakeFiles/psion_recreate_ctusb.dir/core1.c.obj
                0x00000000100007f8                put_core1_into_ram
 .text.take_core1_out_of_ram
                0x0000000010000810        0xc CMakeFiles/psion_recreate_ctusb.dir/core1.c.obj
                0x0000000010000810                take_core1_out_of_ram
 .text.core1_init
                0x000000001000081c       0x10 CMakeFiles/psion_recreate_ctusb.dir/core1.c.obj
                0x000000001000081c                core1_init
 .text.tud_descriptor_device_cb
                0x000000001000082c        0x8 CMakeFiles/psion_recreate_ctusb.dir/usb_descriptors.c.obj
                0x000000001000082c                tud_descriptor_device_cb
 .text.tud_descriptor_configuration_cb
                0x0000000010000834        0x8 CMakeFiles/psion_recreate_ctusb.dir/usb_descriptors.c.obj
                0x0000000010000834                tud_descriptor_configuration_cb
 .text.tud_descriptor_string_cb
                0x000000001000083c       0xfc CMakeFiles/psion_recreate_ctusb.dir/usb_descriptors.c.obj
                0x000000001000083c                tud_descriptor_string_cb
 .text.invert_byte
                0x0000000010000938       0x40 CMakeFiles/psion_recreate_ctusb.dir/font.c.obj
                0x0000000010000938                invert_byte
 .text.next_printpos_line
                0x0000000010000978       0x34 CMakeFiles/psion_recreate_ctusb.dir/font.c.obj
                0x0000000010000978                next_printpos_line
 .text.i_printxy
                0x00000000100009ac       0xf4 CMakeFiles/psion_recreate_ctusb.dir/font.c.obj
                0x00000000100009ac                i_printxy
 .text.print_cursor
                0x0000000010000aa0       0x98 CMakeFiles/psion_recreate_ctusb.dir/font.c.obj
                0x0000000010000aa0                print_cursor
 .text.i_printxy_str
                0x0000000010000b38       0x24 CMakeFiles/psion_recreate_ctusb.dir/font.c.obj
                0x0000000010000b38                i_printxy_str
 .text.printxy_str
                0x0000000010000b5c       0x24 CMakeFiles/psion_recreate_ctusb.dir/font.c.obj
                0x0000000010000b5c                printxy_str
 .text.printxy_hex
                0x0000000010000b80       0x34 CMakeFiles/psion_recreate_ctusb.dir/font.c.obj
                0x0000000010000b80                printxy_hex
 .text.print_home
                0x0000000010000bb4       0x14 CMakeFiles/psion_recreate_ctusb.dir/font.c.obj
                0x0000000010000bb4                print_home
 .text.print_str
                0x0000000010000bc8       0x64 CMakeFiles/psion_recreate_ctusb.dir/font.c.obj
                0x0000000010000bc8                print_str
 .text.print_nl_if_necessary
                0x0000000010000c2c       0x30 CMakeFiles/psion_recreate_ctusb.dir/font.c.obj
                0x0000000010000c2c                print_nl_if_necessary
 .text.kb_getk  0x0000000010000c5c       0x54 CMakeFiles/psion_recreate_ctusb.dir/svc_kb.c.obj
                0x0000000010000c5c                kb_getk
 .text.kb_test  0x0000000010000cb0       0x30 CMakeFiles/psion_recreate_ctusb.dir/svc_kb.c.obj
                0x0000000010000cb0                kb_test
 .text.queue_hid_key
                0x0000000010000ce0       0x58 CMakeFiles/psion_recreate_ctusb.dir/svc_kb.c.obj
                0x0000000010000ce0                queue_hid_key
 .text.translate_to_hid
                0x0000000010000d38        0x4 CMakeFiles/psion_recreate_ctusb.dir/svc_kb.c.obj
                0x0000000010000d38                translate_to_hid
 .text.dp_view  0x0000000010000d3c      0x16c CMakeFiles/psion_recreate_ctusb.dir/svc_dp.c.obj
                0x0000000010000d3c                dp_view
 .text.dp_stat  0x0000000010000ea8       0x2c CMakeFiles/psion_recreate_ctusb.dir/svc_dp.c.obj
                0x0000000010000ea8                dp_stat
 .text.dp_clr_eos
                0x0000000010000ed4       0x48 CMakeFiles/psion_recreate_ctusb.dir/svc_dp.c.obj
                0x0000000010000ed4                dp_clr_eos
 .text.dp_cls   0x0000000010000f1c       0x24 CMakeFiles/psion_recreate_ctusb.dir/svc_dp.c.obj
                0x0000000010000f1c                dp_cls
 .text.dp_prnt  0x0000000010000f40       0x64 CMakeFiles/psion_recreate_ctusb.dir/svc_dp.c.obj
                0x0000000010000f40                dp_prnt
 .text.ed_epos  0x0000000010000fa4      0x1b0 CMakeFiles/psion_recreate_ctusb.dir/svc_ed.c.obj
                0x0000000010000fa4                ed_epos
 .text.ed_view  0x0000000010001154      0x104 CMakeFiles/psion_recreate_ctusb.dir/svc_ed.c.obj
                0x0000000010001154                ed_view
 .text.fl_frec.part.0
                0x0000000010001258       0xf8 CMakeFiles/psion_recreate_ctusb.dir/svc_fl.c.obj
 .text.fl_back  0x0000000010001350       0x70 CMakeFiles/psion_recreate_ctusb.dir/svc_fl.c.obj
                0x0000000010001350                fl_back
 .text.fl_catl  0x00000000100013c0      0x1c0 CMakeFiles/psion_recreate_ctusb.dir/svc_fl.c.obj
                0x00000000100013c0                fl_catl
 .text.fl_eras  0x0000000010001580       0xc4 CMakeFiles/psion_recreate_ctusb.dir/svc_fl.c.obj
                0x0000000010001580                fl_eras
 .text.fl_find  0x0000000010001644      0x1c0 CMakeFiles/psion_recreate_ctusb.dir/svc_fl.c.obj
                0x0000000010001644                fl_find
 .text.fl_frec  0x0000000010001804       0x14 CMakeFiles/psion_recreate_ctusb.dir/svc_fl.c.obj
                0x0000000010001804                fl_frec
 .text.fl_next  0x0000000010001818       0x70 CMakeFiles/psion_recreate_ctusb.dir/svc_fl.c.obj
                0x0000000010001818                fl_next
 .text.fl_read  0x0000000010001888       0x54 CMakeFiles/psion_recreate_ctusb.dir/svc_fl.c.obj
                0x0000000010001888                fl_read
 .text.fl_rect  0x00000000100018dc        0xc CMakeFiles/psion_recreate_ctusb.dir/svc_fl.c.obj
                0x00000000100018dc                fl_rect
 .text.fl_rset  0x00000000100018e8       0x1c CMakeFiles/psion_recreate_ctusb.dir/svc_fl.c.obj
                0x00000000100018e8                fl_rset
 .text.fl_size  0x0000000010001904      0x100 CMakeFiles/psion_recreate_ctusb.dir/svc_fl.c.obj
                0x0000000010001904                fl_size
 .text.fl_cret  0x0000000010001a04      0x218 CMakeFiles/psion_recreate_ctusb.dir/svc_fl.c.obj
                0x0000000010001a04                fl_cret
 .text.fl_writ  0x0000000010001c1c       0x44 CMakeFiles/psion_recreate_ctusb.dir/svc_fl.c.obj
                0x0000000010001c1c                fl_writ
 .text.pk_build_id_string
                0x0000000010001c60       0x5c CMakeFiles/psion_recreate_ctusb.dir/svc_pk.c.obj
                0x0000000010001c60                pk_build_id_string
 .text.pk_setp  0x0000000010001cbc       0x28 CMakeFiles/psion_recreate_ctusb.dir/svc_pk.c.obj
                0x0000000010001cbc                pk_setp
 .text.pk_save  0x0000000010001ce4       0x4c CMakeFiles/psion_recreate_ctusb.dir/svc_pk.c.obj
                0x0000000010001ce4                pk_save
 .text.pk_read  0x0000000010001d30       0x48 CMakeFiles/psion_recreate_ctusb.dir/svc_pk.c.obj
                0x0000000010001d30                pk_read
 .text.pk_rbyt  0x0000000010001d78       0x2c CMakeFiles/psion_recreate_ctusb.dir/svc_pk.c.obj
                0x0000000010001d78                pk_rbyt
 .text.pk_rwrd  0x0000000010001da4       0x40 CMakeFiles/psion_recreate_ctusb.dir/svc_pk.c.obj
                0x0000000010001da4                pk_rwrd
 .text.pk_skip  0x0000000010001de4       0x10 CMakeFiles/psion_recreate_ctusb.dir/svc_pk.c.obj
                0x0000000010001de4                pk_skip
 .text.pk_qadd  0x0000000010001df4        0xc CMakeFiles/psion_recreate_ctusb.dir/svc_pk.c.obj
                0x0000000010001df4                pk_qadd
 .text.pk_sadd  0x0000000010001e00        0xc CMakeFiles/psion_recreate_ctusb.dir/svc_pk.c.obj
                0x0000000010001e00                pk_sadd
 .text.pk_fmat  0x0000000010001e0c       0x20 CMakeFiles/psion_recreate_ctusb.dir/svc_pk.c.obj
                0x0000000010001e0c                pk_fmat
 .text.er_error
                0x0000000010001e2c       0x10 CMakeFiles/psion_recreate_ctusb.dir/svc_er.c.obj
                0x0000000010001e2c                er_error
 .text.db_dump  0x0000000010001e3c       0xd4 CMakeFiles/psion_recreate_ctusb.dir/svc_db.c.obj
                0x0000000010001e3c                db_dump
 .text.pk_rbyt_pico_flash
                0x0000000010001f10        0xc CMakeFiles/psion_recreate_ctusb.dir/svc_pak_pico_flash.c.obj
                0x0000000010001f10                pk_rbyt_pico_flash
 .text.pk_save_pico_flash
                0x0000000010001f1c      0x190 CMakeFiles/psion_recreate_ctusb.dir/svc_pak_pico_flash.c.obj
                0x0000000010001f1c                pk_save_pico_flash
 .text.pk_format_pico_flash
                0x00000000100020ac       0x7c CMakeFiles/psion_recreate_ctusb.dir/svc_pak_pico_flash.c.obj
                0x00000000100020ac                pk_format_pico_flash
 .text.pk_rbyt_serial_eeprom
                0x0000000010002128       0x1c CMakeFiles/psion_recreate_ctusb.dir/svc_pak_serial_eeprom.c.obj
                0x0000000010002128                pk_rbyt_serial_eeprom
 .text.pk_save_serial_eeprom
                0x0000000010002144       0x18 CMakeFiles/psion_recreate_ctusb.dir/svc_pak_serial_eeprom.c.obj
                0x0000000010002144                pk_save_serial_eeprom
 .text.pk_format_serial_eeprom
                0x000000001000215c       0x28 CMakeFiles/psion_recreate_ctusb.dir/svc_pak_serial_eeprom.c.obj
                0x000000001000215c                pk_format_serial_eeprom
 .text.Set_Page_Address
                0x0000000010002184       0x24 CMakeFiles/psion_recreate_ctusb.dir/display.c.obj
                0x0000000010002184                Set_Page_Address
 .text.Set_Column_Address
                0x00000000100021a8       0x28 CMakeFiles/psion_recreate_ctusb.dir/display.c.obj
                0x00000000100021a8                Set_Column_Address
 .text.initialise_oled
                0x00000000100021d0      0x1d0 CMakeFiles/psion_recreate_ctusb.dir/display.c.obj
                0x00000000100021d0                initialise_oled
 .text.clear_oled
                0x00000000100023a0       0x74 CMakeFiles/psion_recreate_ctusb.dir/display.c.obj
                0x00000000100023a0                clear_oled
 .text.pixels_clear
                0x0000000010002414       0x88 CMakeFiles/psion_recreate_ctusb.dir/display.c.obj
                0x0000000010002414                pixels_clear
 .text.plot_point
                0x000000001000249c       0xf4 CMakeFiles/psion_recreate_ctusb.dir/display.c.obj
                0x000000001000249c                plot_point
 .text.cursor_task
                0x0000000010002590      0x1c8 CMakeFiles/psion_recreate_ctusb.dir/cursor.c.obj
                0x0000000010002590                cursor_task
 .text.handle_cursor_key
                0x0000000010002758       0x98 CMakeFiles/psion_recreate_ctusb.dir/cursor.c.obj
                0x0000000010002758                handle_cursor_key
 .text.i2c_set_delay_value
                0x00000000100027f0        0xc CMakeFiles/psion_recreate_ctusb.dir/i2c.c.obj
                0x00000000100027f0                i2c_set_delay_value
 .text.i2c_start
                0x00000000100027fc       0x60 CMakeFiles/psion_recreate_ctusb.dir/i2c.c.obj
                0x00000000100027fc                i2c_start
 .text.i2c_stop
                0x000000001000285c       0x78 CMakeFiles/psion_recreate_ctusb.dir/i2c.c.obj
                0x000000001000285c                i2c_stop
 .text.i2c_send_byte
                0x00000000100028d4       0xd8 CMakeFiles/psion_recreate_ctusb.dir/i2c.c.obj
                0x00000000100028d4                i2c_send_byte
 .text.i2c_recv_byte
                0x00000000100029ac       0xe4 CMakeFiles/psion_recreate_ctusb.dir/i2c.c.obj
                0x00000000100029ac                i2c_recv_byte
 .text.i2c_read_bytes
                0x0000000010002a90      0x170 CMakeFiles/psion_recreate_ctusb.dir/i2c.c.obj
                0x0000000010002a90                i2c_read_bytes
 .text.i2c_send_bytes
                0x0000000010002c00       0xd0 CMakeFiles/psion_recreate_ctusb.dir/i2c.c.obj
                0x0000000010002c00                i2c_send_bytes
 .text.init_menu_top
                0x0000000010002cd0        0x4 CMakeFiles/psion_recreate_ctusb.dir/menu.c.obj
                0x0000000010002cd0                init_menu_top
 .text.menu_back
                0x0000000010002cd4       0x18 CMakeFiles/psion_recreate_ctusb.dir/menu.c.obj
                0x0000000010002cd4                menu_back
 .text.menu_goto_eeprom
                0x0000000010002cec       0x1c CMakeFiles/psion_recreate_ctusb.dir/menu.c.obj
                0x0000000010002cec                menu_goto_eeprom
 .text.menu_goto_format
                0x0000000010002d08       0x1c CMakeFiles/psion_recreate_ctusb.dir/menu.c.obj
                0x0000000010002d08                menu_goto_format
 .text.menu_goto_test_os
                0x0000000010002d24       0x1c CMakeFiles/psion_recreate_ctusb.dir/menu.c.obj
                0x0000000010002d24                menu_goto_test_os
 .text.menu_goto_buzzer
                0x0000000010002d40       0x1c CMakeFiles/psion_recreate_ctusb.dir/menu.c.obj
                0x0000000010002d40                menu_goto_buzzer
 .text.menu_goto_mems
                0x0000000010002d5c       0x1c CMakeFiles/psion_recreate_ctusb.dir/menu.c.obj
                0x0000000010002d5c                menu_goto_mems
 .text.menu_goto_rtc
                0x0000000010002d78       0x1c CMakeFiles/psion_recreate_ctusb.dir/menu.c.obj
                0x0000000010002d78                menu_goto_rtc
 .text.menu_rtc_varset
                0x0000000010002d94        0xc CMakeFiles/psion_recreate_ctusb.dir/menu.c.obj
                0x0000000010002d94                menu_rtc_varset
 .text.menu_rtc_regset
                0x0000000010002da0        0xc CMakeFiles/psion_recreate_ctusb.dir/menu.c.obj
                0x0000000010002da0                menu_rtc_regset
 .text.menu_epos_test
                0x0000000010002dac       0x44 CMakeFiles/psion_recreate_ctusb.dir/menu.c.obj
                0x0000000010002dac                menu_epos_test
 .text.menu_flowtext_test
                0x0000000010002df0       0x3c CMakeFiles/psion_recreate_ctusb.dir/menu.c.obj
                0x0000000010002df0                menu_flowtext_test
 .text.menu_eeprom_extract_mems
                0x0000000010002e2c       0x28 CMakeFiles/psion_recreate_ctusb.dir/menu.c.obj
                0x0000000010002e2c                menu_eeprom_extract_mems
 .text.menu_fmat
                0x0000000010002e54       0x38 CMakeFiles/psion_recreate_ctusb.dir/menu.c.obj
                0x0000000010002e54                menu_fmat
 .text.menu_dp_view
                0x0000000010002e8c       0x44 CMakeFiles/psion_recreate_ctusb.dir/menu.c.obj
                0x0000000010002e8c                menu_dp_view
 .text.menu_fl_find
                0x0000000010002ed0      0x184 CMakeFiles/psion_recreate_ctusb.dir/menu.c.obj
                0x0000000010002ed0                menu_fl_find
 .text.menu_buz1
                0x0000000010003054       0x38 CMakeFiles/psion_recreate_ctusb.dir/menu.c.obj
                0x0000000010003054                menu_buz1
 .text.menu_eeprom_load_mems
                0x000000001000308c        0x4 CMakeFiles/psion_recreate_ctusb.dir/menu.c.obj
                0x000000001000308c                menu_eeprom_load_mems
 .text.init_menu_format
                0x0000000010003090        0x4 CMakeFiles/psion_recreate_ctusb.dir/menu.c.obj
                0x0000000010003090                init_menu_format
 .text.init_menu_eeprom
                0x0000000010003094        0x4 CMakeFiles/psion_recreate_ctusb.dir/menu.c.obj
                0x0000000010003094                init_menu_eeprom
 .text.init_menu_test_os
                0x0000000010003098        0x4 CMakeFiles/psion_recreate_ctusb.dir/menu.c.obj
                0x0000000010003098                init_menu_test_os
 .text.init_menu_buzzer
                0x000000001000309c        0x4 CMakeFiles/psion_recreate_ctusb.dir/menu.c.obj
                0x000000001000309c                init_menu_buzzer
 .text.init_menu_rtc
                0x00000000100030a0        0x4 CMakeFiles/psion_recreate_ctusb.dir/menu.c.obj
                0x00000000100030a0                init_menu_rtc
 .text.init_menu_mems
                0x00000000100030a4        0x4 CMakeFiles/psion_recreate_ctusb.dir/menu.c.obj
                0x00000000100030a4                init_menu_mems
 .text.menu_null
                0x00000000100030a8        0x4 CMakeFiles/psion_recreate_ctusb.dir/menu.c.obj
                0x00000000100030a8                menu_null
 .text.menu_eeprom_save_mems
                0x00000000100030ac        0x4 CMakeFiles/psion_recreate_ctusb.dir/menu.c.obj
                0x00000000100030ac                menu_eeprom_save_mems
 .text.menu_cursor_test
                0x00000000100030b0       0x64 CMakeFiles/psion_recreate_ctusb.dir/menu.c.obj
                0x00000000100030b0                menu_cursor_test
 .text.menu_scan_test
                0x0000000010003114       0x70 CMakeFiles/psion_recreate_ctusb.dir/menu.c.obj
                0x0000000010003114                menu_scan_test
 .text.menu_instant_off
                0x0000000010003184       0x34 CMakeFiles/psion_recreate_ctusb.dir/menu.c.obj
                0x0000000010003184                menu_instant_off
 .text.menu_fl_save
                0x00000000100031b8       0x94 CMakeFiles/psion_recreate_ctusb.dir/menu.c.obj
                0x00000000100031b8                menu_fl_save
 .text.menu_oled_test
                0x000000001000324c      0x284 CMakeFiles/psion_recreate_ctusb.dir/menu.c.obj
                0x000000001000324c                menu_oled_test
 .text.menu_bubble
                0x00000000100034d0      0x378 CMakeFiles/psion_recreate_ctusb.dir/menu.c.obj
                0x00000000100034d0                menu_bubble
 .text.menu_eeprom_invalidate
                0x0000000010003848       0x3c CMakeFiles/psion_recreate_ctusb.dir/menu.c.obj
                0x0000000010003848                menu_eeprom_invalidate
 .text.menu_loop_tasks
                0x0000000010003884       0x18 CMakeFiles/psion_recreate_ctusb.dir/menu.c.obj
                0x0000000010003884                menu_loop_tasks
 .text.menu_process
                0x000000001000389c       0xb8 CMakeFiles/psion_recreate_ctusb.dir/menu.c.obj
                0x000000001000389c                menu_process
 .text.display_record
                0x0000000010003954       0x7c CMakeFiles/psion_recreate_ctusb.dir/menu.c.obj
                0x0000000010003954                display_record
 .text.menu_all
                0x00000000100039d0       0x2c CMakeFiles/psion_recreate_ctusb.dir/menu.c.obj
                0x00000000100039d0                menu_all
 .text.menu_enter
                0x00000000100039fc       0x24 CMakeFiles/psion_recreate_ctusb.dir/menu.c.obj
                0x00000000100039fc                menu_enter
 .text.menu_loop
                0x0000000010003a20        0x8 CMakeFiles/psion_recreate_ctusb.dir/menu.c.obj
                0x0000000010003a20                menu_loop
 .text.cli_zero_parameter
                0x0000000010003a28        0xc CMakeFiles/psion_recreate_ctusb.dir/serial.c.obj
                0x0000000010003a28                cli_zero_parameter
 .text.cli_dump_language_stack
                0x0000000010003a34        0x4 CMakeFiles/psion_recreate_ctusb.dir/serial.c.obj
                0x0000000010003a34                cli_dump_language_stack
 .text.cli_digit
                0x0000000010003a38       0x24 CMakeFiles/psion_recreate_ctusb.dir/serial.c.obj
                0x0000000010003a38                cli_digit
 .text.ic_exit  0x0000000010003a5c        0xc CMakeFiles/psion_recreate_ctusb.dir/serial.c.obj
                0x0000000010003a5c                ic_exit
 .text.cli_boot_mass
                0x0000000010003a68        0xc CMakeFiles/psion_recreate_ctusb.dir/serial.c.obj
                0x0000000010003a68                cli_boot_mass
 .text.ic_boot_mass
                0x0000000010003a74        0xc CMakeFiles/psion_recreate_ctusb.dir/serial.c.obj
                0x0000000010003a74                ic_boot_mass
 .text.cli_trace_dump_from
                0x0000000010003a80        0xc CMakeFiles/psion_recreate_ctusb.dir/serial.c.obj
                0x0000000010003a80                cli_trace_dump_from
 .text.ic_test  0x0000000010003a8c       0x10 CMakeFiles/psion_recreate_ctusb.dir/serial.c.obj
                0x0000000010003a8c                ic_test
 .text.ic_help  0x0000000010003a9c       0x30 CMakeFiles/psion_recreate_ctusb.dir/serial.c.obj
                0x0000000010003a9c                ic_help
 .text.serial_help
                0x0000000010003acc       0x44 CMakeFiles/psion_recreate_ctusb.dir/serial.c.obj
                0x0000000010003acc                serial_help
 .text.cli_dump_eeprom
                0x0000000010003b10       0xbc CMakeFiles/psion_recreate_ctusb.dir/serial.c.obj
                0x0000000010003b10                cli_dump_eeprom
 .text.cli_dump_memory
                0x0000000010003bcc       0xc4 CMakeFiles/psion_recreate_ctusb.dir/serial.c.obj
                0x0000000010003bcc                cli_dump_memory
 .text.ic_dump  0x0000000010003c90       0x18 CMakeFiles/psion_recreate_ctusb.dir/serial.c.obj
                0x0000000010003c90                ic_dump
 .text.cli_write_eeprom
                0x0000000010003ca8       0x30 CMakeFiles/psion_recreate_ctusb.dir/serial.c.obj
                0x0000000010003ca8                cli_write_eeprom
 .text.cli_format
                0x0000000010003cd8       0x1c CMakeFiles/psion_recreate_ctusb.dir/serial.c.obj
                0x0000000010003cd8                cli_format
 .text.ic_format
                0x0000000010003cf4       0x1c CMakeFiles/psion_recreate_ctusb.dir/serial.c.obj
                0x0000000010003cf4                ic_format
 .text.cli_catalog
                0x0000000010003d10       0x9c CMakeFiles/psion_recreate_ctusb.dir/serial.c.obj
                0x0000000010003d10                cli_catalog
 .text.ic_catalog
                0x0000000010003dac        0x8 CMakeFiles/psion_recreate_ctusb.dir/serial.c.obj
                0x0000000010003dac                ic_catalog
 .text.cli_terminal
                0x0000000010003db4       0xb0 CMakeFiles/psion_recreate_ctusb.dir/serial.c.obj
                0x0000000010003db4                cli_terminal
 .text.cli_graphics_terminal
                0x0000000010003e64       0xbc CMakeFiles/psion_recreate_ctusb.dir/serial.c.obj
                0x0000000010003e64                cli_graphics_terminal
 .text.ic_createmain
                0x0000000010003f20       0x10 CMakeFiles/psion_recreate_ctusb.dir/serial.c.obj
                0x0000000010003f20                ic_createmain
 .text.cli_query
                0x0000000010003f30       0x2c CMakeFiles/psion_recreate_ctusb.dir/serial.c.obj
                0x0000000010003f30                cli_query
 .text.cli_information
                0x0000000010003f5c       0xa4 CMakeFiles/psion_recreate_ctusb.dir/serial.c.obj
                0x0000000010003f5c                cli_information
 .text.cli_hid_key
                0x0000000010004000        0xc CMakeFiles/psion_recreate_ctusb.dir/serial.c.obj
                0x0000000010004000                cli_hid_key
 .text.cli_itf  0x000000001000400c       0x14 CMakeFiles/psion_recreate_ctusb.dir/serial.c.obj
                0x000000001000400c                cli_itf
 .text.ic_createfile
                0x0000000010004020       0x18 CMakeFiles/psion_recreate_ctusb.dir/serial.c.obj
                0x0000000010004020                ic_createfile
 .text.ic_rect  0x0000000010004038       0x18 CMakeFiles/psion_recreate_ctusb.dir/serial.c.obj
                0x0000000010004038                ic_rect
 .text.ic_erase
                0x0000000010004050       0x1c CMakeFiles/psion_recreate_ctusb.dir/serial.c.obj
                0x0000000010004050                ic_erase
 .text.ic_write
                0x000000001000406c       0x3c CMakeFiles/psion_recreate_ctusb.dir/serial.c.obj
                0x000000001000406c                ic_write
 .text.ic_read  0x00000000100040a8       0x38 CMakeFiles/psion_recreate_ctusb.dir/serial.c.obj
                0x00000000100040a8                ic_read
 .text.ic_next  0x00000000100040e0        0x8 CMakeFiles/psion_recreate_ctusb.dir/serial.c.obj
                0x00000000100040e0                ic_next
 .text.ic_find  0x00000000100040e8       0x48 CMakeFiles/psion_recreate_ctusb.dir/serial.c.obj
                0x00000000100040e8                ic_find
 .text.ic_device
                0x0000000010004130       0x2c CMakeFiles/psion_recreate_ctusb.dir/serial.c.obj
                0x0000000010004130                ic_device
 .text.ic_recno
                0x000000001000415c       0x14 CMakeFiles/psion_recreate_ctusb.dir/serial.c.obj
                0x000000001000415c                ic_recno
 .text.ic_back  0x0000000010004170        0x8 CMakeFiles/psion_recreate_ctusb.dir/serial.c.obj
                0x0000000010004170                ic_back
 .text.ic_flfrec
                0x0000000010004178       0x8c CMakeFiles/psion_recreate_ctusb.dir/serial.c.obj
                0x0000000010004178                ic_flfrec
 .text.cli_trace_dump_to
                0x0000000010004204        0xc CMakeFiles/psion_recreate_ctusb.dir/serial.c.obj
                0x0000000010004204                cli_trace_dump_to
 .text.cli_interactive
                0x0000000010004210       0xf0 CMakeFiles/psion_recreate_ctusb.dir/serial.c.obj
                0x0000000010004210                cli_interactive
 .text.cli_create
                0x0000000010004300       0x70 CMakeFiles/psion_recreate_ctusb.dir/serial.c.obj
                0x0000000010004300                cli_create
 .text.serial_loop
                0x0000000010004370      0x1f4 CMakeFiles/psion_recreate_ctusb.dir/serial.c.obj
                0x0000000010004370                serial_loop
 .text.serial_display_xy
                0x0000000010004564       0x48 CMakeFiles/psion_recreate_ctusb.dir/serial.c.obj
                0x0000000010004564                serial_display_xy
 .text.serial_plot_point_byte
                0x00000000100045ac       0x50 CMakeFiles/psion_recreate_ctusb.dir/serial.c.obj
                0x00000000100045ac                serial_plot_point_byte
 .text.read_eeprom
                0x00000000100045fc       0x44 CMakeFiles/psion_recreate_ctusb.dir/eeprom.c.obj
                0x00000000100045fc                read_eeprom
 .text.write_eeprom
                0x0000000010004640       0x54 CMakeFiles/psion_recreate_ctusb.dir/eeprom.c.obj
                0x0000000010004640                write_eeprom
 .text.do_panel
                0x0000000010004694       0xc0 CMakeFiles/psion_recreate_ctusb.dir/panel.c.obj
                0x0000000010004694                do_panel
 .text.tud_msc_inquiry_cb
                0x0000000010004754       0x58 CMakeFiles/psion_recreate_ctusb.dir/msc_disk.c.obj
                0x0000000010004754                tud_msc_inquiry_cb
 .text.tud_msc_test_unit_ready_cb
                0x00000000100047ac       0x24 CMakeFiles/psion_recreate_ctusb.dir/msc_disk.c.obj
                0x00000000100047ac                tud_msc_test_unit_ready_cb
 .text.tud_msc_capacity_cb
                0x00000000100047d0        0xc CMakeFiles/psion_recreate_ctusb.dir/msc_disk.c.obj
                0x00000000100047d0                tud_msc_capacity_cb
 .text.tud_msc_start_stop_cb
                0x00000000100047dc       0x18 CMakeFiles/psion_recreate_ctusb.dir/msc_disk.c.obj
                0x00000000100047dc                tud_msc_start_stop_cb
 .text.tud_msc_read10_cb
                0x00000000100047f4       0x24 CMakeFiles/psion_recreate_ctusb.dir/msc_disk.c.obj
                0x00000000100047f4                tud_msc_read10_cb
 .text.tud_msc_is_writable_cb
                0x0000000010004818        0x4 CMakeFiles/psion_recreate_ctusb.dir/msc_disk.c.obj
                0x0000000010004818                tud_msc_is_writable_cb
 .text.tud_msc_write10_cb
                0x000000001000481c       0x28 CMakeFiles/psion_recreate_ctusb.dir/msc_disk.c.obj
                0x000000001000481c                tud_msc_write10_cb
 .text.tud_msc_scsi_cb
                0x0000000010004844       0x14 CMakeFiles/psion_recreate_ctusb.dir/msc_disk.c.obj
                0x0000000010004844                tud_msc_scsi_cb
 .text.gpio_set_pulls
                0x0000000010004858       0x34 CMakeFiles/psion_recreate_ctusb.dir/home/menadue/pico/pico-sdk/src/rp2_common/hardware_gpio/gpio.c.obj
                0x0000000010004858                gpio_set_pulls
 .text.gpio_init
                0x000000001000488c       0x40 CMakeFiles/psion_recreate_ctusb.dir/home/menadue/pico/pico-sdk/src/rp2_common/hardware_gpio/gpio.c.obj
                0x000000001000488c                gpio_init
 .text.rp2040_chip_version
                0x00000000100048cc        0xc CMakeFiles/psion_recreate_ctusb.dir/home/menadue/pico/pico-sdk/src/rp2040/pico_platform/platform.c.obj
                0x00000000100048cc                rp2040_chip_version
 .text.panic    0x00000000100048d8       0x30 CMakeFiles/psion_recreate_ctusb.dir/home/menadue/pico/pico-sdk/src/rp2_common/pico_platform_panic/panic.c.obj
                0x00000000100048d8                panic
 .text.hw_claim_or_assert
                0x0000000010004908       0x44 CMakeFiles/psion_recreate_ctusb.dir/home/menadue/pico/pico-sdk/src/common/hardware_claim/claim.c.obj
                0x0000000010004908                hw_claim_or_assert
 .text.hw_claim_unused_from_range
                0x000000001000494c       0x9c CMakeFiles/psion_recreate_ctusb.dir/home/menadue/pico/pico-sdk/src/common/hardware_claim/claim.c.obj
                0x000000001000494c                hw_claim_unused_from_range
 .text.next_striped_spin_lock_num
                0x00000000100049e8       0x18 CMakeFiles/psion_recreate_ctusb.dir/home/menadue/pico/pico-sdk/src/rp2_common/hardware_sync/sync.c.obj
                0x00000000100049e8                next_striped_spin_lock_num
 .text.spin_lock_claim_unused
                0x0000000010004a00       0x20 CMakeFiles/psion_recreate_ctusb.dir/home/menadue/pico/pico-sdk/src/rp2_common/hardware_sync/sync.c.obj
                0x0000000010004a00                spin_lock_claim_unused
 .text.spin_locks_reset
                0x0000000010004a20       0x1c CMakeFiles/psion_recreate_ctusb.dir/home/menadue/pico/pico-sdk/src/rp2_common/hardware_sync_spin_lock/sync_spin_lock.c.obj
                0x0000000010004a20                spin_locks_reset
 .text.runtime_init_per_core_irq_priorities
                0x0000000010004a3c       0x24 CMakeFiles/psion_recreate_ctusb.dir/home/menadue/pico/pico-sdk/src/rp2_common/hardware_irq/irq.c.obj
                0x0000000010004a3c                runtime_init_per_core_irq_priorities
 .text.irq_set_enabled
                0x0000000010004a60       0x24 CMakeFiles/psion_recreate_ctusb.dir/home/menadue/pico/pico-sdk/src/rp2_common/hardware_irq/irq.c.obj
                0x0000000010004a60                irq_set_enabled
 .text.irq_is_enabled
                0x0000000010004a84       0x18 CMakeFiles/psion_recreate_ctusb.dir/home/menadue/pico/pico-sdk/src/rp2_common/hardware_irq/irq.c.obj
                0x0000000010004a84                irq_is_enabled
 .text.irq_set_exclusive_handler
                0x0000000010004a9c       0x54 CMakeFiles/psion_recreate_ctusb.dir/home/menadue/pico/pico-sdk/src/rp2_common/hardware_irq/irq.c.obj
                0x0000000010004a9c                irq_set_exclusive_handler
 .text.irq_add_shared_handler
                0x0000000010004af0      0x1e8 CMakeFiles/psion_recreate_ctusb.dir/home/menadue/pico/pico-sdk/src/rp2_common/hardware_irq/irq.c.obj
                0x0000000010004af0                irq_add_shared_handler
 .text.irq_add_tail_to_free_list
                0x0000000010004cd8       0xb4 CMakeFiles/psion_recreate_ctusb.dir/home/menadue/pico/pico-sdk/src/rp2_common/hardware_irq/irq.c.obj
                0x0000000010004cd8                irq_add_tail_to_free_list
 .text.lock_init
                0x0000000010004d8c       0x10 CMakeFiles/psion_recreate_ctusb.dir/home/menadue/pico/pico-sdk/src/common/pico_sync/lock_core.c.obj
                0x0000000010004d8c                lock_init
 .text.runtime_init_mutex
                0x0000000010004d9c       0x58 CMakeFiles/psion_recreate_ctusb.dir/home/menadue/pico/pico-sdk/src/common/pico_sync/mutex.c.obj
                0x0000000010004d9c                runtime_init_mutex
 .text.mutex_init
                0x0000000010004df4       0x1c CMakeFiles/psion_recreate_ctusb.dir/home/menadue/pico/pico-sdk/src/common/pico_sync/mutex.c.obj
                0x0000000010004df4                mutex_init
 .text.critical_section_init
                0x0000000010004e10       0x20 CMakeFiles/psion_recreate_ctusb.dir/home/menadue/pico/pico-sdk/src/common/pico_sync/critical_section.c.obj
                0x0000000010004e10                critical_section_init
 .text.sleep_until_callback
                0x0000000010004e30       0x30 CMakeFiles/psion_recreate_ctusb.dir/home/menadue/pico/pico-sdk/src/common/pico_time/time.c.obj
 .text.alarm_pool_irq_handler
                0x0000000010004e60      0x2e4 CMakeFiles/psion_recreate_ctusb.dir/home/menadue/pico/pico-sdk/src/common/pico_time/time.c.obj
 .text.runtime_init_default_alarm_pool
                0x0000000010005144       0xdc CMakeFiles/psion_recreate_ctusb.dir/home/menadue/pico/pico-sdk/src/common/pico_time/time.c.obj
                0x0000000010005144                runtime_init_default_alarm_pool
 .text.alarm_pool_get_default
                0x0000000010005220        0x8 CMakeFiles/psion_recreate_ctusb.dir/home/menadue/pico/pico-sdk/src/common/pico_time/time.c.obj
                0x0000000010005220                alarm_pool_get_default
 .text.alarm_pool_add_alarm_at_force_in_context
                0x0000000010005228       0xb0 CMakeFiles/psion_recreate_ctusb.dir/home/menadue/pico/pico-sdk/src/common/pico_time/time.c.obj
                0x0000000010005228                alarm_pool_add_alarm_at_force_in_context
 .text.alarm_pool_cancel_alarm
                0x00000000100052d8       0x7c CMakeFiles/psion_recreate_ctusb.dir/home/menadue/pico/pico-sdk/src/common/pico_time/time.c.obj
                0x00000000100052d8                alarm_pool_cancel_alarm
 .text.alarm_pool_core_num
                0x0000000010005354        0x4 CMakeFiles/psion_recreate_ctusb.dir/home/menadue/pico/pico-sdk/src/common/pico_time/time.c.obj
                0x0000000010005354                alarm_pool_core_num
 .text.sleep_until
                0x0000000010005358       0xd0 CMakeFiles/psion_recreate_ctusb.dir/home/menadue/pico/pico-sdk/src/common/pico_time/time.c.obj
                0x0000000010005358                sleep_until
 .text.sleep_ms
                0x0000000010005428       0x34 CMakeFiles/psion_recreate_ctusb.dir/home/menadue/pico/pico-sdk/src/common/pico_time/time.c.obj
                0x0000000010005428                sleep_ms
 .text.best_effort_wfe_or_timeout
                0x000000001000545c      0x11c CMakeFiles/psion_recreate_ctusb.dir/home/menadue/pico/pico-sdk/src/common/pico_time/time.c.obj
                0x000000001000545c                best_effort_wfe_or_timeout
 .text.timer_hardware_alarm_claim
                0x0000000010005578       0x14 CMakeFiles/psion_recreate_ctusb.dir/home/menadue/pico/pico-sdk/src/rp2_common/hardware_timer/timer.c.obj
                0x0000000010005578                timer_hardware_alarm_claim
 .text.timer_time_us_64
                0x000000001000558c       0x10 CMakeFiles/psion_recreate_ctusb.dir/home/menadue/pico/pico-sdk/src/rp2_common/hardware_timer/timer.c.obj
                0x000000001000558c                timer_time_us_64
 .text.time_us_64
                0x000000001000559c       0x14 CMakeFiles/psion_recreate_ctusb.dir/home/menadue/pico/pico-sdk/src/rp2_common/hardware_timer/timer.c.obj
                0x000000001000559c                time_us_64
 .text.busy_wait_us
                0x00000000100055b0       0x54 CMakeFiles/psion_recreate_ctusb.dir/home/menadue/pico/pico-sdk/src/rp2_common/hardware_timer/timer.c.obj
                0x00000000100055b0                busy_wait_us
 .text.busy_wait_until
                0x0000000010005604       0x20 CMakeFiles/psion_recreate_ctusb.dir/home/menadue/pico/pico-sdk/src/rp2_common/hardware_timer/timer.c.obj
                0x0000000010005604                busy_wait_until
 .text.clock_configure_int_divider
                0x0000000010005624       0xf4 CMakeFiles/psion_recreate_ctusb.dir/home/menadue/pico/pico-sdk/src/rp2_common/hardware_clocks/clocks.c.obj
                0x0000000010005624                clock_configure_int_divider
 .text.clock_configure_undivided
                0x0000000010005718       0xe8 CMakeFiles/psion_recreate_ctusb.dir/home/menadue/pico/pico-sdk/src/rp2_common/hardware_clocks/clocks.c.obj
                0x0000000010005718                clock_configure_undivided
 .text.clock_get_hz
                0x0000000010005800        0xc CMakeFiles/psion_recreate_ctusb.dir/home/menadue/pico/pico-sdk/src/rp2_common/hardware_clocks/clocks.c.obj
                0x0000000010005800                clock_get_hz
 .text.pll_init
                0x000000001000580c       0xa0 CMakeFiles/psion_recreate_ctusb.dir/home/menadue/pico/pico-sdk/src/rp2_common/hardware_pll/pll.c.obj
                0x000000001000580c                pll_init
 .text.tick_start
                0x00000000100058ac       0x10 CMakeFiles/psion_recreate_ctusb.dir/home/menadue/pico/pico-sdk/src/rp2_common/hardware_ticks/ticks.c.obj
                0x00000000100058ac                tick_start
 .text.xosc_init
                0x00000000100058bc       0x28 CMakeFiles/psion_recreate_ctusb.dir/home/menadue/pico/pico-sdk/src/rp2_common/hardware_xosc/xosc.c.obj
                0x00000000100058bc                xosc_init
 .text.first_per_core_initializer
                0x00000000100058e4        0x4 CMakeFiles/psion_recreate_ctusb.dir/home/menadue/pico/pico-sdk/src/rp2_common/pico_runtime/runtime.c.obj
 .text.hard_assertion_failure
                0x00000000100058e8        0xc CMakeFiles/psion_recreate_ctusb.dir/home/menadue/pico/pico-sdk/src/rp2_common/pico_runtime/runtime.c.obj
                0x00000000100058e8                hard_assertion_failure
 .text.runtime_run_initializers
                0x00000000100058f4       0x28 CMakeFiles/psion_recreate_ctusb.dir/home/menadue/pico/pico-sdk/src/rp2_common/pico_runtime/runtime.c.obj
                0x00000000100058f4                runtime_run_initializers
 .text.runtime_run_per_core_initializers
                0x000000001000591c       0x28 CMakeFiles/psion_recreate_ctusb.dir/home/menadue/pico/pico-sdk/src/rp2_common/pico_runtime/runtime.c.obj
                0x000000001000591c                runtime_run_per_core_initializers
 .text.runtime_init_early_resets
                0x0000000010005944       0x2c CMakeFiles/psion_recreate_ctusb.dir/home/menadue/pico/pico-sdk/src/rp2_common/pico_runtime_init/runtime_init.c.obj
                0x0000000010005944                runtime_init_early_resets
 .text.runtime_init_usb_power_down
                0x0000000010005970       0x1c CMakeFiles/psion_recreate_ctusb.dir/home/menadue/pico/pico-sdk/src/rp2_common/pico_runtime_init/runtime_init.c.obj
                0x0000000010005970                runtime_init_usb_power_down
 .text.runtime_init_post_clock_resets
                0x000000001000598c       0x20 CMakeFiles/psion_recreate_ctusb.dir/home/menadue/pico/pico-sdk/src/rp2_common/pico_runtime_init/runtime_init.c.obj
                0x000000001000598c                runtime_init_post_clock_resets
 .text.runtime_init_rp2040_gpio_ie_disable
                0x00000000100059ac       0x14 CMakeFiles/psion_recreate_ctusb.dir/home/menadue/pico/pico-sdk/src/rp2_common/pico_runtime_init/runtime_init.c.obj
                0x00000000100059ac                runtime_init_rp2040_gpio_ie_disable
 .text.runtime_init_spin_locks_reset
                0x00000000100059c0        0x8 CMakeFiles/psion_recreate_ctusb.dir/home/menadue/pico/pico-sdk/src/rp2_common/pico_runtime_init/runtime_init.c.obj
                0x00000000100059c0                runtime_init_spin_locks_reset
 .text.runtime_init_install_ram_vector_table
                0x00000000100059c8       0x1c CMakeFiles/psion_recreate_ctusb.dir/home/menadue/pico/pico-sdk/src/rp2_common/pico_runtime_init/runtime_init.c.obj
                0x00000000100059c8                runtime_init_install_ram_vector_table
 .text.runtime_init_clocks
                0x00000000100059e4       0xd8 CMakeFiles/psion_recreate_ctusb.dir/home/menadue/pico/pico-sdk/src/rp2_common/pico_runtime_init/runtime_init_clocks.c.obj
                0x00000000100059e4                runtime_init_clocks
 .text          0x0000000010005abc       0x10 CMakeFiles/psion_recreate_ctusb.dir/home/menadue/pico/pico-sdk/src/rp2_common/pico_bit_ops/bit_ops_aeabi.S.obj
 .text.rom_func_lookup
                0x0000000010005acc       0x10 CMakeFiles/psion_recreate_ctusb.dir/home/menadue/pico/pico-sdk/src/rp2_common/pico_bootrom/bootrom.c.obj
                0x0000000010005acc                rom_func_lookup
 .text.rom_data_lookup
                0x0000000010005adc       0x10 CMakeFiles/psion_recreate_ctusb.dir/home/menadue/pico/pico-sdk/src/rp2_common/pico_bootrom/bootrom.c.obj
                0x0000000010005adc                rom_data_lookup
 .text.rom_funcs_lookup
                0x0000000010005aec       0x44 CMakeFiles/psion_recreate_ctusb.dir/home/menadue/pico/pico-sdk/src/rp2_common/pico_bootrom/bootrom.c.obj
                0x0000000010005aec                rom_funcs_lookup
 .text.rom_reset_usb_boot
                0x0000000010005b30       0x20 CMakeFiles/psion_recreate_ctusb.dir/home/menadue/pico/pico-sdk/src/rp2_common/pico_bootrom/bootrom.c.obj
                0x0000000010005b30                rom_reset_usb_boot
 .text.__wrap___aeabi_idiv
                0x0000000010005b50       0x50 CMakeFiles/psion_recreate_ctusb.dir/home/menadue/pico/pico-sdk/src/rp2_common/pico_divider/divider_hardware.S.obj
                0x0000000010005b50                __wrap___aeabi_idivmod
                0x0000000010005b50                divmod_s32s32
                0x0000000010005b50                div_s32s32
                0x0000000010005b50                __wrap___aeabi_idiv
                0x0000000010005b58                divmod_s32s32_unsafe
                0x0000000010005b84                divmod_s32s32_savestate
 .text.__wrap___aeabi_uidiv
                0x0000000010005ba0       0x4c CMakeFiles/psion_recreate_ctusb.dir/home/menadue/pico/pico-sdk/src/rp2_common/pico_divider/divider_hardware.S.obj
                0x0000000010005ba0                __wrap___aeabi_uidiv
                0x0000000010005ba0                __wrap___aeabi_uidivmod
                0x0000000010005ba0                div_u32u32
                0x0000000010005ba0                divmod_u32u32
                0x0000000010005ba8                divmod_u32u32_unsafe
                0x0000000010005bd0                divmod_u32u32_savestate
 .text.__wrap___aeabi_ldiv
                0x0000000010005bec      0x424 CMakeFiles/psion_recreate_ctusb.dir/home/menadue/pico/pico-sdk/src/rp2_common/pico_divider/divider_hardware.S.obj
                0x0000000010005bec                div_s64s64
                0x0000000010005bec                divmod_s64s64
                0x0000000010005bec                __wrap___aeabi_ldivmod
                0x0000000010005c1c                div_u64u64
                0x0000000010005c1c                divmod_u64u64
                0x0000000010005c1c                __wrap___aeabi_uldivmod
                0x0000000010005c2c                divmod_u64u64_savestate
                0x0000000010005c4c                divmod_s64s64_unsafe
                0x0000000010005cd4                divmod_u64u64_unsafe
 .text.push_r8_r11
                0x0000000010006010        0xc CMakeFiles/psion_recreate_ctusb.dir/home/menadue/pico/pico-sdk/src/rp2_common/pico_double/double_aeabi_rp2040.S.obj
                0x0000000010006010                push_r8_r11
 .text.pop_r8_r11
                0x000000001000601c        0xc CMakeFiles/psion_recreate_ctusb.dir/home/menadue/pico/pico-sdk/src/rp2_common/pico_double/double_aeabi_rp2040.S.obj
                0x000000001000601c                pop_r8_r11
 .text.__wrap___aeabi_darithmetic
                0x0000000010006028       0x80 CMakeFiles/psion_recreate_ctusb.dir/home/menadue/pico/pico-sdk/src/rp2_common/pico_double/double_aeabi_rp2040.S.obj
                0x0000000010006028                __wrap___aeabi_drsub
                0x000000001000602e                __wrap___aeabi_dsub
                0x0000000010006040                __wrap___aeabi_dadd
                0x0000000010006052                __wrap___aeabi_ddiv
                0x000000001000608e                __wrap___aeabi_dmul
 .text.__wrap___aeabi_cdcmple
                0x00000000100060a8       0x6c CMakeFiles/psion_recreate_ctusb.dir/home/menadue/pico/pico-sdk/src/rp2_common/pico_double/double_aeabi_rp2040.S.obj
                0x00000000100060a8                __wrap___aeabi_cdrcmple
                0x00000000100060b8                __wrap___aeabi_cdcmple
                0x00000000100060b8                __wrap___aeabi_cdcmpeq
 .text.__wrap___aeabi_dcmpeq
                0x0000000010006114       0x10 CMakeFiles/psion_recreate_ctusb.dir/home/menadue/pico/pico-sdk/src/rp2_common/pico_double/double_aeabi_rp2040.S.obj
                0x0000000010006114                __wrap___aeabi_dcmpeq
 .text.__wrap___aeabi_dcmplt
                0x0000000010006124        0xc CMakeFiles/psion_recreate_ctusb.dir/home/menadue/pico/pico-sdk/src/rp2_common/pico_double/double_aeabi_rp2040.S.obj
                0x0000000010006124                __wrap___aeabi_dcmplt
 .text.__wrap___aeabi_dcmple
                0x0000000010006130       0x10 CMakeFiles/psion_recreate_ctusb.dir/home/menadue/pico/pico-sdk/src/rp2_common/pico_double/double_aeabi_rp2040.S.obj
                0x0000000010006130                __wrap___aeabi_dcmple
 .text.__wrap___aeabi_dcmpge
                0x0000000010006140       0x10 CMakeFiles/psion_recreate_ctusb.dir/home/menadue/pico/pico-sdk/src/rp2_common/pico_double/double_aeabi_rp2040.S.obj
                0x0000000010006140                __wrap___aeabi_dcmpge
 .text.__wrap___aeabi_dcmpgt
                0x0000000010006150        0xa CMakeFiles/psion_recreate_ctusb.dir/home/menadue/pico/pico-sdk/src/rp2_common/pico_double/double_aeabi_rp2040.S.obj
                0x0000000010006150                __wrap___aeabi_dcmpgt
 .text.__wrap___aeabi_dcmpun
                0x000000001000615a       0x18 CMakeFiles/psion_recreate_ctusb.dir/home/menadue/pico/pico-sdk/src/rp2_common/pico_double/double_aeabi_rp2040.S.obj
                0x000000001000615a                __wrap___aeabi_dcmpun
 *fill*         0x0000000010006172        0x2 
 .text.__wrap___aeabi_i2d
                0x0000000010006174       0x38 CMakeFiles/psion_recreate_ctusb.dir/home/menadue/pico/pico-sdk/src/rp2_common/pico_double/double_aeabi_rp2040.S.obj
                0x0000000010006174                __wrap___aeabi_ui2d
                0x000000001000617c                __wrap___aeabi_i2d
 .text.__wrap___aeabi_d2iz
                0x00000000100061ac       0x48 CMakeFiles/psion_recreate_ctusb.dir/home/menadue/pico/pico-sdk/src/rp2_common/pico_double/double_aeabi_rp2040.S.obj
                0x00000000100061ac                __wrap___aeabi_d2iz
                0x00000000100061ac                double2int_z
 .text.__wrap___aeabi_d2uiz
                0x00000000100061f4       0x18 CMakeFiles/psion_recreate_ctusb.dir/home/menadue/pico/pico-sdk/src/rp2_common/pico_double/double_aeabi_rp2040.S.obj
                0x00000000100061f4                double2uint
                0x00000000100061f4                __wrap___aeabi_d2uiz
 .text.fix642double
                0x000000001000620c       0x18 CMakeFiles/psion_recreate_ctusb.dir/home/menadue/pico/pico-sdk/src/rp2_common/pico_double/double_aeabi_rp2040.S.obj
                0x000000001000620c                fix642double
 .text.__wrap___aeabi_l2d
                0x0000000010006224       0x18 CMakeFiles/psion_recreate_ctusb.dir/home/menadue/pico/pico-sdk/src/rp2_common/pico_double/double_aeabi_rp2040.S.obj
                0x0000000010006224                __wrap___aeabi_l2d
 .text.__wrap___aeabi_d2lz
                0x000000001000623c       0x26 CMakeFiles/psion_recreate_ctusb.dir/home/menadue/pico/pico-sdk/src/rp2_common/pico_double/double_aeabi_rp2040.S.obj
                0x000000001000623c                __wrap___aeabi_d2lz
                0x000000001000623c                double2int64_z
 *fill*         0x0000000010006262        0x2 
 .text.double2int64
                0x0000000010006264       0x18 CMakeFiles/psion_recreate_ctusb.dir/home/menadue/pico/pico-sdk/src/rp2_common/pico_double/double_aeabi_rp2040.S.obj
                0x0000000010006264                double2int64
 .text.double2ufix64
                0x000000001000627c       0x18 CMakeFiles/psion_recreate_ctusb.dir/home/menadue/pico/pico-sdk/src/rp2_common/pico_double/double_aeabi_rp2040.S.obj
                0x000000001000627c                double2ufix64
 .text.__wrap___aeabi_d2f
                0x0000000010006294       0x18 CMakeFiles/psion_recreate_ctusb.dir/home/menadue/pico/pico-sdk/src/rp2_common/pico_double/double_aeabi_rp2040.S.obj
                0x0000000010006294                __wrap___aeabi_d2f
 .text.__wrap_sincostan_remainder
                0x00000000100062ac       0x14 CMakeFiles/psion_recreate_ctusb.dir/home/menadue/pico/pico-sdk/src/rp2_common/pico_double/double_aeabi_rp2040.S.obj
                0x00000000100062ac                sincostan_remainder
 .text.__wrap_cos
                0x00000000100062c0       0x2c CMakeFiles/psion_recreate_ctusb.dir/home/menadue/pico/pico-sdk/src/rp2_common/pico_double/double_aeabi_rp2040.S.obj
                0x00000000100062c0                __wrap_cos
 .text.__wrap_sin
                0x00000000100062ec       0x2c CMakeFiles/psion_recreate_ctusb.dir/home/menadue/pico/pico-sdk/src/rp2_common/pico_double/double_aeabi_rp2040.S.obj
                0x00000000100062ec                __wrap_sin
 .text.__aeabi_double_init
                0x0000000010006318       0xa0 CMakeFiles/psion_recreate_ctusb.dir/home/menadue/pico/pico-sdk/src/rp2_common/pico_double/double_init_rom_rp2040.c.obj
                0x0000000010006318                __aeabi_double_init
 .text.__wrap_remquo
                0x00000000100063b8      0x2a0 CMakeFiles/psion_recreate_ctusb.dir/home/menadue/pico/pico-sdk/src/rp2_common/pico_double/double_math.c.obj
                0x00000000100063b8                __wrap_remquo
 .text.__wrap_remainder
                0x0000000010006658       0x10 CMakeFiles/psion_recreate_ctusb.dir/home/menadue/pico/pico-sdk/src/rp2_common/pico_double/double_math.c.obj
                0x0000000010006658                __wrap_remainder
 .text.double_table_shim_on_use_helper
                0x0000000010006668       0x2c CMakeFiles/psion_recreate_ctusb.dir/home/menadue/pico/pico-sdk/src/rp2_common/pico_double/double_v1_rom_shim_rp2040.S.obj
                0x0000000010006668                double_table_shim_on_use_helper
 .text.__wrap___aeabi_dsub
                0x0000000010006694       0x10 CMakeFiles/psion_recreate_ctusb.dir/home/menadue/pico/pico-sdk/src/rp2_common/pico_double/double_v1_rom_shim_rp2040.S.obj
                0x0000000010006694                drsub_shim
                0x000000001000669a                dsub_shim
 .text.dadd_shim
                0x00000000100066a4      0x15c CMakeFiles/psion_recreate_ctusb.dir/home/menadue/pico/pico-sdk/src/rp2_common/pico_double/double_v1_rom_shim_rp2040.S.obj
                0x00000000100066a4                dadd_shim
 .text.dmul_shim
                0x0000000010006800      0x15c CMakeFiles/psion_recreate_ctusb.dir/home/menadue/pico/pico-sdk/src/rp2_common/pico_double/double_v1_rom_shim_rp2040.S.obj
                0x0000000010006800                dmul_shim
 .text.ddiv_shim
                0x000000001000695c      0x1b0 CMakeFiles/psion_recreate_ctusb.dir/home/menadue/pico/pico-sdk/src/rp2_common/pico_double/double_v1_rom_shim_rp2040.S.obj
                0x000000001000695c                ddiv_shim
 .text.dcordic_vec_step
                0x0000000010006b0c        0xe CMakeFiles/psion_recreate_ctusb.dir/home/menadue/pico/pico-sdk/src/rp2_common/pico_double/double_v1_rom_shim_rp2040.S.obj
                0x0000000010006b0c                dcordic_vec_step
 .text.dcordic_rot_step
                0x0000000010006b1a       0x76 CMakeFiles/psion_recreate_ctusb.dir/home/menadue/pico/pico-sdk/src/rp2_common/pico_double/double_v1_rom_shim_rp2040.S.obj
                0x0000000010006b1a                dcordic_rot_step
 .text.double2uint_shim
                0x0000000010006b90        0xe CMakeFiles/psion_recreate_ctusb.dir/home/menadue/pico/pico-sdk/src/rp2_common/pico_double/double_v1_rom_shim_rp2040.S.obj
                0x0000000010006b90                double2uint_shim
                0x0000000010006b92                double2ufix_shim
 .text.double2int64_shim
                0x0000000010006b9e       0x1a CMakeFiles/psion_recreate_ctusb.dir/home/menadue/pico/pico-sdk/src/rp2_common/pico_double/double_v1_rom_shim_rp2040.S.obj
                0x0000000010006b9e                double2int64_shim
                0x0000000010006ba0                double2fix64_shim
 .text.double2uint64_shim
                0x0000000010006bb8       0x70 CMakeFiles/psion_recreate_ctusb.dir/home/menadue/pico/pico-sdk/src/rp2_common/pico_double/double_v1_rom_shim_rp2040.S.obj
                0x0000000010006bb8                double2uint64_shim
                0x0000000010006bba                double2ufix64_shim
                0x0000000010006bda                d2fix_a
 .text.double2float_shim
                0x0000000010006c28       0x5c CMakeFiles/psion_recreate_ctusb.dir/home/menadue/pico/pico-sdk/src/rp2_common/pico_double/double_v1_rom_shim_rp2040.S.obj
                0x0000000010006c28                double2float_shim
 .text.x2double_shims
                0x0000000010006c84       0x90 CMakeFiles/psion_recreate_ctusb.dir/home/menadue/pico/pico-sdk/src/rp2_common/pico_double/double_v1_rom_shim_rp2040.S.obj
                0x0000000010006c84                uint2double_shim
                0x0000000010006c86                ufix2double_shim
                0x0000000010006c8c                int2double_shim
                0x0000000010006c8e                fix2double_shim
                0x0000000010006c94                uint642double_shim
                0x0000000010006c96                ufix642double_shim
                0x0000000010006c9c                int642double_shim
                0x0000000010006c9e                fix642double_shim
 .text.dunpacks
                0x0000000010006d14       0x3c CMakeFiles/psion_recreate_ctusb.dir/home/menadue/pico/pico-sdk/src/rp2_common/pico_double/double_v1_rom_shim_rp2040.S.obj
                0x0000000010006d14                dunpacks
 .text.dreduce  0x0000000010006d50       0x82 CMakeFiles/psion_recreate_ctusb.dir/home/menadue/pico/pico-sdk/src/rp2_common/pico_double/double_v1_rom_shim_rp2040.S.obj
                0x0000000010006d50                dreduce
 .text.dcos_shim
                0x0000000010006dd2       0x10 CMakeFiles/psion_recreate_ctusb.dir/home/menadue/pico/pico-sdk/src/rp2_common/pico_double/double_v1_rom_shim_rp2040.S.obj
                0x0000000010006dd2                dcos_shim
 .text.dsin_shim
                0x0000000010006de2       0x14 CMakeFiles/psion_recreate_ctusb.dir/home/menadue/pico/pico-sdk/src/rp2_common/pico_double/double_v1_rom_shim_rp2040.S.obj
                0x0000000010006de2                dsin_shim
 *fill*         0x0000000010006df6        0x2 
 .text.dtrig_guts
                0x0000000010006df8      0x2ec CMakeFiles/psion_recreate_ctusb.dir/home/menadue/pico/pico-sdk/src/rp2_common/pico_double/double_v1_rom_shim_rp2040.S.obj
                0x0000000010006ed0                datan2_shim
 .text.__aeabi_lmul
                0x00000000100070e4       0x32 CMakeFiles/psion_recreate_ctusb.dir/home/menadue/pico/pico-sdk/src/rp2_common/pico_int64_ops/pico_int64_ops_aeabi.S.obj
                0x00000000100070e4                __wrap___aeabi_lmul
 *fill*         0x0000000010007116        0x2 
 .text.__wrap___aeabi_cfcmple
                0x0000000010007118       0x50 CMakeFiles/psion_recreate_ctusb.dir/home/menadue/pico/pico-sdk/src/rp2_common/pico_float/float_aeabi_rp2040.S.obj
                0x0000000010007118                __wrap___aeabi_cfrcmple
                0x0000000010007124                __wrap___aeabi_cfcmpeq
                0x0000000010007124                __wrap___aeabi_cfcmple
 .text.__wrap___aeabi_fcmple
                0x0000000010007168       0x10 CMakeFiles/psion_recreate_ctusb.dir/home/menadue/pico/pico-sdk/src/rp2_common/pico_float/float_aeabi_rp2040.S.obj
                0x0000000010007168                __wrap___aeabi_fcmple
 .text.__wrap___aeabi_fcmpun
                0x0000000010007178       0x18 CMakeFiles/psion_recreate_ctusb.dir/home/menadue/pico/pico-sdk/src/rp2_common/pico_float/float_aeabi_rp2040.S.obj
                0x0000000010007178                __wrap___aeabi_fcmpun
 .text.__aeabi_float_init
                0x0000000010007190       0x64 CMakeFiles/psion_recreate_ctusb.dir/home/menadue/pico/pico-sdk/src/rp2_common/pico_float/float_init_rom_rp2040.c.obj
                0x0000000010007190                __aeabi_float_init
 .text.float_table_shim_on_use_helper
                0x00000000100071f4       0x2c CMakeFiles/psion_recreate_ctusb.dir/home/menadue/pico/pico-sdk/src/rp2_common/pico_float/float_v1_rom_shim_rp2040.S.obj
                0x00000000100071f4                float_table_shim_on_use_helper
 .text          0x0000000010007220       0x10 CMakeFiles/psion_recreate_ctusb.dir/home/menadue/pico/pico-sdk/src/rp2_common/pico_mem_ops/mem_ops_aeabi.S.obj
                0x0000000010007220                __aeabi_mem_init
 .text.memset   0x0000000010007230        0xc CMakeFiles/psion_recreate_ctusb.dir/home/menadue/pico/pico-sdk/src/rp2_common/pico_mem_ops/mem_ops_aeabi.S.obj
                0x0000000010007230                __wrap_memset
 .text.memcpy   0x000000001000723c        0xc CMakeFiles/psion_recreate_ctusb.dir/home/menadue/pico/pico-sdk/src/rp2_common/pico_mem_ops/mem_ops_aeabi.S.obj
                0x000000001000723c                __wrap___aeabi_memcpy
                0x000000001000723c                __wrap_memcpy
 .text._out_buffer
                0x0000000010007248        0x8 CMakeFiles/psion_recreate_ctusb.dir/home/menadue/pico/pico-sdk/src/rp2_common/pico_printf/printf.c.obj
 .text._out_null
                0x0000000010007250        0x4 CMakeFiles/psion_recreate_ctusb.dir/home/menadue/pico/pico-sdk/src/rp2_common/pico_printf/printf.c.obj
 .text._out_rev
                0x0000000010007254       0x9c CMakeFiles/psion_recreate_ctusb.dir/home/menadue/pico/pico-sdk/src/rp2_common/pico_printf/printf.c.obj
 .text._ntoa_format
                0x00000000100072f0      0x1cc CMakeFiles/psion_recreate_ctusb.dir/home/menadue/pico/pico-sdk/src/rp2_common/pico_printf/printf.c.obj
 .text._out_char
                0x00000000100074bc       0x10 CMakeFiles/psion_recreate_ctusb.dir/home/menadue/pico/pico-sdk/src/rp2_common/pico_printf/printf.c.obj
 .text._out_fct
                0x00000000100074cc       0x10 CMakeFiles/psion_recreate_ctusb.dir/home/menadue/pico/pico-sdk/src/rp2_common/pico_printf/printf.c.obj
 .text._etoa    0x00000000100074dc      0x44c CMakeFiles/psion_recreate_ctusb.dir/home/menadue/pico/pico-sdk/src/rp2_common/pico_printf/printf.c.obj
 .text._ftoa    0x0000000010007928      0x398 CMakeFiles/psion_recreate_ctusb.dir/home/menadue/pico/pico-sdk/src/rp2_common/pico_printf/printf.c.obj
 .text._vsnprintf
                0x0000000010007cc0      0xb04 CMakeFiles/psion_recreate_ctusb.dir/home/menadue/pico/pico-sdk/src/rp2_common/pico_printf/printf.c.obj
 .text.__wrap_sprintf
                0x00000000100087c4       0x28 CMakeFiles/psion_recreate_ctusb.dir/home/menadue/pico/pico-sdk/src/rp2_common/pico_printf/printf.c.obj
                0x00000000100087c4                __wrap_sprintf
 .text.vfctprintf
                0x00000000100087ec       0x20 CMakeFiles/psion_recreate_ctusb.dir/home/menadue/pico/pico-sdk/src/rp2_common/pico_printf/printf.c.obj
                0x00000000100087ec                vfctprintf
 .text.weak_raw_printf
                0x000000001000880c       0x40 CMakeFiles/psion_recreate_ctusb.dir/home/menadue/pico/pico-sdk/src/rp2_common/pico_printf/printf.c.obj
                0x000000001000880c                weak_raw_printf
 .text.weak_raw_vprintf
                0x000000001000884c       0x30 CMakeFiles/psion_recreate_ctusb.dir/home/menadue/pico/pico-sdk/src/rp2_common/pico_printf/printf.c.obj
                0x000000001000884c                weak_raw_vprintf
 .text._exit    0x000000001000887c        0x4 CMakeFiles/psion_recreate_ctusb.dir/home/menadue/pico/pico-sdk/src/rp2_common/pico_clib_interface/newlib_interface.c.obj
                0x000000001000887c                _exit
 .text._sbrk    0x0000000010008880       0x34 CMakeFiles/psion_recreate_ctusb.dir/home/menadue/pico/pico-sdk/src/rp2_common/pico_clib_interface/newlib_interface.c.obj
                0x0000000010008880                _sbrk
 .text._read    0x00000000100088b4       0x24 CMakeFiles/psion_recreate_ctusb.dir/home/menadue/pico/pico-sdk/src/rp2_common/pico_clib_interface/newlib_interface.c.obj
                0x00000000100088b4                _read
 .text._write   0x00000000100088d8       0x24 CMakeFiles/psion_recreate_ctusb.dir/home/menadue/pico/pico-sdk/src/rp2_common/pico_clib_interface/newlib_interface.c.obj
                0x00000000100088d8                _write
 .text._close   0x00000000100088fc        0x8 CMakeFiles/psion_recreate_ctusb.dir/home/menadue/pico/pico-sdk/src/rp2_common/pico_clib_interface/newlib_interface.c.obj
                0x00000000100088fc                _close
 .text._lseek   0x0000000010008904        0x8 CMakeFiles/psion_recreate_ctusb.dir/home/menadue/pico/pico-sdk/src/rp2_common/pico_clib_interface/newlib_interface.c.obj
                0x0000000010008904                _lseek
 .text.exit     0x000000001000890c        0x8 CMakeFiles/psion_recreate_ctusb.dir/home/menadue/pico/pico-sdk/src/rp2_common/pico_clib_interface/newlib_interface.c.obj
                0x000000001000890c                exit
 .text.__assert_func
                0x0000000010008914       0x34 CMakeFiles/psion_recreate_ctusb.dir/home/menadue/pico/pico-sdk/src/rp2_common/pico_clib_interface/newlib_interface.c.obj
                0x0000000010008914                __assert_func
 .text.runtime_init
                0x0000000010008948       0x2c CMakeFiles/psion_recreate_ctusb.dir/home/menadue/pico/pico-sdk/src/rp2_common/pico_clib_interface/newlib_interface.c.obj
                0x0000000010008948                runtime_init
 .text.stdio_out_chars_no_crlf
                0x0000000010008974       0x10 CMakeFiles/psion_recreate_ctusb.dir/home/menadue/pico/pico-sdk/src/rp2_common/pico_stdio/stdio.c.obj
 .text.stdio_out_chars_crlf
                0x0000000010008984       0xb4 CMakeFiles/psion_recreate_ctusb.dir/home/menadue/pico/pico-sdk/src/rp2_common/pico_stdio/stdio.c.obj
 .text.stdio_buffered_printer
                0x0000000010008a38       0x64 CMakeFiles/psion_recreate_ctusb.dir/home/menadue/pico/pico-sdk/src/rp2_common/pico_stdio/stdio.c.obj
 .text.stdio_put_string
                0x0000000010008a9c      0x100 CMakeFiles/psion_recreate_ctusb.dir/home/menadue/pico/pico-sdk/src/rp2_common/pico_stdio/stdio.c.obj
                0x0000000010008a9c                stdio_put_string
 .text.stdio_get_until
                0x0000000010008b9c       0x84 CMakeFiles/psion_recreate_ctusb.dir/home/menadue/pico/pico-sdk/src/rp2_common/pico_stdio/stdio.c.obj
                0x0000000010008b9c                stdio_get_until
 .text.stdio_set_driver_enabled
                0x0000000010008c20       0x30 CMakeFiles/psion_recreate_ctusb.dir/home/menadue/pico/pico-sdk/src/rp2_common/pico_stdio/stdio.c.obj
                0x0000000010008c20                stdio_set_driver_enabled
 .text.stdio_init_all
                0x0000000010008c50        0x8 CMakeFiles/psion_recreate_ctusb.dir/home/menadue/pico/pico-sdk/src/rp2_common/pico_stdio/stdio.c.obj
                0x0000000010008c50                stdio_init_all
 .text.stdio_getchar_timeout_us
                0x0000000010008c58       0x98 CMakeFiles/psion_recreate_ctusb.dir/home/menadue/pico/pico-sdk/src/rp2_common/pico_stdio/stdio.c.obj
                0x0000000010008c58                stdio_getchar_timeout_us
 .text.__wrap_putchar
                0x0000000010008cf0       0x98 CMakeFiles/psion_recreate_ctusb.dir/home/menadue/pico/pico-sdk/src/rp2_common/pico_stdio/stdio.c.obj
                0x0000000010008cf0                stdio_putchar
                0x0000000010008cf0                __wrap_putchar
 .text.__wrap_puts
                0x0000000010008d88       0x3c CMakeFiles/psion_recreate_ctusb.dir/home/menadue/pico/pico-sdk/src/rp2_common/pico_stdio/stdio.c.obj
                0x0000000010008d88                __wrap_puts
                0x0000000010008d88                stdio_puts
 .text.__wrap_vprintf
                0x0000000010008dc4       0xd8 CMakeFiles/psion_recreate_ctusb.dir/home/menadue/pico/pico-sdk/src/rp2_common/pico_stdio/stdio.c.obj
                0x0000000010008dc4                __wrap_vprintf
                0x0000000010008dc4                stdio_vprintf
 .text.__wrap_printf
                0x0000000010008e9c       0x18 CMakeFiles/psion_recreate_ctusb.dir/home/menadue/pico/pico-sdk/src/rp2_common/pico_stdio/stdio.c.obj
                0x0000000010008e9c                stdio_printf
                0x0000000010008e9c                __wrap_printf
 .text.stdio_usb_set_chars_available_callback
                0x0000000010008eb4        0x4 CMakeFiles/psion_recreate_ctusb.dir/home/menadue/pico/pico-sdk/src/rp2_common/pico_stdio_usb/stdio_usb.c.obj
                0x0000000010008eb4                stdio_usb_set_chars_available_callback
 .text.stdio_usb_in_chars
                0x0000000010008eb8       0x90 CMakeFiles/psion_recreate_ctusb.dir/home/menadue/pico/pico-sdk/src/rp2_common/pico_stdio_usb/stdio_usb.c.obj
                0x0000000010008eb8                stdio_usb_in_chars
 .text.stdio_usb_out_flush
                0x0000000010008f48       0x50 CMakeFiles/psion_recreate_ctusb.dir/home/menadue/pico/pico-sdk/src/rp2_common/pico_stdio_usb/stdio_usb.c.obj
 .text.stdio_usb_out_chars
                0x0000000010008f98      0x100 CMakeFiles/psion_recreate_ctusb.dir/home/menadue/pico/pico-sdk/src/rp2_common/pico_stdio_usb/stdio_usb.c.obj
 .text.stdio_usb_init
                0x0000000010009098       0x44 CMakeFiles/psion_recreate_ctusb.dir/home/menadue/pico/pico-sdk/src/rp2_common/pico_stdio_usb/stdio_usb.c.obj
                0x0000000010009098                stdio_usb_init
 .text.startup._retrieve_unique_id_on_boot
                0x00000000100090dc       0x10 CMakeFiles/psion_recreate_ctusb.dir/home/menadue/pico/pico-sdk/src/rp2_common/pico_unique_id/unique_id.c.obj
 .text.pico_get_unique_board_id
                0x00000000100090ec       0x10 CMakeFiles/psion_recreate_ctusb.dir/home/menadue/pico/pico-sdk/src/rp2_common/pico_unique_id/unique_id.c.obj
                0x00000000100090ec                pico_get_unique_board_id
 .text.flash_get_unique_id
                0x00000000100090fc       0x40 CMakeFiles/psion_recreate_ctusb.dir/home/menadue/pico/pico-sdk/src/rp2_common/hardware_flash/flash.c.obj
                0x00000000100090fc                flash_get_unique_id
 .text.dcd_init
                0x000000001000913c       0x8c CMakeFiles/psion_recreate_ctusb.dir/home/menadue/pico/pico-sdk/lib/tinyusb/src/portable/raspberrypi/rp2040/dcd_rp2040.c.obj
                0x000000001000913c                dcd_init
 .text.dcd_int_enable
                0x00000000100091c8        0xc CMakeFiles/psion_recreate_ctusb.dir/home/menadue/pico/pico-sdk/lib/tinyusb/src/portable/raspberrypi/rp2040/dcd_rp2040.c.obj
                0x00000000100091c8                dcd_int_enable
 .text.dcd_set_address
                0x00000000100091d4       0x14 CMakeFiles/psion_recreate_ctusb.dir/home/menadue/pico/pico-sdk/lib/tinyusb/src/portable/raspberrypi/rp2040/dcd_rp2040.c.obj
                0x00000000100091d4                dcd_set_address
 .text.dcd_sof_enable
                0x00000000100091e8       0x1c CMakeFiles/psion_recreate_ctusb.dir/home/menadue/pico/pico-sdk/lib/tinyusb/src/portable/raspberrypi/rp2040/dcd_rp2040.c.obj
                0x00000000100091e8                dcd_sof_enable
 .text.dcd_edpt0_status_complete
                0x0000000010009204       0x1c CMakeFiles/psion_recreate_ctusb.dir/home/menadue/pico/pico-sdk/lib/tinyusb/src/portable/raspberrypi/rp2040/dcd_rp2040.c.obj
                0x0000000010009204                dcd_edpt0_status_complete
 .text.dcd_edpt_open
                0x0000000010009220      0x108 CMakeFiles/psion_recreate_ctusb.dir/home/menadue/pico/pico-sdk/lib/tinyusb/src/portable/raspberrypi/rp2040/dcd_rp2040.c.obj
                0x0000000010009220                dcd_edpt_open
 .text.dcd_edpt_close_all
                0x0000000010009328        0x8 CMakeFiles/psion_recreate_ctusb.dir/home/menadue/pico/pico-sdk/lib/tinyusb/src/portable/raspberrypi/rp2040/dcd_rp2040.c.obj
                0x0000000010009328                dcd_edpt_close_all
 .text.dcd_edpt_xfer
                0x0000000010009330       0x24 CMakeFiles/psion_recreate_ctusb.dir/home/menadue/pico/pico-sdk/lib/tinyusb/src/portable/raspberrypi/rp2040/dcd_rp2040.c.obj
                0x0000000010009330                dcd_edpt_xfer
 .text.dcd_edpt_stall
                0x0000000010009354       0x38 CMakeFiles/psion_recreate_ctusb.dir/home/menadue/pico/pico-sdk/lib/tinyusb/src/portable/raspberrypi/rp2040/dcd_rp2040.c.obj
                0x0000000010009354                dcd_edpt_stall
 .text.dcd_edpt_clear_stall
                0x000000001000938c       0x30 CMakeFiles/psion_recreate_ctusb.dir/home/menadue/pico/pico-sdk/lib/tinyusb/src/portable/raspberrypi/rp2040/dcd_rp2040.c.obj
                0x000000001000938c                dcd_edpt_clear_stall
 .text.rp2040_usb_init
                0x00000000100093bc       0x40 CMakeFiles/psion_recreate_ctusb.dir/home/menadue/pico/pico-sdk/lib/tinyusb/src/portable/raspberrypi/rp2040/rp2040_usb.c.obj
                0x00000000100093bc                rp2040_usb_init
 .text.hw_endpoint_xfer_start
                0x00000000100093fc       0x50 CMakeFiles/psion_recreate_ctusb.dir/home/menadue/pico/pico-sdk/lib/tinyusb/src/portable/raspberrypi/rp2040/rp2040_usb.c.obj
                0x00000000100093fc                hw_endpoint_xfer_start
 .text.tud_vendor_control_xfer_cb
                0x000000001000944c        0x4 CMakeFiles/psion_recreate_ctusb.dir/home/menadue/pico/pico-sdk/lib/tinyusb/src/device/usbd.c.obj
                0x000000001000944c                tud_vendor_control_xfer_cb
 .text.tud_event_hook_cb
                0x0000000010009450        0x4 CMakeFiles/psion_recreate_ctusb.dir/home/menadue/pico/pico-sdk/lib/tinyusb/src/device/usbd.c.obj
                0x0000000010009450                tud_event_hook_cb
 .text.tud_sof_cb
                0x0000000010009454        0x4 CMakeFiles/psion_recreate_ctusb.dir/home/menadue/pico/pico-sdk/lib/tinyusb/src/device/usbd.c.obj
                0x0000000010009454                tud_sof_cb
 .text.tud_descriptor_bos_cb
                0x0000000010009458        0x4 CMakeFiles/psion_recreate_ctusb.dir/home/menadue/pico/pico-sdk/lib/tinyusb/src/device/usbd.c.obj
                0x0000000010009458                tud_descriptor_bos_cb
 .text.tud_descriptor_device_qualifier_cb
                0x000000001000945c        0x4 CMakeFiles/psion_recreate_ctusb.dir/home/menadue/pico/pico-sdk/lib/tinyusb/src/device/usbd.c.obj
                0x000000001000945c                tud_descriptor_device_qualifier_cb
 .text.tud_descriptor_other_speed_configuration_cb
                0x0000000010009460        0x4 CMakeFiles/psion_recreate_ctusb.dir/home/menadue/pico/pico-sdk/lib/tinyusb/src/device/usbd.c.obj
                0x0000000010009460                tud_descriptor_other_speed_configuration_cb
 .text.tud_mount_cb
                0x0000000010009464        0x4 CMakeFiles/psion_recreate_ctusb.dir/home/menadue/pico/pico-sdk/lib/tinyusb/src/device/usbd.c.obj
                0x0000000010009464                tud_mount_cb
 .text.tud_umount_cb
                0x0000000010009468        0x4 CMakeFiles/psion_recreate_ctusb.dir/home/menadue/pico/pico-sdk/lib/tinyusb/src/device/usbd.c.obj
                0x0000000010009468                tud_umount_cb
 .text.tud_suspend_cb
                0x000000001000946c        0x4 CMakeFiles/psion_recreate_ctusb.dir/home/menadue/pico/pico-sdk/lib/tinyusb/src/device/usbd.c.obj
                0x000000001000946c                tud_suspend_cb
 .text.tud_resume_cb
                0x0000000010009470        0x4 CMakeFiles/psion_recreate_ctusb.dir/home/menadue/pico/pico-sdk/lib/tinyusb/src/device/usbd.c.obj
                0x0000000010009470                tud_resume_cb
 .text.tud_mounted
                0x0000000010009474       0x10 CMakeFiles/psion_recreate_ctusb.dir/home/menadue/pico/pico-sdk/lib/tinyusb/src/device/usbd.c.obj
                0x0000000010009474                tud_mounted
 .text.tud_suspended
                0x0000000010009484       0x10 CMakeFiles/psion_recreate_ctusb.dir/home/menadue/pico/pico-sdk/lib/tinyusb/src/device/usbd.c.obj
                0x0000000010009484                tud_suspended
 .text.tud_init
                0x0000000010009494       0xe4 CMakeFiles/psion_recreate_ctusb.dir/home/menadue/pico/pico-sdk/lib/tinyusb/src/device/usbd.c.obj
                0x0000000010009494                tud_init
 .text.tud_task_ext
                0x0000000010009578      0x800 CMakeFiles/psion_recreate_ctusb.dir/home/menadue/pico/pico-sdk/lib/tinyusb/src/device/usbd.c.obj
                0x0000000010009578                tud_task_ext
 .text.usbd_open_edpt_pair
                0x0000000010009d78       0x9c CMakeFiles/psion_recreate_ctusb.dir/home/menadue/pico/pico-sdk/lib/tinyusb/src/device/usbd.c.obj
                0x0000000010009d78                usbd_open_edpt_pair
 .text.usbd_edpt_open
                0x0000000010009e14       0x34 CMakeFiles/psion_recreate_ctusb.dir/home/menadue/pico/pico-sdk/lib/tinyusb/src/device/usbd.c.obj
                0x0000000010009e14                usbd_edpt_open
 .text.usbd_edpt_claim
                0x0000000010009e48       0x28 CMakeFiles/psion_recreate_ctusb.dir/home/menadue/pico/pico-sdk/lib/tinyusb/src/device/usbd.c.obj
                0x0000000010009e48                usbd_edpt_claim
 .text.usbd_edpt_release
                0x0000000010009e70       0x28 CMakeFiles/psion_recreate_ctusb.dir/home/menadue/pico/pico-sdk/lib/tinyusb/src/device/usbd.c.obj
                0x0000000010009e70                usbd_edpt_release
 .text.usbd_edpt_xfer
                0x0000000010009e98       0x4c CMakeFiles/psion_recreate_ctusb.dir/home/menadue/pico/pico-sdk/lib/tinyusb/src/device/usbd.c.obj
                0x0000000010009e98                usbd_edpt_xfer
 .text.usbd_edpt_busy
                0x0000000010009ee4       0x1c CMakeFiles/psion_recreate_ctusb.dir/home/menadue/pico/pico-sdk/lib/tinyusb/src/device/usbd.c.obj
                0x0000000010009ee4                usbd_edpt_busy
 .text.usbd_edpt_stall
                0x0000000010009f00       0x38 CMakeFiles/psion_recreate_ctusb.dir/home/menadue/pico/pico-sdk/lib/tinyusb/src/device/usbd.c.obj
                0x0000000010009f00                usbd_edpt_stall
 .text.usbd_edpt_stalled
                0x0000000010009f38       0x1c CMakeFiles/psion_recreate_ctusb.dir/home/menadue/pico/pico-sdk/lib/tinyusb/src/device/usbd.c.obj
                0x0000000010009f38                usbd_edpt_stalled
 .text.tud_control_status
                0x0000000010009f54       0x30 CMakeFiles/psion_recreate_ctusb.dir/home/menadue/pico/pico-sdk/lib/tinyusb/src/device/usbd_control.c.obj
                0x0000000010009f54                tud_control_status
 .text.tud_control_xfer
                0x0000000010009f84       0xbc CMakeFiles/psion_recreate_ctusb.dir/home/menadue/pico/pico-sdk/lib/tinyusb/src/device/usbd_control.c.obj
                0x0000000010009f84                tud_control_xfer
 .text.usbd_control_reset
                0x000000001000a040       0x14 CMakeFiles/psion_recreate_ctusb.dir/home/menadue/pico/pico-sdk/lib/tinyusb/src/device/usbd_control.c.obj
                0x000000001000a040                usbd_control_reset
 .text.usbd_control_set_complete_callback
                0x000000001000a054        0xc CMakeFiles/psion_recreate_ctusb.dir/home/menadue/pico/pico-sdk/lib/tinyusb/src/device/usbd_control.c.obj
                0x000000001000a054                usbd_control_set_complete_callback
 .text.usbd_control_set_request
                0x000000001000a060       0x1c CMakeFiles/psion_recreate_ctusb.dir/home/menadue/pico/pico-sdk/lib/tinyusb/src/device/usbd_control.c.obj
                0x000000001000a060                usbd_control_set_request
 .text.usbd_control_xfer_cb
                0x000000001000a07c       0xf0 CMakeFiles/psion_recreate_ctusb.dir/home/menadue/pico/pico-sdk/lib/tinyusb/src/device/usbd_control.c.obj
                0x000000001000a07c                usbd_control_xfer_cb
 .text._prep_out_transaction.isra.0
                0x000000001000a16c       0x60 CMakeFiles/psion_recreate_ctusb.dir/home/menadue/pico/pico-sdk/lib/tinyusb/src/class/cdc/cdc_device.c.obj
 .text.tud_cdc_n_connected
                0x000000001000a1cc       0x34 CMakeFiles/psion_recreate_ctusb.dir/home/menadue/pico/pico-sdk/lib/tinyusb/src/class/cdc/cdc_device.c.obj
                0x000000001000a1cc                tud_cdc_n_connected
 .text.tud_cdc_n_available
                0x000000001000a200       0x20 CMakeFiles/psion_recreate_ctusb.dir/home/menadue/pico/pico-sdk/lib/tinyusb/src/class/cdc/cdc_device.c.obj
                0x000000001000a200                tud_cdc_n_available
 .text.tud_cdc_n_read
                0x000000001000a220       0xa8 CMakeFiles/psion_recreate_ctusb.dir/home/menadue/pico/pico-sdk/lib/tinyusb/src/class/cdc/cdc_device.c.obj
                0x000000001000a220                tud_cdc_n_read
 .text.tud_cdc_n_write_flush
                0x000000001000a2c8       0x7c CMakeFiles/psion_recreate_ctusb.dir/home/menadue/pico/pico-sdk/lib/tinyusb/src/class/cdc/cdc_device.c.obj
                0x000000001000a2c8                tud_cdc_n_write_flush
 .text.tud_cdc_n_write
                0x000000001000a344       0x48 CMakeFiles/psion_recreate_ctusb.dir/home/menadue/pico/pico-sdk/lib/tinyusb/src/class/cdc/cdc_device.c.obj
                0x000000001000a344                tud_cdc_n_write
 .text.tud_cdc_n_write_available
                0x000000001000a38c       0x20 CMakeFiles/psion_recreate_ctusb.dir/home/menadue/pico/pico-sdk/lib/tinyusb/src/class/cdc/cdc_device.c.obj
                0x000000001000a38c                tud_cdc_n_write_available
 .text.cdcd_init
                0x000000001000a3ac       0xac CMakeFiles/psion_recreate_ctusb.dir/home/menadue/pico/pico-sdk/lib/tinyusb/src/class/cdc/cdc_device.c.obj
                0x000000001000a3ac                cdcd_init
 .text.cdcd_deinit
                0x000000001000a458       0xb4 CMakeFiles/psion_recreate_ctusb.dir/home/menadue/pico/pico-sdk/lib/tinyusb/src/class/cdc/cdc_device.c.obj
                0x000000001000a458                cdcd_deinit
 .text.cdcd_reset
                0x000000001000a50c       0x64 CMakeFiles/psion_recreate_ctusb.dir/home/menadue/pico/pico-sdk/lib/tinyusb/src/class/cdc/cdc_device.c.obj
                0x000000001000a50c                cdcd_reset
 .text.cdcd_open
                0x000000001000a570      0x120 CMakeFiles/psion_recreate_ctusb.dir/home/menadue/pico/pico-sdk/lib/tinyusb/src/class/cdc/cdc_device.c.obj
                0x000000001000a570                cdcd_open
 .text.cdcd_control_xfer_cb
                0x000000001000a690      0x12c CMakeFiles/psion_recreate_ctusb.dir/home/menadue/pico/pico-sdk/lib/tinyusb/src/class/cdc/cdc_device.c.obj
                0x000000001000a690                cdcd_control_xfer_cb
 .text.cdcd_xfer_cb
                0x000000001000a7bc      0x1f0 CMakeFiles/psion_recreate_ctusb.dir/home/menadue/pico/pico-sdk/lib/tinyusb/src/class/cdc/cdc_device.c.obj
                0x000000001000a7bc                cdcd_xfer_cb
 .text.proc_read10_cmd.constprop.0
                0x000000001000a9ac       0xf0 CMakeFiles/psion_recreate_ctusb.dir/home/menadue/pico/pico-sdk/lib/tinyusb/src/class/msc/msc_device.c.obj
 .text.proc_write10_cmd.constprop.0
                0x000000001000aa9c       0x8c CMakeFiles/psion_recreate_ctusb.dir/home/menadue/pico/pico-sdk/lib/tinyusb/src/class/msc/msc_device.c.obj
 .text.tud_msc_set_sense
                0x000000001000ab28       0x18 CMakeFiles/psion_recreate_ctusb.dir/home/menadue/pico/pico-sdk/lib/tinyusb/src/class/msc/msc_device.c.obj
                0x000000001000ab28                tud_msc_set_sense
 .text.mscd_init
                0x000000001000ab40       0x14 CMakeFiles/psion_recreate_ctusb.dir/home/menadue/pico/pico-sdk/lib/tinyusb/src/class/msc/msc_device.c.obj
                0x000000001000ab40                mscd_init
 .text.mscd_reset
                0x000000001000ab54       0x14 CMakeFiles/psion_recreate_ctusb.dir/home/menadue/pico/pico-sdk/lib/tinyusb/src/class/msc/msc_device.c.obj
                0x000000001000ab54                mscd_reset
 .text.mscd_open
                0x000000001000ab68       0x64 CMakeFiles/psion_recreate_ctusb.dir/home/menadue/pico/pico-sdk/lib/tinyusb/src/class/msc/msc_device.c.obj
                0x000000001000ab68                mscd_open
 .text.mscd_control_xfer_cb
                0x000000001000abcc      0x13c CMakeFiles/psion_recreate_ctusb.dir/home/menadue/pico/pico-sdk/lib/tinyusb/src/class/msc/msc_device.c.obj
                0x000000001000abcc                mscd_control_xfer_cb
 .text.mscd_xfer_cb
                0x000000001000ad08      0x75c CMakeFiles/psion_recreate_ctusb.dir/home/menadue/pico/pico-sdk/lib/tinyusb/src/class/msc/msc_device.c.obj
                0x000000001000ad08                mscd_xfer_cb
 .text.tusb_init
                0x000000001000b464        0xc CMakeFiles/psion_recreate_ctusb.dir/home/menadue/pico/pico-sdk/lib/tinyusb/src/tusb.c.obj
                0x000000001000b464                tusb_init
 .text.tu_edpt_claim
                0x000000001000b470       0x50 CMakeFiles/psion_recreate_ctusb.dir/home/menadue/pico/pico-sdk/lib/tinyusb/src/tusb.c.obj
                0x000000001000b470                tu_edpt_claim
 .text.tu_edpt_release
                0x000000001000b4c0       0x38 CMakeFiles/psion_recreate_ctusb.dir/home/menadue/pico/pico-sdk/lib/tinyusb/src/tusb.c.obj
                0x000000001000b4c0                tu_edpt_release
 .text.tu_edpt_validate
                0x000000001000b4f8       0x78 CMakeFiles/psion_recreate_ctusb.dir/home/menadue/pico/pico-sdk/lib/tinyusb/src/tusb.c.obj
                0x000000001000b4f8                tu_edpt_validate
 .text.tu_edpt_bind_driver
                0x000000001000b570       0x34 CMakeFiles/psion_recreate_ctusb.dir/home/menadue/pico/pico-sdk/lib/tinyusb/src/tusb.c.obj
                0x000000001000b570                tu_edpt_bind_driver
 .text.tu_fifo_config
                0x000000001000b5a4       0x70 CMakeFiles/psion_recreate_ctusb.dir/home/menadue/pico/pico-sdk/lib/tinyusb/src/common/tusb_fifo.c.obj
                0x000000001000b5a4                tu_fifo_config
 .text.tu_fifo_count
                0x000000001000b614       0x2c CMakeFiles/psion_recreate_ctusb.dir/home/menadue/pico/pico-sdk/lib/tinyusb/src/common/tusb_fifo.c.obj
                0x000000001000b614                tu_fifo_count
 .text.tu_fifo_empty
                0x000000001000b640       0x10 CMakeFiles/psion_recreate_ctusb.dir/home/menadue/pico/pico-sdk/lib/tinyusb/src/common/tusb_fifo.c.obj
                0x000000001000b640                tu_fifo_empty
 .text.tu_fifo_remaining
                0x000000001000b650       0x2c CMakeFiles/psion_recreate_ctusb.dir/home/menadue/pico/pico-sdk/lib/tinyusb/src/common/tusb_fifo.c.obj
                0x000000001000b650                tu_fifo_remaining
 .text.tu_fifo_read
                0x000000001000b67c       0xa0 CMakeFiles/psion_recreate_ctusb.dir/home/menadue/pico/pico-sdk/lib/tinyusb/src/common/tusb_fifo.c.obj
                0x000000001000b67c                tu_fifo_read
 .text.tu_fifo_read_n
                0x000000001000b71c       0xec CMakeFiles/psion_recreate_ctusb.dir/home/menadue/pico/pico-sdk/lib/tinyusb/src/common/tusb_fifo.c.obj
                0x000000001000b71c                tu_fifo_read_n
 .text.tu_fifo_write
                0x000000001000b808       0x88 CMakeFiles/psion_recreate_ctusb.dir/home/menadue/pico/pico-sdk/lib/tinyusb/src/common/tusb_fifo.c.obj
                0x000000001000b808                tu_fifo_write
 .text.tu_fifo_write_n
                0x000000001000b890      0x168 CMakeFiles/psion_recreate_ctusb.dir/home/menadue/pico/pico-sdk/lib/tinyusb/src/common/tusb_fifo.c.obj
                0x000000001000b890                tu_fifo_write_n
 .text.tu_fifo_clear
                0x000000001000b9f8       0x40 CMakeFiles/psion_recreate_ctusb.dir/home/menadue/pico/pico-sdk/lib/tinyusb/src/common/tusb_fifo.c.obj
                0x000000001000b9f8                tu_fifo_clear
 .text.tu_fifo_set_overwritable
                0x000000001000ba38       0x48 CMakeFiles/psion_recreate_ctusb.dir/home/menadue/pico/pico-sdk/lib/tinyusb/src/common/tusb_fifo.c.obj
                0x000000001000ba38                tu_fifo_set_overwritable
 .text.core1_trampoline
                0x000000001000ba80        0x4 CMakeFiles/psion_recreate_ctusb.dir/home/menadue/pico/pico-sdk/src/rp2_common/pico_multicore/multicore.c.obj
 .text.core1_wrapper
                0x000000001000ba84        0xc CMakeFiles/psion_recreate_ctusb.dir/home/menadue/pico/pico-sdk/src/rp2_common/pico_multicore/multicore.c.obj
                0x000000001000ba84                core1_wrapper
 .text.multicore_launch_core1_raw
                0x000000001000ba90       0x84 CMakeFiles/psion_recreate_ctusb.dir/home/menadue/pico/pico-sdk/src/rp2_common/pico_multicore/multicore.c.obj
                0x000000001000ba90                multicore_launch_core1_raw
 .text.multicore_launch_core1
                0x000000001000bb14       0x4c CMakeFiles/psion_recreate_ctusb.dir/home/menadue/pico/pico-sdk/src/rp2_common/pico_multicore/multicore.c.obj
                0x000000001000bb14                multicore_launch_core1
 .text.multicore_lockout_victim_is_initialized
                0x000000001000bb60        0xc CMakeFiles/psion_recreate_ctusb.dir/home/menadue/pico/pico-sdk/src/rp2_common/pico_multicore/multicore.c.obj